Component: ARM Compiler 5.06 update 6 (build 750) Tool: armlink [4d35ed]

==============================================================================

Section Cross References

    startup_stm32f103xb.o(RESET) refers to startup_stm32f103xb.o(STACK) for __initial_sp
    startup_stm32f103xb.o(RESET) refers to startup_stm32f103xb.o(.text) for Reset_Handler
    startup_stm32f103xb.o(RESET) refers to stm32f1xx_it.o(i.NMI_Handler) for NMI_Handler
    startup_stm32f103xb.o(RESET) refers to stm32f1xx_it.o(i.HardFault_Handler) for HardFault_Handler
    startup_stm32f103xb.o(RESET) refers to stm32f1xx_it.o(i.MemManage_Handler) for MemManage_Handler
    startup_stm32f103xb.o(RESET) refers to stm32f1xx_it.o(i.BusFault_Handler) for BusFault_Handler
    startup_stm32f103xb.o(RESET) refers to stm32f1xx_it.o(i.UsageFault_Handler) for UsageFault_Handler
    startup_stm32f103xb.o(RESET) refers to stm32f1xx_it.o(i.SVC_Handler) for SVC_Handler
    startup_stm32f103xb.o(RESET) refers to stm32f1xx_it.o(i.DebugMon_Handler) for DebugMon_Handler
    startup_stm32f103xb.o(RESET) refers to stm32f1xx_it.o(i.PendSV_Handler) for PendSV_Handler
    startup_stm32f103xb.o(RESET) refers to stm32f1xx_it.o(i.SysTick_Handler) for SysTick_Handler
    startup_stm32f103xb.o(RESET) refers to stm32f1xx_it.o(i.DMA1_Channel1_IRQHandler) for DMA1_Channel1_IRQHandler
    startup_stm32f103xb.o(RESET) refers to stm32f1xx_it.o(i.DMA1_Channel4_IRQHandler) for DMA1_Channel4_IRQHandler
    startup_stm32f103xb.o(RESET) refers to stm32f1xx_it.o(i.DMA1_Channel5_IRQHandler) for DMA1_Channel5_IRQHandler
    startup_stm32f103xb.o(RESET) refers to stm32f1xx_it.o(i.DMA1_Channel6_IRQHandler) for DMA1_Channel6_IRQHandler
    startup_stm32f103xb.o(RESET) refers to stm32f1xx_it.o(i.DMA1_Channel7_IRQHandler) for DMA1_Channel7_IRQHandler
    startup_stm32f103xb.o(RESET) refers to stm32f1xx_it.o(i.USART1_IRQHandler) for USART1_IRQHandler
    startup_stm32f103xb.o(RESET) refers to stm32f1xx_it.o(i.USART2_IRQHandler) for USART2_IRQHandler
    startup_stm32f103xb.o(.text) refers to system_stm32f1xx.o(i.SystemInit) for SystemInit
    startup_stm32f103xb.o(.text) refers to entry.o(.ARM.Collect$$$$00000000) for __main
    stm_my_lcd16x2.o(i.LCD1602_1stLine) refers to stm_my_lcd16x2.o(i.LCD1602_setCursor) for LCD1602_setCursor
    stm_my_lcd16x2.o(i.LCD1602_2ndLine) refers to stm_my_lcd16x2.o(i.LCD1602_setCursor) for LCD1602_setCursor
    stm_my_lcd16x2.o(i.LCD1602_Begin4BIT) refers to stm32f1xx_hal.o(i.HAL_Delay) for HAL_Delay
    stm_my_lcd16x2.o(i.LCD1602_Begin4BIT) refers to stm_my_lcd16x2.o(i.LCD1602_write4bitCommand) for LCD1602_write4bitCommand
    stm_my_lcd16x2.o(i.LCD1602_Begin4BIT) refers to stm_my_lcd16x2.o(i.LCD1602_writeCommand) for LCD1602_writeCommand
    stm_my_lcd16x2.o(i.LCD1602_Begin4BIT) refers to stm_my_lcd16x2.o(.data) for PORT_RS_and_E
    stm_my_lcd16x2.o(i.LCD1602_Begin8BIT) refers to stm_my_lcd16x2.o(i.LCD1602_TIM_Config) for LCD1602_TIM_Config
    stm_my_lcd16x2.o(i.LCD1602_Begin8BIT) refers to stm32f1xx_hal.o(i.HAL_Delay) for HAL_Delay
    stm_my_lcd16x2.o(i.LCD1602_Begin8BIT) refers to stm_my_lcd16x2.o(i.LCD1602_writeCommand) for LCD1602_writeCommand
    stm_my_lcd16x2.o(i.LCD1602_Begin8BIT) refers to stm_my_lcd16x2.o(.data) for PORT_RS_and_E
    stm_my_lcd16x2.o(i.LCD1602_EnablePulse) refers to stm32f1xx_hal_gpio.o(i.HAL_GPIO_WritePin) for HAL_GPIO_WritePin
    stm_my_lcd16x2.o(i.LCD1602_EnablePulse) refers to stm_my_lcd16x2.o(i.LCD1602_TIM_MicorSecDelay) for LCD1602_TIM_MicorSecDelay
    stm_my_lcd16x2.o(i.LCD1602_EnablePulse) refers to stm_my_lcd16x2.o(.data) for PIN_E
    stm_my_lcd16x2.o(i.LCD1602_OneLine) refers to stm_my_lcd16x2.o(i.LCD1602_writeCommand) for LCD1602_writeCommand
    stm_my_lcd16x2.o(i.LCD1602_OneLine) refers to stm_my_lcd16x2.o(.data) for FunctionSet
    stm_my_lcd16x2.o(i.LCD1602_PrintFloat) refers to f2d.o(.text) for __aeabi_f2d
    stm_my_lcd16x2.o(i.LCD1602_PrintFloat) refers to printfa.o(i.__0sprintf) for __2sprintf
    stm_my_lcd16x2.o(i.LCD1602_PrintFloat) refers to stm_my_lcd16x2.o(i.LCD1602_print) for LCD1602_print
    stm_my_lcd16x2.o(i.LCD1602_PrintInt) refers to printfa.o(i.__0sprintf) for __2sprintf
    stm_my_lcd16x2.o(i.LCD1602_PrintInt) refers to stm_my_lcd16x2.o(i.LCD1602_print) for LCD1602_print
    stm_my_lcd16x2.o(i.LCD1602_RS) refers to stm32f1xx_hal_gpio.o(i.HAL_GPIO_WritePin) for HAL_GPIO_WritePin
    stm_my_lcd16x2.o(i.LCD1602_RS) refers to stm_my_lcd16x2.o(.data) for PIN_RS
    stm_my_lcd16x2.o(i.LCD1602_TIM_Config) refers to stm32f1xx_hal_rcc.o(i.HAL_RCC_GetClockConfig) for HAL_RCC_GetClockConfig
    stm_my_lcd16x2.o(i.LCD1602_TIM_Config) refers to stm32f1xx_hal_rcc.o(i.HAL_RCC_GetPCLK1Freq) for HAL_RCC_GetPCLK1Freq
    stm_my_lcd16x2.o(i.LCD1602_TIM_Config) refers to dfltui.o(.text) for __aeabi_ui2d
    stm_my_lcd16x2.o(i.LCD1602_TIM_Config) refers to dmul.o(.text) for __aeabi_dmul
    stm_my_lcd16x2.o(i.LCD1602_TIM_Config) refers to dfixui.o(.text) for __aeabi_d2uiz
[...]
    i.LCD1602_EnablePulse                    0x08002d48   Section        0  stm_my_lcd16x2.o(i.LCD1602_EnablePulse)
    LCD1602_EnablePulse                      0x08002d49   Thumb Code    44  stm_my_lcd16x2.o(i.LCD1602_EnablePulse)
    i.LCD1602_RS                             0x08002d7c   Section        0  stm_my_lcd16x2.o(i.LCD1602_RS)
    LCD1602_RS                               0x08002d7d   Thumb Code    38  stm_my_lcd16x2.o(i.LCD1602_RS)
    i.LCD1602_TIM_MicorSecDelay              0x08002dac   Section        0  stm_my_lcd16x2.o(i.LCD1602_TIM_MicorSecDelay)
    LCD1602_TIM_MicorSecDelay                0x08002dad   Thumb Code    34  stm_my_lcd16x2.o(i.LCD1602_TIM_MicorSecDelay)
    i.LCD1602_clear                          0x08002dce   Section        0  stm_my_lcd16x2.o(i.LCD1602_clear)
    i.LCD1602_noBlink                        0x08002de0   Section        0  stm_my_lcd16x2.o(i.LCD1602_noBlink)
    i.LCD1602_print                          0x08002dfc   Section        0  stm_my_lcd16x2.o(i.LCD1602_print)
    i.LCD1602_setCursor                      0x08002e1a   Section        0  stm_my_lcd16x2.o(i.LCD1602_setCursor)
    i.LCD1602_write                          0x08002e44   Section        0  stm_my_lcd16x2.o(i.LCD1602_write)
    LCD1602_write                            0x08002e45   Thumb Code   298  stm_my_lcd16x2.o(i.LCD1602_write)
    i.LCD1602_write4bitCommand               0x08002f9c   Section        0  stm_my_lcd16x2.o(i.LCD1602_write4bitCommand)
    LCD1602_write4bitCommand                 0x08002f9d   Thumb Code    84  stm_my_lcd16x2.o(i.LCD1602_write4bitCommand)
    i.LCD1602_writeCommand                   0x08003004   Section        0  stm_my_lcd16x2.o(i.LCD1602_writeCommand)
    LCD1602_writeCommand                     0x08003005   Thumb Code    18  stm_my_lcd16x2.o(i.LCD1602_writeCommand)
    i.LCD1602_writeData                      0x08003016   Section        0  stm_my_lcd16x2.o(i.LCD1602_writeData)
    LCD1602_writeData                        0x08003017   Thumb Code    18  stm_my_lcd16x2.o(i.LCD1602_writeData)
    i.LcdHandler                             0x08003028   Section        0  main.o(i.LcdHandler)
    i.LoraReceiveDMA                         0x08003078   Section        0  my_uart.o(i.LoraReceiveDMA)
    i.LoraReceiveIT                          0x08003090   Section        0  my_uart.o(i.LoraReceiveIT)
    i.MX_ADC1_Init                           0x08003094   Section        0  main.o(i.MX_ADC1_Init)
    i.MX_DMA_Init                            0x080030f4   Section        0  main.o(i.MX_DMA_Init)
    i.MX_GPIO_Init                           0x08003168   Section        0  main.o(i.MX_GPIO_Init)
    MX_GPIO_Init                             0x08003169   Thumb Code   188  main.o(i.MX_GPIO_Init)
    i.MX_USART1_UART_Init                    0x08003230   Section        0  main.o(i.MX_USART1_UART_Init)
    i.MX_USART2_UART_Init                    0x08003268   Section        0  main.o(i.MX_USART2_UART_Init)
    i.MemManage_Handler                      0x080032b0   Section        0  stm32f1xx_it.o(i.MemManage_Handler)
    i.NMI_Handler                            0x080032b4   Section        0  stm32f1xx_it.o(i.NMI_Handler)
    i.NVIC_GetPriorityGrouping               0x080032b8   Section        0  stm32f1xx_hal_cortex.o(i.NVIC_GetPriorityGrouping)
    NVIC_GetPriorityGrouping                 0x080032b9   Thumb Code    10  stm32f1xx_hal_cortex.o(i.NVIC_GetPriorityGrouping)
    i.NVIC_SetPriority                       0x080032c8   Section        0  stm32f1xx_hal_cortex.o(i.NVIC_SetPriority)
    NVIC_SetPriority                         0x080032c9   Thumb Code    32  stm32f1xx_hal_cortex.o(i.NVIC_SetPriority)
    i.PendSV_Handler                         0x080032f0   Section        0  stm32f1xx_it.o(i.PendSV_Handler)
    i.RCC_Delay                              0x080032f4   Section        0  stm32f1xx_hal_rcc.o(i.RCC_Delay)
    RCC_Delay                                0x080032f5   Thumb Code    36  stm32f1xx_hal_rcc.o(i.RCC_Delay)
    i.SIMReceiveIT                           0x0800331c   Section        0  my_uart.o(i.SIMReceiveIT)
    i.SVC_Handler                            0x08003334   Section        0  stm32f1xx_it.o(i.SVC_Handler)
    i.Set_Pin_Input                          0x08003338   Section        0  hlds18b20.o(i.Set_Pin_Input)
    i.Set_Pin_Output                         0x08003364   Section        0  hlds18b20.o(i.Set_Pin_Output)
    i.SysTick_Handler                        0x08003390   Section        0  stm32f1xx_it.o(i.SysTick_Handler)
    i.SystemClock_Config                     0x08003398   Section        0  main.o(i.SystemClock_Config)
    i.SystemInit                             0x08003420   Section        0  system_stm32f1xx.o(i.SystemInit)
    i.UART_DMAAbortOnError                   0x08003478   Section        0  stm32f1xx_hal_uart.o(i.UART_DMAAbortOnError)
    UART_DMAAbortOnError                     0x08003479   Thumb Code    20  stm32f1xx_hal_uart.o(i.UART_DMAAbortOnError)
    i.UART_DMAError                          0x0800348c   Section        0  stm32f1xx_hal_uart.o(i.UART_DMAError)
    UART_DMAError                            0x0800348d   Thumb Code    80  stm32f1xx_hal_uart.o(i.UART_DMAError)
    i.UART_DMAReceiveCplt                    0x080034dc   Section        0  stm32f1xx_hal_uart.o(i.UART_DMAReceiveCplt)
    UART_DMAReceiveCplt                      0x080034dd   Thumb Code    70  stm32f1xx_hal_uart.o(i.UART_DMAReceiveCplt)
    i.UART_DMARxHalfCplt                     0x08003522   Section        0  stm32f1xx_hal_uart.o(i.UART_DMARxHalfCplt)
    UART_DMARxHalfCplt                       0x08003523   Thumb Code    14  stm32f1xx_hal_uart.o(i.UART_DMARxHalfCplt)
    i.UART_DMATransmitCplt                   0x08003530   Section        0  stm32f1xx_hal_uart.o(i.UART_DMATransmitCplt)
    UART_DMATransmitCplt                     0x08003531   Thumb Code    54  stm32f1xx_hal_uart.o(i.UART_DMATransmitCplt)
    i.UART_DMATxHalfCplt                     0x08003566   Section        0  stm32f1xx_hal_uart.o(i.UART_DMATxHalfCplt)
    UART_DMATxHalfCplt                       0x08003567   Thumb Code    14  stm32f1xx_hal_uart.o(i.UART_DMATxHalfCplt)
    i.UART_EndRxTransfer                     0x08003574   Section        0  stm32f1xx_hal_uart.o(i.UART_EndRxTransfer)
    UART_EndRxTransfer                       0x08003575   Thumb Code    32  stm32f1xx_hal_uart.o(i.UART_EndRxTransfer)
    i.UART_EndTransmit_IT                    0x08003594   Section        0  stm32f1xx_hal_uart.o(i.UART_EndTransmit_IT)
    UART_EndTransmit_IT                      0x08003595   Thumb Code    32  stm32f1xx_hal_uart.o(i.UART_EndTransmit_IT)
    i.UART_EndTxTransfer                     0x080035b4   Section        0  stm32f1xx_hal_uart.o(i.UART_EndTxTransfer)
    UART_EndTxTransfer                       0x080035b5   Thumb Code    20  stm32f1xx_hal_uart.o(i.UART_EndTxTransfer)
    i.UART_Receive_IT                        0x080035c8   Section        0  stm32f1xx_hal_uart.o(i.UART_Receive_IT)
    UART_Receive_IT                          0x080035c9   Thumb Code   166  stm32f1xx_hal_uart.o(i.UART_Receive_IT)
    i.UART_SetConfig                         0x08003670   Section        0  stm32f1xx_hal_uart.o(i.UART_SetConfig)
    UART_SetConfig                           0x08003671   Thumb Code   450  stm32f1xx_hal_uart.o(i.UART_SetConfig)
    i.UART_Transmit_IT                       0x08003838   Section        0  stm32f1xx_hal_uart.o(i.UART_Transmit_IT)
    UART_Transmit_IT                         0x08003839   Thumb Code   104  stm32f1xx_hal_uart.o(i.UART_Transmit_IT)
    i.USART1_IRQHandler                      0x080038a0   Section        0  stm32f1xx_it.o(i.USART1_IRQHandler)
    i.USART2_IRQHandler                      0x080038b4   Section        0  stm32f1xx_it.o(i.USART2_IRQHandler)
    i.UsageFault_Handler                     0x080038c8   Section        0  stm32f1xx_it.o(i.UsageFault_Handler)
    i.__0sprintf                             0x080038cc   Section        0  printfa.o(i.__0sprintf)
    i.__aeabi_errno_addr                     0x080038f4   Section        0  errno.o(i.__aeabi_errno_addr)
    i.__scatterload_copy                     0x080038fc   Section       14  handlers.o(i.__scatterload_copy)
    i.__scatterload_null                     0x0800390a   Section        2  handlers.o(i.__scatterload_null)
    i.__scatterload_zeroinit                 0x0800390c   Section       14  handlers.o(i.__scatterload_zeroinit)
    i._fp_digits                             0x0800391c   Section        0  printfa.o(i._fp_digits)
    _fp_digits                               0x0800391d   Thumb Code   366  printfa.o(i._fp_digits)
    i._printf_core                           0x08003aa0   Section        0  printfa.o(i._printf_core)
    _printf_core                             0x08003aa1   Thumb Code  1744  printfa.o(i._printf_core)
    i._printf_post_padding                   0x0800417c   Section        0  printfa.o(i._printf_post_padding)
    _printf_post_padding                     0x0800417d   Thumb Code    36  printfa.o(i._printf_post_padding)
    i._printf_pre_padding                    0x080041a0   Section        0  printfa.o(i._printf_pre_padding)
    _printf_pre_padding                      0x080041a1   Thumb Code    46  printfa.o(i._printf_pre_padding)
    i._sputc                                 0x080041ce   Section        0  printfa.o(i._sputc)
    _sputc                                   0x080041cf   Thumb Code    10  printfa.o(i._sputc)
    i.hlp_convert                            0x080041d8   Section        0  hl_printf.o(i.hlp_convert)
    i.hlp_putchar                            0x08004208   Section        0  hl_printf.o(i.hlp_putchar)
    i.hlp_puts                               0x08004216   Section        0  hl_printf.o(i.hlp_puts)
    i.hm_average                             0x08004240   Section        0  humidity.o(i.hm_average)
    i.hm_log_shif                            0x08004264   Section        0  humidity.o(i.hm_log_shif)
    i.humidity_measure_process               0x08004298   Section        0  humidity.o(i.humidity_measure_process)
    i.humidity_warning_check                 0x08004338   Section        0  humidity.o(i.humidity_warning_check)
    i.isPhonenumberCharacter                 0x0800447c   Section        0  sim_callback.o(i.isPhonenumberCharacter)
    i.lora_connected_callback                0x08004492   Section        0  lora.o(i.lora_connected_callback)
    i.lora_decode                            0x08004494   Section        0  lora.o(i.lora_decode)
    i.lora_is_connected                      0x08004578   Section        0  lora.o(i.lora_is_connected)
    i.lora_loss_connect_callback             0x08004584   Section        0  lora.o(i.lora_loss_connect_callback)
    i.lora_receive_process                   0x08004590   Section        0  lora.o(i.lora_receive_process)
    i.lora_send_data                         0x08004620   Section        0  lora.o(i.lora_send_data)
    i.main                                   0x08004648   Section        0  main.o(i.main)
    i.ring_buffer_clear                      0x080049c0   Section        0  ring_buffer.o(i.ring_buffer_clear)
    i.ring_buffer_pop                        0x080049d0   Section        0  ring_buffer.o(i.ring_buffer_pop)
    i.ring_buffer_push                       0x08004a12   Section        0  ring_buffer.o(i.ring_buffer_push)
    i.sim_async_init                         0x08004a44   Section        0  sim.o(i.sim_async_init)
    i.sim_async_sendmsg                      0x08004a78   Section        0  sim.o(i.sim_async_sendmsg)
    i.sim_busy_callback                      0x08004aec   Section        0  sim_callback.o(i.sim_busy_callback)
    i.sim_call_ready_callback                0x08004af0   Section        0  sim_callback.o(i.sim_call_ready_callback)
    i.sim_clear_buffer                       0x08004afc   Section        0  sim_callback.o(i.sim_clear_buffer)
    i.sim_cmd_failed_callback                0x08004b0c   Section        0  sim_callback.o(i.sim_cmd_failed_callback)
    i.sim_error_callback                     0x08004b10   Section        0  sim_callback.o(i.sim_error_callback)
    i.sim_init_failed_callback               0x08004b1c   Section        0  sim_callback.o(i.sim_init_failed_callback)
    i.sim_init_ok_callback                   0x08004b28   Section        0  sim_callback.o(i.sim_init_ok_callback)
    i.sim_init_step_process                  0x08004ba0   Section        0  sim.o(i.sim_init_step_process)
    i.sim_is_init_ok                         0x08004d04   Section        0  sim.o(i.sim_is_init_ok)
    i.sim_is_initializing                    0x08004d40   Section        0  sim.o(i.sim_is_initializing)
    i.sim_is_sendingMsg                      0x08004d4c   Section        0  sim.o(i.sim_is_sendingMsg)
    i.sim_msg_follow_at_cmd                  0x08004d58   Section        0  sim.o(i.sim_msg_follow_at_cmd)
    i.sim_msg_follow_content                 0x08004e4c   Section        0  sim.o(i.sim_msg_follow_content)
    i.sim_msg_write_content                  0x08004ee0   Section        0  sim.o(i.sim_msg_write_content)
    i.sim_nocarrier_callback                 0x08004f8c   Section        0  sim_callback.o(i.sim_nocarrier_callback)
    i.sim_off                                0x08004f90   Section        0  sim.o(i.sim_off)
    i.sim_ok_callback                        0x08005024   Section        0  sim_callback.o(i.sim_ok_callback)
    i.sim_on_callback                        0x08005030   Section        0  sim_callback.o(i.sim_on_callback)
    i.sim_poll                               0x0800503c   Section        0  sim.o(i.sim_poll)
    i.sim_poll_init                          0x08005090   Section        0  sim.o(i.sim_poll_init)
    i.sim_poll_send_msg                      0x080052c4   Section        0  sim.o(i.sim_poll_send_msg)
    i.sim_printf                             0x0800531c   Section        0  sim_port.o(i.sim_printf)
    i.sim_process                            0x08005418   Section        0  sim.o(i.sim_process)
    i.sim_receive_decode                     0x08005424   Section        0  sim_callback.o(i.sim_receive_decode)
    i.sim_receive_process                    0x0800558c   Section        0  sim_callback.o(i.sim_receive_process)
    i.sim_retry_init                         0x08005664   Section        0  sim.o(i.sim_retry_init)
    i.sim_ring_callback                      0x080056e4   Section        0  sim_callback.o(i.sim_ring_callback)
    i.sim_send_data                          0x080056fc   Section        0  sim_port.o(i.sim_send_data)
    i.sim_sendmsg_at                         0x08005724   Section        0  sim.o(i.sim_sendmsg_at)
    i.sim_sms_ready_callback                 0x08005774   Section        0  sim_callback.o(i.sim_sms_ready_callback)
    i.sim_sms_receive_new_callback           0x08005780   Section        0  sim_callback.o(i.sim_sms_receive_new_callback)
    i.sim_sms_send_msg_failed_callback       0x080057c4   Section        0  sim_callback.o(i.sim_sms_send_msg_failed_callback)
    i.sim_sms_send_msg_ok_callback           0x080057d8   Section        0  sim_callback.o(i.sim_sms_send_msg_ok_callback)
    i.sim_sms_text_msg_callback              0x080057f0   Section        0  sim_callback.o(i.sim_sms_text_msg_callback)
    i.temp_average                           0x080057fc   Section        0  thermal.o(i.temp_average)
    i.temp_log_shif                          0x08005830   Section        0  thermal.o(i.temp_log_shif)
    i.temp_measure_process                   0x08005864   Section        0  thermal.o(i.temp_measure_process)
    i.temp_warning_check                     0x080058f4   Section        0  thermal.o(i.temp_warning_check)
    .constdata                               0x080059b0   Section       24  system_stm32f1xx.o(.constdata)
    .constdata                               0x080059c8   Section      129  ctype_o.o(.constdata)
    .constdata                               0x08005a4c   Section        4  ctype_o.o(.constdata)
    table                                    0x08005a4c   Data           4  ctype_o.o(.constdata)
    .data                                    0x20000000   Section       38  stm_my_lcd16x2.o(.data)
    mode_8_4_I2C                             0x20000000   Data           1  stm_my_lcd16x2.o(.data)
    PORT_RS_and_E                            0x20000004   Data           4  stm_my_lcd16x2.o(.data)
    PIN_RS                                   0x20000008   Data           2  stm_my_lcd16x2.o(.data)
    PIN_E                                    0x2000000a   Data           2  stm_my_lcd16x2.o(.data)
    PORT_LSB                                 0x2000000c   Data           4  stm_my_lcd16x2.o(.data)
    D0_PIN                                   0x20000010   Data           2  stm_my_lcd16x2.o(.data)
    D1_PIN                                   0x20000012   Data           2  stm_my_lcd16x2.o(.data)
    D2_PIN                                   0x20000014   Data           2  stm_my_lcd16x2.o(.data)
    D3_PIN                                   0x20000016   Data           2  stm_my_lcd16x2.o(.data)
    PORT_MSB                                 0x20000018   Data           4  stm_my_lcd16x2.o(.data)
    D4_PIN                                   0x2000001c   Data           2  stm_my_lcd16x2.o(.data)
    D5_PIN                                   0x2000001e   Data           2  stm_my_lcd16x2.o(.data)
    D6_PIN                                   0x20000020   Data           2  stm_my_lcd16x2.o(.data)
    D7_PIN                                   0x20000022   Data           2  stm_my_lcd16x2.o(.data)
    DisplayControl                           0x20000024   Data           1  stm_my_lcd16x2.o(.data)
    FunctionSet                              0x20000025   Data           1  stm_my_lcd16x2.o(.data)
    .data                                    0x20000028   Section        8  lora.o(.data)
    .data                                    0x20000030   Section       17  hl_printf.o(.data)
    Representation                           0x20000030   Data          17  hl_printf.o(.data)
    .data                                    0x20000041   Section        8  my_uart.o(.data)
    .data                                    0x2000004c   Section       21  humidity.o(.data)
    .data                                    0x20000064   Section       12  thermal.o(.data)
    .data                                    0x20000070   Section       37  main.o(.data)
    .data                                    0x20000098   Section        9  stm32f1xx_hal.o(.data)
    .data                                    0x200000a4   Section        4  system_stm32f1xx.o(.data)
    .data                                    0x200000a8   Section       53  sim.o(.data)
    .data                                    0x200000e0   Section        4  errno.o(.data)
    _errno                                   0x200000e0   Data           4  errno.o(.data)
    .bss                                     0x200000e4   Section     3216  lora.o(.bss)
    .bss                                     0x20000d74   Section       50  hl_printf.o(.bss)
    buffer                                   0x20000d74   Data          50  hl_printf.o(.bss)
    .bss                                     0x20000da6   Section       40  humidity.o(.bss)
    .bss                                     0x20000dce   Section       40  thermal.o(.bss)
    .bss                                     0x20000df8   Section      528  main.o(.bss)
    .bss                                     0x20001008   Section      148  sim.o(.bss)
    .bss                                     0x2000109c   Section     3460  sim_callback.o(.bss)
    STACK                                    0x20001e20   Section     8192  startup_stm32f103xb.o(STACK)

    Global Symbols

    Symbol Name                              Value     Ov Type        Size  Object(Section)

    BuildAttributes$$THM_ISAv4$P$D$K$B$S$PE$A:L22UL41UL21$X:L11$S22US41US21$IEEE1$IW$USESV6$~STKCKD$USESV7$~SHL$OTIME$ROPI$EBA8$MICROLIB$REQ8$PRES8$EABIv2 0x00000000   Number         0  anon$$obj.o ABSOLUTE
    __ARM_use_no_argv                        0x00000000   Number         0  main.o ABSOLUTE
    _printf_a                                0x00000000   Number         0  stubs.o ABSOLUTE
    _printf_c                                0x00000000   Number         0  stubs.o ABSOLUTE
    _printf_charcount                        0x00000000   Number         0  stubs.o ABSOLUTE
    _printf_d                                0x00000000   Number         0  stubs.o ABSOLUTE
    _printf_e                                0x00000000   Number         0  stubs.o ABSOLUTE
    _printf_f                                0x00000000   Number         0  stubs.o ABSOLUTE
    _printf_flags                            0x00000000   Number         0  stubs.o ABSOLUTE
    _printf_fp_dec                           0x00000000   Number         0  stubs.o ABSOLUTE
    _printf_fp_hex                           0x00000000   Number         0  stubs.o ABSOLUTE
    _printf_g                                0x00000000   Number         0  stubs.o ABSOLUTE
    _printf_i                                0x00000000   Number         0  stubs.o ABSOLUTE
    _printf_int_dec                          0x00000000   Number         0  stubs.o ABSOLUTE
    _printf_l                                0x00000000   Number         0  stubs.o ABSOLUTE
    _printf_lc                               0x00000000   Number         0  stubs.o ABSOLUTE
    _printf_ll                               0x00000000   Number         0  stubs.o ABSOLUTE
    _printf_lld                              0x00000000   Number         0  stubs.o ABSOLUTE
    _printf_lli                              0x00000000   Number         0  stubs.o ABSOLUTE
    _printf_llo                              0x00000000   Number         0  stubs.o ABSOLUTE
    _printf_llu                              0x00000000   Number         0  stubs.o ABSOLUTE
    _printf_llx                              0x00000000   Number         0  stubs.o ABSOLUTE
    _printf_longlong_dec                     0x00000000   Number         0  stubs.o ABSOLUTE
    _printf_longlong_hex                     0x00000000   Number         0  stubs.o ABSOLUTE
    _printf_longlong_oct                     0x00000000   Number         0  stubs.o ABSOLUTE
    _printf_ls                               0x00000000   Number         0  stubs.o ABSOLUTE
    _printf_mbtowc                           0x00000000   Number         0  stubs.o ABSOLUTE
    _printf_n                                0x00000000   Number         0  stubs.o ABSOLUTE
    _printf_o                                0x00000000   Number         0  stubs.o ABSOLUTE
    _printf_p                                0x00000000   Number         0  stubs.o ABSOLUTE
    _printf_percent                          0x00000000   Number         0  stubs.o ABSOLUTE
    _printf_pre_padding                      0x00000000   Number         0  stubs.o ABSOLUTE
    _printf_return_value                     0x00000000   Number         0  stubs.o ABSOLUTE
    _printf_s                                0x00000000   Number         0  stubs.o ABSOLUTE
    _printf_sizespec                         0x00000000   Number         0  stubs.o ABSOLUTE
    _printf_str                              0x00000000   Number         0  stubs.o ABSOLUTE
    _printf_truncate_signed                  0x00000000   Number         0  stubs.o ABSOLUTE
    _printf_truncate_unsigned                0x00000000   Number         0  stubs.o ABSOLUTE
    _printf_u                                0x00000000   Number         0  stubs.o ABSOLUTE
    _printf_wc                               0x00000000   Number         0  stubs.o ABSOLUTE
    _printf_wctomb                           0x00000000   Number         0  stubs.o ABSOLUTE
    _printf_widthprec                        0x00000000   Number         0  stubs.o ABSOLUTE
    _printf_x                                0x00000000   Number         0  stubs.o ABSOLUTE
    __cpp_initialize__aeabi_                  - Undefined Weak Reference
    __cxa_finalize                            - Undefined Weak Reference
    __decompress                              - Undefined Weak Reference
    _clock_init                               - Undefined Weak Reference
    _microlib_exit                            - Undefined Weak Reference
    __Vectors_Size                           0x000000ec   Number         0  startup_stm32f103xb.o ABSOLUTE
    __Vectors                                0x08000000   Data           4  startup_stm32f103xb.o(RESET)
    __Vectors_End                            0x080000ec   Data           0  startup_stm32f103xb.o(RESET)
    __main                                   0x080000ed   Thumb Code     0  entry.o(.ARM.Collect$$$$00000000)
    _main_stk                                0x080000ed   Thumb Code     0  entry2.o(.ARM.Collect$$$$00000001)
    _main_scatterload                        0x080000f1   Thumb Code     0  entry5.o(.ARM.Collect$$$$00000004)
    __main_after_scatterload                 0x080000f5   Thumb Code     0  entry5.o(.ARM.Collect$$$$00000004)
    _main_clock                              0x080000f5   Thumb Code     0  entry7b.o(.ARM.Collect$$$$00000008)
    _main_cpp_init                           0x080000f5   Thumb Code     0  entry8b.o(.ARM.Collect$$$$0000000A)
    _main_init                               0x080000f5   Thumb Code     0  entry9a.o(.ARM.Collect$$$$0000000B)
    __rt_final_cpp                           0x080000fd   Thumb Code     0  entry10a.o(.ARM.Collect$$$$0000000D)
    __rt_final_exit                          0x080000fd   Thumb Code     0  entry11a.o(.ARM.Collect$$$$0000000F)
    Reset_Handler                            0x08000101   Thumb Code     8  startup_stm32f103xb.o(.text)
    ADC1_2_IRQHandler                        0x0800011b   Thumb Code     0  startup_stm32f103xb.o(.text)
    CAN1_RX1_IRQHandler                      0x0800011b   Thumb Code     0  startup_stm32f103xb.o(.text)
    CAN1_SCE_IRQHandler                      0x0800011b   Thumb Code     0  startup_stm32f103xb.o(.text)
    DMA1_Channel2_IRQHandler                 0x0800011b   Thumb Code     0  startup_stm32f103xb.o(.text)
    DMA1_Channel3_IRQHandler                 0x0800011b   Thumb Code     0  startup_stm32f103xb.o(.text)
    EXTI0_IRQHandler                         0x0800011b   Thumb Code     0  startup_stm32f103xb.o(.text)
    EXTI15_10_IRQHandler                     0x0800011b   Thumb Code     0  startup_stm32f103xb.o(.text)
    EXTI1_IRQHandler                         0x0800011b   Thumb Code     0  startup_stm32f103xb.o(.text)
    EXTI2_IRQHandler                         0x0800011b   Thumb Code     0  startup_stm32f103xb.o(.text)
    EXTI3_IRQHandler                         0x0800011b   Thumb Code     0  startup_stm32f103xb.o(.text)
    EXTI4_IRQHandler                         0x0800011b   Thumb Code     0  startup_stm32f103xb.o(.text)
    EXTI9_5_IRQHandler                       0x0800011b   Thumb Code     0  startup_stm32f103xb.o(.text)
    FLASH_IRQHandler                         0x0800011b   Thumb Code     0  startup_stm32f103xb.o(.text)
    I2C1_ER_IRQHandler                       0x0800011b   Thumb Code     0  startup_stm32f103xb.o(.text)
    I2C1_EV_IRQHandler                       0x0800011b   Thumb Code     0  startup_stm32f103xb.o(.text)
    I2C2_ER_IRQHandler                       0x0800011b   Thumb Code     0  startup_stm32f103xb.o(.text)
    I2C2_EV_IRQHandler                       0x0800011b   Thumb Code     0  startup_stm32f103xb.o(.text)
    PVD_IRQHandler                           0x0800011b   Thumb Code     0  startup_stm32f103xb.o(.text)
    RCC_IRQHandler                           0x0800011b   Thumb Code     0  startup_stm32f103xb.o(.text)
    RTC_Alarm_IRQHandler                     0x0800011b   Thumb Code     0  startup_stm32f103xb.o(.text)
    RTC_IRQHandler                           0x0800011b   Thumb Code     0  startup_stm32f103xb.o(.text)
    SPI1_IRQHandler                          0x0800011b   Thumb Code     0  startup_stm32f103xb.o(.text)
    SPI2_IRQHandler                          0x0800011b   Thumb Code     0  startup_stm32f103xb.o(.text)
    TAMPER_IRQHandler                        0x0800011b   Thumb Code     0  startup_stm32f103xb.o(.text)
    TIM1_BRK_IRQHandler                      0x0800011b   Thumb Code     0  startup_stm32f103xb.o(.text)
    TIM1_CC_IRQHandler                       0x0800011b   Thumb Code     0  startup_stm32f103xb.o(.text)
    TIM1_TRG_COM_IRQHandler                  0x0800011b   Thumb Code     0  startup_stm32f103xb.o(.text)
    TIM1_UP_IRQHandler                       0x0800011b   Thumb Code     0  startup_stm32f103xb.o(.text)
    TIM2_IRQHandler                          0x0800011b   Thumb Code     0  startup_stm32f103xb.o(.text)
    TIM3_IRQHandler                          0x0800011b   Thumb Code     0  startup_stm32f103xb.o(.text)
    TIM4_IRQHandler                          0x0800011b   Thumb Code     0  startup_stm32f103xb.o(.text)
    USART3_IRQHandler                        0x0800011b   Thumb Code     0  startup_stm32f103xb.o(.text)
    USBWakeUp_IRQHandler                     0x0800011b   Thumb Code     0  startup_stm32f103xb.o(.text)
    USB_HP_CAN1_TX_IRQHandler                0x0800011b   Thumb Code     0  startup_stm32f103xb.o(.text)
    USB_LP_CAN1_RX0_IRQHandler               0x0800011b   Thumb Code     0  startup_stm32f103xb.o(.text)
    WWDG_IRQHandler                          0x0800011b   Thumb Code     0  startup_stm32f103xb.o(.text)
    __aeabi_llsr                             0x08000125   Thumb Code    32  llushr.o(.text)
    _ll_ushift_r                             0x08000125   Thumb Code     0  llushr.o(.text)
    __aeabi_memset                           0x08000145   Thumb Code    14  memseta.o(.text)
    __aeabi_memset4                          0x08000145   Thumb Code     0  memseta.o(.text)
    __aeabi_memset8                          0x08000145   Thumb Code     0  memseta.o(.text)
    __aeabi_memclr                           0x08000153   Thumb Code     4  memseta.o(.text)
    __aeabi_memclr4                          0x08000153   Thumb Code     0  memseta.o(.text)
    __aeabi_memclr8                          0x08000153   Thumb Code     0  memseta.o(.text)
    _memset$wrapper                          0x08000157   Thumb Code    18  memseta.o(.text)
    strstr                                   0x08000169   Thumb Code    36  strstr.o(.text)
    strlen                                   0x0800018d   Thumb Code    14  strlen.o(.text)
    strcmp                                   0x0800019b   Thumb Code    28  strcmp.o(.text)
    strcpy                                   0x080001b7   Thumb Code    18  strcpy.o(.text)
    atoi                                     0x080001c9   Thumb Code    26  atoi.o(.text)
    __aeabi_fadd                             0x080001e3   Thumb Code   164  fadd.o(.text)
    __aeabi_fsub                             0x08000287   Thumb Code     6  fadd.o(.text)
    __aeabi_frsub                            0x0800028d   Thumb Code     6  fadd.o(.text)
    __aeabi_fmul                             0x08000293   Thumb Code   100  fmul.o(.text)
    __aeabi_fdiv                             0x080002f7   Thumb Code   124  fdiv.o(.text)
    __aeabi_dmul                             0x08000373   Thumb Code   228  dmul.o(.text)
    __aeabi_ddiv                             0x08000457   Thumb Code   222  ddiv.o(.text)
    __aeabi_ui2f                             0x08000535   Thumb Code    10  ffltui.o(.text)
    __aeabi_ui2d                             0x0800053f   Thumb Code    26  dfltui.o(.text)
    __aeabi_f2iz                             0x08000559   Thumb Code    50  ffixi.o(.text)
    __aeabi_f2uiz                            0x0800058b   Thumb Code    40  ffixui.o(.text)
    __aeabi_d2f                              0x080005b3   Thumb Code    56  d2f.o(.text)
    __aeabi_cfcmpeq                          0x080005ed   Thumb Code     0  cfcmple.o(.text)
    __aeabi_cfcmple                          0x080005ed   Thumb Code    20  cfcmple.o(.text)
    __aeabi_cfrcmple                         0x08000601   Thumb Code    20  cfrcmple.o(.text)
    __aeabi_uidiv                            0x08000615   Thumb Code     0  uidiv.o(.text)
    __aeabi_uidivmod                         0x08000615   Thumb Code    44  uidiv.o(.text)
    __aeabi_uldivmod                         0x08000641   Thumb Code    98  uldiv.o(.text)
    strtol                                   0x080006a3   Thumb Code   112  strtol.o(.text)
    __I$use$fp                               0x08000713   Thumb Code     0  iusefp.o(.text)
    _float_round                             0x08000713   Thumb Code    18  fepilogue.o(.text)
    _float_epilogue                          0x08000725   Thumb Code    92  fepilogue.o(.text)
    _double_round                            0x08000781   Thumb Code    30  depilogue.o(.text)
    _double_epilogue                         0x0800079f   Thumb Code   156  depilogue.o(.text)
    __aeabi_dadd                             0x0800083b   Thumb Code   322  dadd.o(.text)
    __aeabi_dsub                             0x0800097d   Thumb Code     6  dadd.o(.text)
    __aeabi_drsub                            0x08000983   Thumb Code     6  dadd.o(.text)
    __aeabi_d2ulz                            0x08000989   Thumb Code    48  dfixul.o(.text)
    __aeabi_cdrcmple                         0x080009b9   Thumb Code    48  cdrcmple.o(.text)
    __scatterload                            0x080009e9   Thumb Code    28  init.o(.text)
    __scatterload_rt2                        0x080009e9   Thumb Code     0  init.o(.text)
    __aeabi_llsl                             0x08000a0d   Thumb Code    30  llshl.o(.text)
    _ll_shift_l                              0x08000a0d   Thumb Code     0  llshl.o(.text)
    __aeabi_lasr                             0x08000a2b   Thumb Code    36  llsshr.o(.text)
    _ll_sshift_r                             0x08000a2b   Thumb Code     0  llsshr.o(.text)
    __rt_ctype_table                         0x08000a51   Thumb Code     4  ctype_o.o(.text)
    _strtoul                                 0x08000a59   Thumb Code   158  _strtoul.o(.text)
    _chval                                   0x08000af7   Thumb Code    28  _chval.o(.text)
    ADC_ConversionStop_Disable               0x08000b13   Thumb Code    82  stm32f1xx_hal_adc.o(i.ADC_ConversionStop_Disable)
    ADC_Enable                               0x08000b65   Thumb Code   122  stm32f1xx_hal_adc.o(i.ADC_Enable)
    BusFault_Handler                         0x08000be9   Thumb Code     4  stm32f1xx_it.o(i.BusFault_Handler)
    DMA1_Channel1_IRQHandler                 0x08000bed   Thumb Code    10  stm32f1xx_it.o(i.DMA1_Channel1_IRQHandler)
    DMA1_Channel4_IRQHandler                 0x08000bfd   Thumb Code    10  stm32f1xx_it.o(i.DMA1_Channel4_IRQHandler)
    DMA1_Channel5_IRQHandler                 0x08000c0d   Thumb Code    10  stm32f1xx_it.o(i.DMA1_Channel5_IRQHandler)
    DMA1_Channel6_IRQHandler                 0x08000c1d   Thumb Code    10  stm32f1xx_it.o(i.DMA1_Channel6_IRQHandler)
    DMA1_Channel7_IRQHandler                 0x08000c2d   Thumb Code    10  stm32f1xx_it.o(i.DMA1_Channel7_IRQHandler)
    DS18B20_Read                             0x08000c69   Thumb Code    74  hlds18b20.o(i.DS18B20_Read)
    DS18B20_ReadTemperature                  0x08000cb9   Thumb Code   116  hlds18b20.o(i.DS18B20_ReadTemperature)
    DS18B20_Start                            0x08000d31   Thumb Code    68  hlds18b20.o(i.DS18B20_Start)
    DS18B20_Write                            0x08000d79   Thumb Code    88  hlds18b20.o(i.DS18B20_Write)
    DWT_Delay_Init                           0x08000dd5   Thumb Code    68  dwt_stm32_delay.o(i.DWT_Delay_Init)
    DWT_Delay_us                             0x08000e21   Thumb Code    34  dwt_stm32_delay.o(i.DWT_Delay_us)
    DebugMon_Handler                         0x08000e4d   Thumb Code     2  stm32f1xx_it.o(i.DebugMon_Handler)
    Error_Handler                            0x08000e4f   Thumb Code     2  main.o(i.Error_Handler)
    HAL_ADC_ConfigChannel                    0x08000e51   Thumb Code   338  stm32f1xx_hal_adc.o(i.HAL_ADC_ConfigChannel)
    HAL_ADC_GetValue                         0x08000fb1   Thumb Code     8  stm32f1xx_hal_adc.o(i.HAL_ADC_GetValue)
    HAL_ADC_Init                             0x08000fb9   Thumb Code   314  stm32f1xx_hal_adc.o(i.HAL_ADC_Init)
    HAL_ADC_MspInit                          0x080010fd   Thumb Code   154  stm32f1xx_hal_msp.o(i.HAL_ADC_MspInit)
    HAL_ADC_PollForConversion                0x080011ad   Thumb Code   350  stm32f1xx_hal_adc.o(i.HAL_ADC_PollForConversion)
    HAL_ADC_Start                            0x0800131d   Thumb Code   294  stm32f1xx_hal_adc.o(i.HAL_ADC_Start)
    HAL_DMA_Abort_IT                         0x0800144d   Thumb Code   172  stm32f1xx_hal_dma.o(i.HAL_DMA_Abort_IT)
    HAL_DMA_IRQHandler                       0x080014fd   Thumb Code   408  stm32f1xx_hal_dma.o(i.HAL_DMA_IRQHandler)
    HAL_DMA_Init                             0x08001699   Thumb Code   100  stm32f1xx_hal_dma.o(i.HAL_DMA_Init)
    HAL_DMA_Start_IT                         0x08001701   Thumb Code   156  stm32f1xx_hal_dma.o(i.HAL_DMA_Start_IT)
    HAL_Delay                                0x0800179d   Thumb Code    36  stm32f1xx_hal.o(i.HAL_Delay)
    HAL_GPIO_Init                            0x080017c5   Thumb Code   764  stm32f1xx_hal_gpio.o(i.HAL_GPIO_Init)
    HAL_GPIO_ReadPin                         0x08001ae1   Thumb Code    16  stm32f1xx_hal_gpio.o(i.HAL_GPIO_ReadPin)
    HAL_GPIO_WritePin                        0x08001af1   Thumb Code    12  stm32f1xx_hal_gpio.o(i.HAL_GPIO_WritePin)
    HAL_GetTick                              0x08001afd   Thumb Code     6  stm32f1xx_hal.o(i.HAL_GetTick)
    HAL_IncTick                              0x08001b09   Thumb Code    16  stm32f1xx_hal.o(i.HAL_IncTick)
    HAL_Init                                 0x08001b21   Thumb Code    34  stm32f1xx_hal.o(i.HAL_Init)
    HAL_InitTick                             0x08001b49   Thumb Code    64  stm32f1xx_hal.o(i.HAL_InitTick)
    HAL_MspInit                              0x08001b95   Thumb Code    76  stm32f1xx_hal_msp.o(i.HAL_MspInit)
    HAL_NVIC_EnableIRQ                       0x08001be9   Thumb Code    26  stm32f1xx_hal_cortex.o(i.HAL_NVIC_EnableIRQ)
    HAL_NVIC_SetPriority                     0x08001c03   Thumb Code   124  stm32f1xx_hal_cortex.o(i.HAL_NVIC_SetPriority)
    HAL_NVIC_SetPriorityGrouping             0x08001c81   Thumb Code    32  stm32f1xx_hal_cortex.o(i.HAL_NVIC_SetPriorityGrouping)
    HAL_RCCEx_GetPeriphCLKFreq               0x08001ca9   Thumb Code   254  stm32f1xx_hal_rcc_ex.o(i.HAL_RCCEx_GetPeriphCLKFreq)
    HAL_RCCEx_PeriphCLKConfig                0x08001dc9   Thumb Code   290  stm32f1xx_hal_rcc_ex.o(i.HAL_RCCEx_PeriphCLKConfig)
    HAL_RCC_ClockConfig                      0x08001ef9   Thumb Code   446  stm32f1xx_hal_rcc.o(i.HAL_RCC_ClockConfig)
    HAL_RCC_GetHCLKFreq                      0x080020c9   Thumb Code     6  stm32f1xx_hal_rcc.o(i.HAL_RCC_GetHCLKFreq)
    HAL_RCC_GetPCLK1Freq                     0x080020d5   Thumb Code    22  stm32f1xx_hal_rcc.o(i.HAL_RCC_GetPCLK1Freq)
    HAL_RCC_GetPCLK2Freq                     0x080020f5   Thumb Code    22  stm32f1xx_hal_rcc.o(i.HAL_RCC_GetPCLK2Freq)
    HAL_RCC_GetSysClockFreq                  0x08002115   Thumb Code   116  stm32f1xx_hal_rcc.o(i.HAL_RCC_GetSysClockFreq)
    HAL_RCC_OscConfig                        0x080021a9   Thumb Code  1078  stm32f1xx_hal_rcc.o(i.HAL_RCC_OscConfig)
    HAL_SYSTICK_Config                       0x080025e9   Thumb Code    52  stm32f1xx_hal_cortex.o(i.HAL_SYSTICK_Config)
    HAL_UART_ErrorCallback                   0x0800261d   Thumb Code     2  stm32f1xx_hal_uart.o(i.HAL_UART_ErrorCallback)
    HAL_UART_IRQHandler                      0x08002621   Thumb Code   326  stm32f1xx_hal_uart.o(i.HAL_UART_IRQHandler)
    HAL_UART_Init                            0x0800276d   Thumb Code   114  stm32f1xx_hal_uart.o(i.HAL_UART_Init)
    HAL_UART_MspInit                         0x080027e1   Thumb Code   470  stm32f1xx_hal_msp.o(i.HAL_UART_MspInit)
    HAL_UART_Receive_DMA                     0x080029dd   Thumb Code   182  stm32f1xx_hal_uart.o(i.HAL_UART_Receive_DMA)
    HAL_UART_Receive_IT                      0x08002aa1   Thumb Code   112  stm32f1xx_hal_uart.o(i.HAL_UART_Receive_IT)
    HAL_UART_RxCpltCallback                  0x08002b11   Thumb Code    44  my_uart.o(i.HAL_UART_RxCpltCallback)
    HAL_UART_RxHalfCpltCallback              0x08002b55   Thumb Code    28  my_uart.o(i.HAL_UART_RxHalfCpltCallback)
    HAL_UART_Transmit_DMA                    0x08002b7d   Thumb Code   142  stm32f1xx_hal_uart.o(i.HAL_UART_Transmit_DMA)
    HAL_UART_TxCpltCallback                  0x08002c19   Thumb Code    32  my_uart.o(i.HAL_UART_TxCpltCallback)
    HAL_UART_TxHalfCpltCallback              0x08002c49   Thumb Code     2  stm32f1xx_hal_uart.o(i.HAL_UART_TxHalfCpltCallback)
    HardFault_Handler                        0x08002c4d   Thumb Code    14  stm32f1xx_it.o(i.HardFault_Handler)
    LCD1602_1stLine                          0x08002c69   Thumb Code    12  stm_my_lcd16x2.o(i.LCD1602_1stLine)
    LCD1602_2ndLine                          0x08002c75   Thumb Code    12  stm_my_lcd16x2.o(i.LCD1602_2ndLine)
    LCD1602_Begin4BIT                        0x08002c81   Thumb Code   160  stm_my_lcd16x2.o(i.LCD1602_Begin4BIT)
    LCD1602_clear                            0x08002dcf   Thumb Code    16  stm_my_lcd16x2.o(i.LCD1602_clear)
    LCD1602_noBlink                          0x08002de1   Thumb Code    24  stm_my_lcd16x2.o(i.LCD1602_noBlink)
    LCD1602_print                            0x08002dfd   Thumb Code    30  stm_my_lcd16x2.o(i.LCD1602_print)
    LCD1602_setCursor                        0x08002e1b   Thumb Code    40  stm_my_lcd16x2.o(i.LCD1602_setCursor)
    LcdHandler                               0x08003029   Thumb Code    68  main.o(i.LcdHandler)
    LoraReceiveDMA                           0x08003079   Thumb Code    14  my_uart.o(i.LoraReceiveDMA)
    LoraReceiveIT                            0x08003091   Thumb Code     2  my_uart.o(i.LoraReceiveIT)
    MX_ADC1_Init                             0x08003095   Thumb Code    86  main.o(i.MX_ADC1_Init)
    MX_DMA_Init                              0x080030f5   Thumb Code   112  main.o(i.MX_DMA_Init)
    MX_USART1_UART_Init                      0x08003231   Thumb Code    46  main.o(i.MX_USART1_UART_Init)
    MX_USART2_UART_Init                      0x08003269   Thumb Code    62  main.o(i.MX_USART2_UART_Init)
    MemManage_Handler                        0x080032b1   Thumb Code     4  stm32f1xx_it.o(i.MemManage_Handler)
    NMI_Handler                              0x080032b5   Thumb Code     2  stm32f1xx_it.o(i.NMI_Handler)
    PendSV_Handler                           0x080032f1   Thumb Code     2  stm32f1xx_it.o(i.PendSV_Handler)
    SIMReceiveIT                             0x0800331d   Thumb Code    14  my_uart.o(i.SIMReceiveIT)
    SVC_Handler                              0x08003335   Thumb Code     2  stm32f1xx_it.o(i.SVC_Handler)
    Set_Pin_Input                            0x08003339   Thumb Code    38  hlds18b20.o(i.Set_Pin_Input)
    Set_Pin_Output                           0x08003365   Thumb Code    40  hlds18b20.o(i.Set_Pin_Output)
    SysTick_Handler                          0x08003391   Thumb Code     8  stm32f1xx_it.o(i.SysTick_Handler)
    SystemClock_Config                       0x08003399   Thumb Code   136  main.o(i.SystemClock_Config)
    SystemInit                               0x08003421   Thumb Code    70  system_stm32f1xx.o(i.SystemInit)
    USART1_IRQHandler                        0x080038a1   Thumb Code    14  stm32f1xx_it.o(i.USART1_IRQHandler)
    USART2_IRQHandler                        0x080038b5   Thumb Code    14  stm32f1xx_it.o(i.USART2_IRQHandler)
    UsageFault_Handler                       0x080038c9   Thumb Code     4  stm32f1xx_it.o(i.UsageFault_Handler)
    __0sprintf                               0x080038cd   Thumb Code    34  printfa.o(i.__0sprintf)
    __1sprintf                               0x080038cd   Thumb Code     0  printfa.o(i.__0sprintf)
    __2sprintf                               0x080038cd   Thumb Code     0  printfa.o(i.__0sprintf)
    __c89sprintf                             0x080038cd   Thumb Code     0  printfa.o(i.__0sprintf)
    sprintf                                  0x080038cd   Thumb Code     0  printfa.o(i.__0sprintf)
    __aeabi_errno_addr                       0x080038f5   Thumb Code     4  errno.o(i.__aeabi_errno_addr)
    __rt_errno_addr                          0x080038f5   Thumb Code     0  errno.o(i.__aeabi_errno_addr)
    __scatterload_copy                       0x080038fd   Thumb Code    14  handlers.o(i.__scatterload_copy)
    __scatterload_null                       0x0800390b   Thumb Code     2  handlers.o(i.__scatterload_null)
    __scatterload_zeroinit                   0x0800390d   Thumb Code    14  handlers.o(i.__scatterload_zeroinit)
    hlp_convert                              0x080041d9   Thumb Code    40  hl_printf.o(i.hlp_convert)
    hlp_putchar                              0x08004209   Thumb Code    14  hl_printf.o(i.hlp_putchar)
    hlp_puts                                 0x08004217   Thumb Code    40  hl_printf.o(i.hlp_puts)
    hm_average                               0x08004241   Thumb Code    30  humidity.o(i.hm_average)
    hm_log_shif                              0x08004265   Thumb Code    42  humidity.o(i.hm_log_shif)
    humidity_measure_process                 0x08004299   Thumb Code   134  humidity.o(i.humidity_measure_process)
    humidity_warning_check                   0x08004339   Thumb Code   232  humidity.o(i.humidity_warning_check)
    isPhonenumberCharacter                   0x0800447d   Thumb Code    22  sim_callback.o(i.isPhonenumberCharacter)
    lora_connected_callback                  0x08004493   Thumb Code     2  lora.o(i.lora_connected_callback)
    lora_decode                              0x08004495   Thumb Code   204  lora.o(i.lora_decode)
    lora_is_connected                        0x08004579   Thumb Code     6  lora.o(i.lora_is_connected)
    lora_loss_connect_callback               0x08004585   Thumb Code     8  lora.o(i.lora_loss_connect_callback)
    lora_receive_process                     0x08004591   Thumb Code   134  lora.o(i.lora_receive_process)
    lora_send_data                           0x08004621   Thumb Code    32  lora.o(i.lora_send_data)
    main                                     0x08004649   Thumb Code   666  main.o(i.main)
    ring_buffer_clear                        0x080049c1   Thumb Code    16  ring_buffer.o(i.ring_buffer_clear)
    ring_buffer_pop                          0x080049d1   Thumb Code    66  ring_buffer.o(i.ring_buffer_pop)
    ring_buffer_push                         0x08004a13   Thumb Code    50  ring_buffer.o(i.ring_buffer_push)
    sim_async_init                           0x08004a45   Thumb Code    34  sim.o(i.sim_async_init)
    sim_async_sendmsg                        0x08004a79   Thumb Code    78  sim.o(i.sim_async_sendmsg)
    sim_busy_callback                        0x08004aed   Thumb Code     2  sim_callback.o(i.sim_busy_callback)
    sim_call_ready_callback                  0x08004af1   Thumb Code     8  sim_callback.o(i.sim_call_ready_callback)
    sim_clear_buffer                         0x08004afd   Thumb Code    10  sim_callback.o(i.sim_clear_buffer)
    sim_cmd_failed_callback                  0x08004b0d   Thumb Code     2  sim_callback.o(i.sim_cmd_failed_callback)
    sim_error_callback                       0x08004b11   Thumb Code     8  sim_callback.o(i.sim_error_callback)
    sim_init_failed_callback                 0x08004b1d   Thumb Code     8  sim_callback.o(i.sim_init_failed_callback)
    sim_init_ok_callback                     0x08004b29   Thumb Code    68  sim_callback.o(i.sim_init_ok_callback)
    sim_init_step_process                    0x08004ba1   Thumb Code   306  sim.o(i.sim_init_step_process)
    sim_is_init_ok                           0x08004d05   Thumb Code    38  sim.o(i.sim_is_init_ok)
    sim_is_initializing                      0x08004d41   Thumb Code     6  sim.o(i.sim_is_initializing)
    sim_is_sendingMsg                        0x08004d4d   Thumb Code     6  sim.o(i.sim_is_sendingMsg)
    sim_msg_follow_at_cmd                    0x08004d59   Thumb Code   208  sim.o(i.sim_msg_follow_at_cmd)
    sim_msg_follow_content                   0x08004e4d   Thumb Code   124  sim.o(i.sim_msg_follow_content)
    sim_msg_write_content                    0x08004ee1   Thumb Code   138  sim.o(i.sim_msg_write_content)
    sim_nocarrier_callback                   0x08004f8d   Thumb Code     2  sim_callback.o(i.sim_nocarrier_callback)
    sim_off                                  0x08004f91   Thumb Code    84  sim.o(i.sim_off)
    sim_ok_callback                          0x08005025   Thumb Code     8  sim_callback.o(i.sim_ok_callback)
    sim_on_callback                          0x08005031   Thumb Code     8  sim_callback.o(i.sim_on_callback)
    sim_poll                                 0x0800503d   Thumb Code    72  sim.o(i.sim_poll)
    sim_poll_init                            0x08005091   Thumb Code   346  sim.o(i.sim_poll_init)
    sim_poll_send_msg                        0x080052c5   Thumb Code    70  sim.o(i.sim_poll_send_msg)
    sim_printf                               0x0800531d   Thumb Code   220  sim_port.o(i.sim_printf)
    sim_process                              0x08005419   Thumb Code    12  sim.o(i.sim_process)
    sim_receive_decode                       0x08005425   Thumb Code   258  sim_callback.o(i.sim_receive_decode)
    sim_receive_process                      0x0800558d   Thumb Code   200  sim_callback.o(i.sim_receive_process)
    sim_retry_init                           0x08005665   Thumb Code    74  sim.o(i.sim_retry_init)
    sim_ring_callback                        0x080056e5   Thumb Code    12  sim_callback.o(i.sim_ring_callback)
    sim_send_data                            0x080056fd   Thumb Code    32  sim_port.o(i.sim_send_data)
    sim_sendmsg_at                           0x08005725   Thumb Code    44  sim.o(i.sim_sendmsg_at)
    sim_sms_ready_callback                   0x08005775   Thumb Code     8  sim_callback.o(i.sim_sms_ready_callback)
    sim_sms_receive_new_callback             0x08005781   Thumb Code    38  sim_callback.o(i.sim_sms_receive_new_callback)
    sim_sms_send_msg_failed_callback         0x080057c5   Thumb Code    12  sim_callback.o(i.sim_sms_send_msg_failed_callback)
    sim_sms_send_msg_ok_callback             0x080057d9   Thumb Code    14  sim_callback.o(i.sim_sms_send_msg_ok_callback)
    sim_sms_text_msg_callback                0x080057f1   Thumb Code     8  sim_callback.o(i.sim_sms_text_msg_callback)
    temp_average                             0x080057fd   Thumb Code    44  thermal.o(i.temp_average)
    temp_log_shif                            0x08005831   Thumb Code    42  thermal.o(i.temp_log_shif)
    temp_measure_process                     0x08005865   Thumb Code   118  thermal.o(i.temp_measure_process)
    temp_warning_check                       0x080058f5   Thumb Code   106  thermal.o(i.temp_warning_check)
    AHBPrescTable                            0x080059b0   Data          16  system_stm32f1xx.o(.constdata)
    APBPrescTable                            0x080059c0   Data           8  system_stm32f1xx.o(.constdata)
    __ctype_table                            0x080059c8   Data         129  ctype_o.o(.constdata)
    Region$$Table$$Base                      0x08005a50   Number         0  anon$$obj.o(Region$$Table)
    Region$$Table$$Limit                     0x08005a70   Number         0  anon$$obj.o(Region$$Table)
    LoraConnected                            0x20000028   Data           1  lora.o(.data)
    LastTimeGetAliveMessage                  0x2000002c   Data           4  lora.o(.data)
    LoraTransmitDone                         0x20000041   Data           1  my_uart.o(.data)
    SIMTransmitDone                          0x20000042   Data           1  my_uart.o(.data)
    LrData                                   0x20000043   Data           3  my_uart.o(.data)
    SimData                                  0x20000046   Data           3  my_uart.o(.data)
    GWPumpNeedOn                             0x2000004c   Data           1  humidity.o(.data)
    HLogCount                                0x2000004d   Data           1  humidity.o(.data)
    HMeasureTime                             0x20000050   Data           4  humidity.o(.data)
    humidity_check_time                      0x20000054   Data           4  humidity.o(.data)
    Oldhumidity                              0x20000058   Data           4  humidity.o(.data)
    humidity_wning_time                      0x2000005c   Data           4  humidity.o(.data)
    humidity_on_warning                      0x20000060   Data           1  humidity.o(.data)
    TempLogCount                             0x20000064   Data           1  thermal.o(.data)
    TempMeasureTime                          0x20000068   Data           4  thermal.o(.data)
    temp_warning_time_check                  0x2000006c   Data           4  thermal.o(.data)
    LcdState                                 0x20000070   Data           1  main.o(.data)
    LcdbtnOldState                           0x20000071   Data           1  main.o(.data)
    Node1PumpNeedOn                          0x20000072   Data           1  main.o(.data)
    Node1PumpState                           0x20000073   Data           1  main.o(.data)
    FlagSendDataToSVViaSMS                   0x20000074   Data           1  main.o(.data)
    isNotifyLoraNoConnect                    0x20000075   Data           1  main.o(.data)
    TimeNotifyLoraLoss1                      0x20000078   Data           4  main.o(.data)
    TimeNotifyLoraLoss2                      0x2000007c   Data           4  main.o(.data)
    Thermal                                  0x20000080   Data           4  main.o(.data)
    Humidity                                 0x20000084   Data           1  main.o(.data)
    ID                                       0x20000086   Data           2  main.o(.data)
    LoraSendDataTime                         0x20000088   Data           4  main.o(.data)
    LCDTimeUpdate                            0x2000008c   Data           4  main.o(.data)
    LoraSendDataTime2                        0x20000090   Data           4  main.o(.data)
    SensorValueChanged                       0x20000094   Data           1  main.o(.data)
    uwTick                                   0x20000098   Data           4  stm32f1xx_hal.o(.data)
    uwTickPrio                               0x2000009c   Data           4  stm32f1xx_hal.o(.data)
    uwTickFreq                               0x200000a0   Data           1  stm32f1xx_hal.o(.data)
    SystemCoreClock                          0x200000a4   Data           4  system_stm32f1xx.o(.data)
    SFlagSendingMSG                          0x200000a8   Data           1  sim.o(.data)
    SFlagRdySendMsg                          0x200000a9   Data           1  sim.o(.data)
    SFlagSendMsgOK                           0x200000aa   Data           1  sim.o(.data)
    SFlagMakeCall                            0x200000ab   Data           1  sim.o(.data)
    SFlagBusy                                0x200000ac   Data           1  sim.o(.data)
    SFlagRetryInit                           0x200000ad   Data           1  sim.o(.data)
    SFlagInitializing                        0x200000ae   Data           1  sim.o(.data)
    SIMReady                                 0x200000af   Data           1  sim.o(.data)
    SIMOn                                    0x200000b0   Data           1  sim.o(.data)
    SIMCallReady                             0x200000b1   Data           1  sim.o(.data)
    SIMSMSReady                              0x200000b2   Data           1  sim.o(.data)
    SIMOK                                    0x200000b3   Data           1  sim.o(.data)
    SIMError                                 0x200000b4   Data           1  sim.o(.data)
    sim_init_step                            0x200000b5   Data           1  sim.o(.data)
    sim_init_time                            0x200000b8   Data           4  sim.o(.data)
    sim_cmd_count                            0x200000bc   Data           1  sim.o(.data)
    sim_init_num                             0x200000bd   Data           1  sim.o(.data)
    TimeCheckSIM                             0x200000c0   Data           4  sim.o(.data)
    sim_mode                                 0x200000c4   Data           1  sim.o(.data)
    sim_life_time                            0x200000c8   Data           4  sim.o(.data)
    waitime                                  0x200000cc   Data           4  sim.o(.data)
    waitsecondcount                          0x200000d0   Data           4  sim.o(.data)
    sim_sndmsg_step                          0x200000d4   Data           1  sim.o(.data)
    TimeSendCMD                              0x200000d8   Data           4  sim.o(.data)
    sim_msg_at_count                         0x200000dc   Data           1  sim.o(.data)
    lora_data_line                           0x200000e4   Data         130  lora.o(.bss)
    lora_data_buffer                         0x20000168   Data        3084  lora.o(.bss)
    HLog                                     0x20000da6   Data          40  humidity.o(.bss)
    TempLog                                  0x20000dce   Data          40  thermal.o(.bss)
    hadc1                                    0x20000df8   Data          48  main.o(.bss)
    hdma_adc1                                0x20000e28   Data          68  main.o(.bss)
    hiwdg                                    0x20000e6c   Data          12  main.o(.bss)
    huart1                                   0x20000e78   Data          64  main.o(.bss)
    huart2                                   0x20000eb8   Data          64  main.o(.bss)
    hdma_usart1_rx                           0x20000ef8   Data          68  main.o(.bss)
    hdma_usart1_tx                           0x20000f3c   Data          68  main.o(.bss)
    hdma_usart2_rx                           0x20000f80   Data          68  main.o(.bss)
    hdma_usart2_tx                           0x20000fc4   Data          68  main.o(.bss)
    sim_msg_content                          0x20001008   Data         128  sim.o(.bss)
    phone_number                             0x20001088   Data          20  sim.o(.bss)
    sim_sms_receive                          0x2000109c   Data         244  sim_callback.o(.bss)
    sim_data_line                            0x20001190   Data         130  sim_callback.o(.bss)
    sim_data_buffer                          0x20001214   Data        3084  sim_callback.o(.bss)
    __initial_sp                             0x20003e20   Data           0  startup_stm32f103xb.o(STACK)



==============================================================================

Memory Map of the image

  Image Entry point : 0x080000ed

  Load Region LR_IROM1 (Base: 0x08000000, Size: 0x00005b54, Max: 0x00010000, ABSOLUTE)

    Execution Region ER_IROM1 (Exec base: 0x08000000, Load base: 0x08000000, Size: 0x00005a70, Max: 0x00010000, ABSOLUTE)

    Exec Addr    Load Addr    Size         Type   Attr      Idx    E Section Name        Object

    0x08000000   0x08000000   0x000000ec   Data   RO            3    RESET               startup_stm32f103xb.o
    0x080000ec   0x080000ec   0x00000000   Code   RO         2900  * .ARM.Collect$$$$00000000  mc_w.l(entry.o)
    0x080000ec   0x080000ec   0x00000004   Code   RO         3206    .ARM.Collect$$$$00000001  mc_w.l(entry2.o)
    0x080000f0   0x080000f0   0x00000004   Code   RO         3209    .ARM.Collect$$$$00000004  mc_w.l(entry5.o)
    0x080000f4   0x080000f4   0x00000000   Code   RO         3211    .ARM.Collect$$$$00000008  mc_w.l(entry7b.o)
    0x080000f4   0x080000f4   0x00000000   Code   RO         3213    .ARM.Collect$$$$0000000A  mc_w.l(entry8b.o)
    0x080000f4   0x080000f4   0x00000008   Code   RO         3214    .ARM.Collect$$$$0000000B  mc_w.l(entry9a.o)
    0x080000fc   0x080000fc   0x00000000   Code   RO         3216    .ARM.Collect$$$$0000000D  mc_w.l(entry10a.o)
    0x080000fc   0x080000fc   0x00000000   Code   RO         3218    .ARM.Collect$$$$0000000F  mc_w.l(entry11a.o)
    0x080000fc   0x080000fc   0x00000004   Code   RO         3207    .ARM.Collect$$$$00002712  mc_w.l(entry2.o)
    0x08000100   0x08000100   0x00000024   Code   RO            4    .text               startup_stm32f103xb.o
    0x08000124   0x08000124   0x00000020   Code   RO         2903    .text               mc_w.l(llushr.o)
    0x08000144   0x08000144   0x00000024   Code   RO         2905    .text               mc_w.l(memseta.o)
    0x08000168   0x08000168   0x00000024   Code   RO         2907    .text               mc_w.l(strstr.o)
    0x0800018c   0x0800018c   0x0000000e   Code   RO         2909    .text               mc_w.l(strlen.o)
    0x0800019a   0x0800019a   0x0000001c   Code   RO         2911    .text               mc_w.l(strcmp.o)
    0x080001b6   0x080001b6   0x00000012   Code   RO         2913    .text               mc_w.l(strcpy.o)
    0x080001c8   0x080001c8   0x0000001a   Code   RO         3176    .text               mc_w.l(atoi.o)
    0x080001e2   0x080001e2   0x000000b0   Code   RO         3178    .text               mf_w.l(fadd.o)
    0x08000292   0x08000292   0x00000064   Code   RO         3180    .text               mf_w.l(fmul.o)
    0x080002f6   0x080002f6   0x0000007c   Code   RO         3182    .text               mf_w.l(fdiv.o)
    0x08000372   0x08000372   0x000000e4   Code   RO         3184    .text               mf_w.l(dmul.o)
    0x08000456   0x08000456   0x000000de   Code   RO         3186    .text               mf_w.l(ddiv.o)
    0x08000534   0x08000534   0x0000000a   Code   RO         3188    .text               mf_w.l(ffltui.o)
    0x0800053e   0x0800053e   0x0000001a   Code   RO         3190    .text               mf_w.l(dfltui.o)
    0x08000558   0x08000558   0x00000032   Code   RO         3192    .text               mf_w.l(ffixi.o)
    0x0800058a   0x0800058a   0x00000028   Code   RO         3194    .text               mf_w.l(ffixui.o)
    0x080005b2   0x080005b2   0x00000038   Code   RO         3200    .text               mf_w.l(d2f.o)
    0x080005ea   0x080005ea   0x00000002   PAD
    0x080005ec   0x080005ec   0x00000014   Code   RO         3202    .text               mf_w.l(cfcmple.o)
    0x08000600   0x08000600   0x00000014   Code   RO         3204    .text               mf_w.l(cfrcmple.o)
    0x08000614   0x08000614   0x0000002c   Code   RO         3223    .text               mc_w.l(uidiv.o)
    0x08000640   0x08000640   0x00000062   Code   RO         3225    .text               mc_w.l(uldiv.o)
    0x080006a2   0x080006a2   0x00000070   Code   RO         3234    .text               mc_w.l(strtol.o)
    0x08000712   0x08000712   0x00000000   Code   RO         3236    .text               mc_w.l(iusefp.o)
    0x08000712   0x08000712   0x0000006e   Code   RO         3237    .text               mf_w.l(fepilogue.o)
    0x08000780   0x08000780   0x000000ba   Code   RO         3239    .text               mf_w.l(depilogue.o)
    0x0800083a   0x0800083a   0x0000014e   Code   RO         3241    .text               mf_w.l(dadd.o)
    0x08000988   0x08000988   0x00000030   Code   RO         3243    .text               mf_w.l(dfixul.o)
    0x080009b8   0x080009b8   0x00000030   Code   RO         3245    .text               mf_w.l(cdrcmple.o)
    0x080009e8   0x080009e8   0x00000024   Code   RO         3247    .text               mc_w.l(init.o)
    0x08000a0c   0x08000a0c   0x0000001e   Code   RO         3250    .text               mc_w.l(llshl.o)
    0x08000a2a   0x08000a2a   0x00000024   Code   RO         3252    .text               mc_w.l(llsshr.o)
    0x08000a4e   0x08000a4e   0x00000002   PAD
    0x08000a50   0x08000a50   0x00000008   Code   RO         3254    .text               mc_w.l(ctype_o.o)
    0x08000a58   0x08000a58   0x0000009e   Code   RO         3282    .text               mc_w.l(_strtoul.o)
    0x08000af6   0x08000af6   0x0000001c   Code   RO         3285    .text               mc_w.l(_chval.o)
    0x08000b12   0x08000b12   0x00000052   Code   RO          967    i.ADC_ConversionStop_Disable  stm32f1xx_hal_adc.o
    0x08000b64   0x08000b64   0x00000084   Code   RO          971    i.ADC_Enable        stm32f1xx_hal_adc.o
    0x08000be8   0x08000be8   0x00000004   Code   RO          764    i.BusFault_Handler  stm32f1xx_it.o
    0x08000bec   0x08000bec   0x00000010   Code   RO          765    i.DMA1_Channel1_IRQHandler  stm32f1xx_it.o
    0x08000bfc   0x08000bfc   0x00000010   Code   RO          766    i.DMA1_Channel4_IRQHandler  stm32f1xx_it.o
    0x08000c0c   0x08000c0c   0x00000010   Code   RO          767    i.DMA1_Channel5_IRQHandler  stm32f1xx_it.o
    0x08000c1c   0x08000c1c   0x00000010   Code   RO          768    i.DMA1_Channel6_IRQHandler  stm32f1xx_it.o
    0x08000c2c   0x08000c2c   0x00000010   Code   RO          769    i.DMA1_Channel7_IRQHandler  stm32f1xx_it.o
    0x08000c3c   0x08000c3c   0x0000002c   Code   RO         2011    i.DMA_SetConfig     stm32f1xx_hal_dma.o
    0x08000c68   0x08000c68   0x00000050   Code   RO          474    i.DS18B20_Read      hlds18b20.o
    0x08000cb8   0x08000cb8   0x00000078   Code   RO          475    i.DS18B20_ReadTemperature  hlds18b20.o
    0x08000d30   0x08000d30   0x00000048   Code   RO          476    i.DS18B20_Start     hlds18b20.o
    0x08000d78   0x08000d78   0x0000005c   Code   RO          477    i.DS18B20_Write     hlds18b20.o
    0x08000dd4   0x08000dd4   0x0000004c   Code   RO          531    i.DWT_Delay_Init    dwt_stm32_delay.o
    0x08000e20   0x08000e20   0x0000002c   Code   RO          532    i.DWT_Delay_us      dwt_stm32_delay.o
    0x08000e4c   0x08000e4c   0x00000002   Code   RO          770    i.DebugMon_Handler  stm32f1xx_it.o
    0x08000e4e   0x08000e4e   0x00000002   Code   RO          682    i.Error_Handler     main.o
    0x08000e50   0x08000e50   0x00000160   Code   RO          973    i.HAL_ADC_ConfigChannel  stm32f1xx_hal_adc.o
    0x08000fb0   0x08000fb0   0x00000008   Code   RO          980    i.HAL_ADC_GetValue  stm32f1xx_hal_adc.o
    0x08000fb8   0x08000fb8   0x00000144   Code   RO          982    i.HAL_ADC_Init      stm32f1xx_hal_adc.o
    0x080010fc   0x080010fc   0x000000b0   Code   RO          883    i.HAL_ADC_MspInit   stm32f1xx_hal_msp.o
    0x080011ac   0x080011ac   0x00000170   Code   RO          986    i.HAL_ADC_PollForConversion  stm32f1xx_hal_adc.o
    0x0800131c   0x0800131c   0x00000130   Code   RO          988    i.HAL_ADC_Start     stm32f1xx_hal_adc.o
    0x0800144c   0x0800144c   0x000000b0   Code   RO         2013    i.HAL_DMA_Abort_IT  stm32f1xx_hal_dma.o
    0x080014fc   0x080014fc   0x0000019c   Code   RO         2017    i.HAL_DMA_IRQHandler  stm32f1xx_hal_dma.o
    0x08001698   0x08001698   0x00000068   Code   RO         2018    i.HAL_DMA_Init      stm32f1xx_hal_dma.o
    0x08001700   0x08001700   0x0000009c   Code   RO         2022    i.HAL_DMA_Start_IT  stm32f1xx_hal_dma.o
    0x0800179c   0x0800179c   0x00000028   Code   RO         1647    i.HAL_Delay         stm32f1xx_hal.o
    0x080017c4   0x080017c4   0x0000031c   Code   RO         1948    i.HAL_GPIO_Init     stm32f1xx_hal_gpio.o
    0x08001ae0   0x08001ae0   0x00000010   Code   RO         1950    i.HAL_GPIO_ReadPin  stm32f1xx_hal_gpio.o
    0x08001af0   0x08001af0   0x0000000c   Code   RO         1952    i.HAL_GPIO_WritePin  stm32f1xx_hal_gpio.o
    0x08001afc   0x08001afc   0x0000000c   Code   RO         1651    i.HAL_GetTick       stm32f1xx_hal.o
    0x08001b08   0x08001b08   0x00000018   Code   RO         1655    i.HAL_IncTick       stm32f1xx_hal.o
    0x08001b20   0x08001b20   0x00000028   Code   RO         1656    i.HAL_Init          stm32f1xx_hal.o
    0x08001b48   0x08001b48   0x0000004c   Code   RO         1657    i.HAL_InitTick      stm32f1xx_hal.o
    0x08001b94   0x08001b94   0x00000054   Code   RO          884    i.HAL_MspInit       stm32f1xx_hal_msp.o
    0x08001be8   0x08001be8   0x0000001a   Code   RO         2108    i.HAL_NVIC_EnableIRQ  stm32f1xx_hal_cortex.o
    0x08001c02   0x08001c02   0x0000007c   Code   RO         2114    i.HAL_NVIC_SetPriority  stm32f1xx_hal_cortex.o
    0x08001c7e   0x08001c7e   0x00000002   PAD
    0x08001c80   0x08001c80   0x00000028   Code   RO         2115    i.HAL_NVIC_SetPriorityGrouping  stm32f1xx_hal_cortex.o
    0x08001ca8   0x08001ca8   0x00000120   Code   RO         1910    i.HAL_RCCEx_GetPeriphCLKFreq  stm32f1xx_hal_rcc_ex.o
    0x08001dc8   0x08001dc8   0x00000130   Code   RO         1911    i.HAL_RCCEx_PeriphCLKConfig  stm32f1xx_hal_rcc_ex.o
    0x08001ef8   0x08001ef8   0x000001d0   Code   RO         1803    i.HAL_RCC_ClockConfig  stm32f1xx_hal_rcc.o
    0x080020c8   0x080020c8   0x0000000c   Code   RO         1808    i.HAL_RCC_GetHCLKFreq  stm32f1xx_hal_rcc.o
    0x080020d4   0x080020d4   0x00000020   Code   RO         1810    i.HAL_RCC_GetPCLK1Freq  stm32f1xx_hal_rcc.o
    0x080020f4   0x080020f4   0x00000020   Code   RO         1811    i.HAL_RCC_GetPCLK2Freq  stm32f1xx_hal_rcc.o
    0x08002114   0x08002114   0x00000094   Code   RO         1812    i.HAL_RCC_GetSysClockFreq  stm32f1xx_hal_rcc.o
    0x080021a8   0x080021a8   0x00000440   Code   RO         1815    i.HAL_RCC_OscConfig  stm32f1xx_hal_rcc.o
    0x080025e8   0x080025e8   0x00000034   Code   RO         2119    i.HAL_SYSTICK_Config  stm32f1xx_hal_cortex.o
    0x0800261c   0x0800261c   0x00000002   Code   RO         1330    i.HAL_UART_ErrorCallback  stm32f1xx_hal_uart.o
    0x0800261e   0x0800261e   0x00000002   PAD
    0x08002620   0x08002620   0x0000014c   Code   RO         1333    i.HAL_UART_IRQHandler  stm32f1xx_hal_uart.o
    0x0800276c   0x0800276c   0x00000072   Code   RO         1334    i.HAL_UART_Init     stm32f1xx_hal_uart.o
    0x080027de   0x080027de   0x00000002   PAD
    0x080027e0   0x080027e0   0x000001fc   Code   RO          886    i.HAL_UART_MspInit  stm32f1xx_hal_msp.o
    0x080029dc   0x080029dc   0x000000c4   Code   RO         1338    i.HAL_UART_Receive_DMA  stm32f1xx_hal_uart.o
    0x08002aa0   0x08002aa0   0x00000070   Code   RO         1339    i.HAL_UART_Receive_IT  stm32f1xx_hal_uart.o
    0x08002b10   0x08002b10   0x00000044   Code   RO          407    i.HAL_UART_RxCpltCallback  my_uart.o
    0x08002b54   0x08002b54   0x00000028   Code   RO          408    i.HAL_UART_RxHalfCpltCallback  my_uart.o
    0x08002b7c   0x08002b7c   0x0000009c   Code   RO         1343    i.HAL_UART_Transmit_DMA  stm32f1xx_hal_uart.o
    0x08002c18   0x08002c18   0x00000030   Code   RO          409    i.HAL_UART_TxCpltCallback  my_uart.o
    0x08002c48   0x08002c48   0x00000002   Code   RO         1346    i.HAL_UART_TxHalfCpltCallback  stm32f1xx_hal_uart.o
    0x08002c4a   0x08002c4a   0x00000002   PAD
    0x08002c4c   0x08002c4c   0x0000001c   Code   RO          771    i.HardFault_Handler  stm32f1xx_it.o
    0x08002c68   0x08002c68   0x0000000c   Code   RO           13    i.LCD1602_1stLine   stm_my_lcd16x2.o
    0x08002c74   0x08002c74   0x0000000c   Code   RO           14    i.LCD1602_2ndLine   stm_my_lcd16x2.o
    0x08002c80   0x08002c80   0x000000c8   Code   RO           15    i.LCD1602_Begin4BIT  stm_my_lcd16x2.o
    0x08002d48   0x08002d48   0x00000034   Code   RO           17    i.LCD1602_EnablePulse  stm_my_lcd16x2.o
    0x08002d7c   0x08002d7c   0x00000030   Code   RO           21    i.LCD1602_RS        stm_my_lcd16x2.o
    0x08002dac   0x08002dac   0x00000022   Code   RO           23    i.LCD1602_TIM_MicorSecDelay  stm_my_lcd16x2.o
    0x08002dce   0x08002dce   0x00000010   Code   RO           26    i.LCD1602_clear     stm_my_lcd16x2.o
    0x08002dde   0x08002dde   0x00000002   PAD
    0x08002de0   0x08002de0   0x0000001c   Code   RO           29    i.LCD1602_noBlink   stm_my_lcd16x2.o
    0x08002dfc   0x08002dfc   0x0000001e   Code   RO           32    i.LCD1602_print     stm_my_lcd16x2.o
    0x08002e1a   0x08002e1a   0x00000028   Code   RO           33    i.LCD1602_setCursor  stm_my_lcd16x2.o
    0x08002e42   0x08002e42   0x00000002   PAD
    0x08002e44   0x08002e44   0x00000158   Code   RO           36    i.LCD1602_write     stm_my_lcd16x2.o
    0x08002f9c   0x08002f9c   0x00000068   Code   RO           37    i.LCD1602_write4bitCommand  stm_my_lcd16x2.o
    0x08003004   0x08003004   0x00000012   Code   RO           38    i.LCD1602_writeCommand  stm_my_lcd16x2.o
    0x08003016   0x08003016   0x00000012   Code   RO           39    i.LCD1602_writeData  stm_my_lcd16x2.o
    0x08003028   0x08003028   0x00000050   Code   RO          683    i.LcdHandler        main.o
    0x08003078   0x08003078   0x00000018   Code   RO          410    i.LoraReceiveDMA    my_uart.o
    0x08003090   0x08003090   0x00000002   Code   RO          411    i.LoraReceiveIT     my_uart.o
    0x08003092   0x08003092   0x00000002   PAD
    0x08003094   0x08003094   0x00000060   Code   RO          684    i.MX_ADC1_Init      main.o
    0x080030f4   0x080030f4   0x00000074   Code   RO          685    i.MX_DMA_Init       main.o
    0x08003168   0x08003168   0x000000c8   Code   RO          686    i.MX_GPIO_Init      main.o
    0x08003230   0x08003230   0x00000038   Code   RO          688    i.MX_USART1_UART_Init  main.o
    0x08003268   0x08003268   0x00000048   Code   RO          689    i.MX_USART2_UART_Init  main.o
    0x080032b0   0x080032b0   0x00000004   Code   RO          772    i.MemManage_Handler  stm32f1xx_it.o
    0x080032b4   0x080032b4   0x00000002   Code   RO          773    i.NMI_Handler       stm32f1xx_it.o
    0x080032b6   0x080032b6   0x00000002   PAD
    0x080032b8   0x080032b8   0x00000010   Code   RO         2121    i.NVIC_GetPriorityGrouping  stm32f1xx_hal_cortex.o
    0x080032c8   0x080032c8   0x00000028   Code   RO         2122    i.NVIC_SetPriority  stm32f1xx_hal_cortex.o
    0x080032f0   0x080032f0   0x00000002   Code   RO          774    i.PendSV_Handler    stm32f1xx_it.o
    0x080032f2   0x080032f2   0x00000002   PAD
    0x080032f4   0x080032f4   0x00000028   Code   RO         1816    i.RCC_Delay         stm32f1xx_hal_rcc.o
    0x0800331c   0x0800331c   0x00000018   Code   RO          413    i.SIMReceiveIT      my_uart.o
    0x08003334   0x08003334   0x00000002   Code   RO          775    i.SVC_Handler       stm32f1xx_it.o
    0x08003336   0x08003336   0x00000002   PAD
    0x08003338   0x08003338   0x0000002c   Code   RO          478    i.Set_Pin_Input     hlds18b20.o
    0x08003364   0x08003364   0x0000002c   Code   RO          479    i.Set_Pin_Output    hlds18b20.o
    0x08003390   0x08003390   0x00000008   Code   RO          776    i.SysTick_Handler   stm32f1xx_it.o
    0x08003398   0x08003398   0x00000088   Code   RO          690    i.SystemClock_Config  main.o
    0x08003420   0x08003420   0x00000058   Code   RO         2563    i.SystemInit        system_stm32f1xx.o
    0x08003478   0x08003478   0x00000014   Code   RO         1347    i.UART_DMAAbortOnError  stm32f1xx_hal_uart.o
    0x0800348c   0x0800348c   0x00000050   Code   RO         1348    i.UART_DMAError     stm32f1xx_hal_uart.o
    0x080034dc   0x080034dc   0x00000046   Code   RO         1349    i.UART_DMAReceiveCplt  stm32f1xx_hal_uart.o
    0x08003522   0x08003522   0x0000000e   Code   RO         1351    i.UART_DMARxHalfCplt  stm32f1xx_hal_uart.o
    0x08003530   0x08003530   0x00000036   Code   RO         1353    i.UART_DMATransmitCplt  stm32f1xx_hal_uart.o
    0x08003566   0x08003566   0x0000000e   Code   RO         1355    i.UART_DMATxHalfCplt  stm32f1xx_hal_uart.o
    0x08003574   0x08003574   0x00000020   Code   RO         1357    i.UART_EndRxTransfer  stm32f1xx_hal_uart.o
    0x08003594   0x08003594   0x00000020   Code   RO         1358    i.UART_EndTransmit_IT  stm32f1xx_hal_uart.o
    0x080035b4   0x080035b4   0x00000014   Code   RO         1359    i.UART_EndTxTransfer  stm32f1xx_hal_uart.o
    0x080035c8   0x080035c8   0x000000a6   Code   RO         1360    i.UART_Receive_IT   stm32f1xx_hal_uart.o
    0x0800366e   0x0800366e   0x00000002   PAD
    0x08003670   0x08003670   0x000001c8   Code   RO         1361    i.UART_SetConfig    stm32f1xx_hal_uart.o
    0x08003838   0x08003838   0x00000068   Code   RO         1362    i.UART_Transmit_IT  stm32f1xx_hal_uart.o
    0x080038a0   0x080038a0   0x00000014   Code   RO          777    i.USART1_IRQHandler  stm32f1xx_it.o
    0x080038b4   0x080038b4   0x00000014   Code   RO          778    i.USART2_IRQHandler  stm32f1xx_it.o
    0x080038c8   0x080038c8   0x00000004   Code   RO          779    i.UsageFault_Handler  stm32f1xx_it.o
    0x080038cc   0x080038cc   0x00000028   Code   RO         3150    i.__0sprintf        mc_w.l(printfa.o)
    0x080038f4   0x080038f4   0x00000008   Code   RO         3227    i.__aeabi_errno_addr  mc_w.l(errno.o)
    0x080038fc   0x080038fc   0x0000000e   Code   RO         3289    i.__scatterload_copy  mc_w.l(handlers.o)
    0x0800390a   0x0800390a   0x00000002   Code   RO         3290    i.__scatterload_null  mc_w.l(handlers.o)
    0x0800390c   0x0800390c   0x0000000e   Code   RO         3291    i.__scatterload_zeroinit  mc_w.l(handlers.o)
    0x0800391a   0x0800391a   0x00000002   PAD
    0x0800391c   0x0800391c   0x00000184   Code   RO         3155    i._fp_digits        mc_w.l(printfa.o)
    0x08003aa0   0x08003aa0   0x000006dc   Code   RO         3156    i._printf_core      mc_w.l(printfa.o)
    0x0800417c   0x0800417c   0x00000024   Code   RO         3157    i._printf_post_padding  mc_w.l(printfa.o)
    0x080041a0   0x080041a0   0x0000002e   Code   RO         3158    i._printf_pre_padding  mc_w.l(printfa.o)
    0x080041ce   0x080041ce   0x0000000a   Code   RO         3160    i._sputc            mc_w.l(printfa.o)
    0x080041d8   0x080041d8   0x00000030   Code   RO          369    i.hlp_convert       hl_printf.o
    0x08004208   0x08004208   0x0000000e   Code   RO          370    i.hlp_putchar       hl_printf.o
    0x08004216   0x08004216   0x00000028   Code   RO          371    i.hlp_puts          hl_printf.o
    0x0800423e   0x0800423e   0x00000002   PAD
    0x08004240   0x08004240   0x00000024   Code   RO          561    i.hm_average        humidity.o
    0x08004264   0x08004264   0x00000034   Code   RO          562    i.hm_log_shif       humidity.o
    0x08004298   0x08004298   0x000000a0   Code   RO          563    i.humidity_measure_process  humidity.o
    0x08004338   0x08004338   0x00000144   Code   RO          564    i.humidity_warning_check  humidity.o
    0x0800447c   0x0800447c   0x00000016   Code   RO         2724    i.isPhonenumberCharacter  sim_callback.o
    0x08004492   0x08004492   0x00000002   Code   RO          286    i.lora_connected_callback  lora.o
    0x08004494   0x08004494   0x000000e4   Code   RO          287    i.lora_decode       lora.o
    0x08004578   0x08004578   0x0000000c   Code   RO          288    i.lora_is_connected  lora.o
    0x08004584   0x08004584   0x0000000c   Code   RO          289    i.lora_loss_connect_callback  lora.o
    0x08004590   0x08004590   0x00000090   Code   RO          291    i.lora_receive_process  lora.o
    0x08004620   0x08004620   0x00000028   Code   RO          292    i.lora_send_data    lora.o
    0x08004648   0x08004648   0x00000378   Code   RO          691    i.main              main.o
    0x080049c0   0x080049c0   0x00000010   Code   RO          655    i.ring_buffer_clear  ring_buffer.o
    0x080049d0   0x080049d0   0x00000042   Code   RO          656    i.ring_buffer_pop   ring_buffer.o
    0x08004a12   0x08004a12   0x00000032   Code   RO          657    i.ring_buffer_push  ring_buffer.o
    0x08004a44   0x08004a44   0x00000034   Code   RO         2599    i.sim_async_init    sim.o
    0x08004a78   0x08004a78   0x00000074   Code   RO         2600    i.sim_async_sendmsg  sim.o
    0x08004aec   0x08004aec   0x00000002   Code   RO         2725    i.sim_busy_callback  sim_callback.o
    0x08004aee   0x08004aee   0x00000002   PAD
    0x08004af0   0x08004af0   0x0000000c   Code   RO         2726    i.sim_call_ready_callback  sim_callback.o
    0x08004afc   0x08004afc   0x00000010   Code   RO         2727    i.sim_clear_buffer  sim_callback.o
    0x08004b0c   0x08004b0c   0x00000002   Code   RO         2728    i.sim_cmd_failed_callback  sim_callback.o
    0x08004b0e   0x08004b0e   0x00000002   PAD
    0x08004b10   0x08004b10   0x0000000c   Code   RO         2729    i.sim_error_callback  sim_callback.o
    0x08004b1c   0x08004b1c   0x0000000c   Code   RO         2730    i.sim_init_failed_callback  sim_callback.o
    0x08004b28   0x08004b28   0x00000078   Code   RO         2731    i.sim_init_ok_callback  sim_callback.o
    0x08004ba0   0x08004ba0   0x00000164   Code   RO         2602    i.sim_init_step_process  sim.o
    0x08004d04   0x08004d04   0x0000003c   Code   RO         2603    i.sim_is_init_ok    sim.o
    0x08004d40   0x08004d40   0x0000000c   Code   RO         2604    i.sim_is_initializing  sim.o
    0x08004d4c   0x08004d4c   0x0000000c   Code   RO         2605    i.sim_is_sendingMsg  sim.o
    0x08004d58   0x08004d58   0x000000f4   Code   RO         2606    i.sim_msg_follow_at_cmd  sim.o
    0x08004e4c   0x08004e4c   0x00000094   Code   RO         2607    i.sim_msg_follow_content  sim.o
    0x08004ee0   0x08004ee0   0x000000ac   Code   RO         2608    i.sim_msg_write_content  sim.o
    0x08004f8c   0x08004f8c   0x00000002   Code   RO         2732    i.sim_nocarrier_callback  sim_callback.o
    0x08004f8e   0x08004f8e   0x00000002   PAD
    0x08004f90   0x08004f90   0x00000094   Code   RO         2609    i.sim_off           sim.o
    0x08005024   0x08005024   0x0000000c   Code   RO         2733    i.sim_ok_callback   sim_callback.o
    0x08005030   0x08005030   0x0000000c   Code   RO         2734    i.sim_on_callback   sim_callback.o
    0x0800503c   0x0800503c   0x00000054   Code   RO         2610    i.sim_poll          sim.o
    0x08005090   0x08005090   0x00000234   Code   RO         2611    i.sim_poll_init     sim.o
    0x080052c4   0x080052c4   0x00000058   Code   RO         2612    i.sim_poll_send_msg  sim.o
    0x0800531c   0x0800531c   0x000000fc   Code   RO         2872    i.sim_printf        sim_port.o
    0x08005418   0x08005418   0x0000000c   Code   RO         2613    i.sim_process       sim.o
    0x08005424   0x08005424   0x00000168   Code   RO         2735    i.sim_receive_decode  sim_callback.o
    0x0800558c   0x0800558c   0x000000d8   Code   RO         2736    i.sim_receive_process  sim_callback.o
    0x08005664   0x08005664   0x00000080   Code   RO         2614    i.sim_retry_init    sim.o
    0x080056e4   0x080056e4   0x00000018   Code   RO         2737    i.sim_ring_callback  sim_callback.o
    0x080056fc   0x080056fc   0x00000028   Code   RO         2873    i.sim_send_data     sim_port.o
    0x08005724   0x08005724   0x00000050   Code   RO         2615    i.sim_sendmsg_at    sim.o
    0x08005774   0x08005774   0x0000000c   Code   RO         2738    i.sim_sms_ready_callback  sim_callback.o
    0x08005780   0x08005780   0x00000044   Code   RO         2739    i.sim_sms_receive_new_callback  sim_callback.o
    0x080057c4   0x080057c4   0x00000014   Code   RO         2740    i.sim_sms_send_msg_failed_callback  sim_callback.o
    0x080057d8   0x080057d8   0x00000018   Code   RO         2741    i.sim_sms_send_msg_ok_callback  sim_callback.o
    0x080057f0   0x080057f0   0x0000000c   Code   RO         2742    i.sim_sms_text_msg_callback  sim_callback.o
    0x080057fc   0x080057fc   0x00000034   Code   RO          611    i.temp_average      thermal.o
    0x08005830   0x08005830   0x00000034   Code   RO          612    i.temp_log_shif     thermal.o
    0x08005864   0x08005864   0x00000090   Code   RO          613    i.temp_measure_process  thermal.o
    0x080058f4   0x080058f4   0x000000bc   Code   RO          614    i.temp_warning_check  thermal.o
    0x080059b0   0x080059b0   0x00000018   Data   RO         2564    .constdata          system_stm32f1xx.o
    0x080059c8   0x080059c8   0x00000081   Data   RO         3255    .constdata          mc_w.l(ctype_o.o)
    0x08005a49   0x08005a49   0x00000003   PAD
    0x08005a4c   0x08005a4c   0x00000004   Data   RO         3256    .constdata          mc_w.l(ctype_o.o)
    0x08005a50   0x08005a50   0x00000020   Data   RO         3287    Region$$Table       anon$$obj.o


    Execution Region RW_IRAM1 (Exec base: 0x20000000, Load base: 0x08005a70, Size: 0x00003e20, Max: 0x00005000, ABSOLUTE)

    Exec Addr    Load Addr    Size         Type   Attr      Idx    E Section Name        Object

    0x20000000   0x08005a70   0x00000026   Data   RW           40    .data               stm_my_lcd16x2.o
    0x20000026   0x08005a96   0x00000002   PAD
    0x20000028   0x08005a98   0x00000008   Data   RW          294    .data               lora.o
    0x20000030   0x08005aa0   0x00000011   Data   RW          374    .data               hl_printf.o
    0x20000041   0x08005ab1   0x00000008   Data   RW          414    .data               my_uart.o
    0x20000049   0x08005ab9   0x00000003   PAD
    0x2000004c   0x08005abc   0x00000015   Data   RW          566    .data               humidity.o
    0x20000061   0x08005ad1   0x00000003   PAD
    0x20000064   0x08005ad4   0x0000000c   Data   RW          616    .data               thermal.o
    0x20000070   0x08005ae0   0x00000025   Data   RW          693    .data               main.o
    0x20000095   0x08005b05   0x00000003   PAD
    0x20000098   0x08005b08   0x00000009   Data   RW         1663    .data               stm32f1xx_hal.o
    0x200000a1   0x08005b11   0x00000003   PAD
    0x200000a4   0x08005b14   0x00000004   Data   RW         2565    .data               system_stm32f1xx.o
    0x200000a8   0x08005b18   0x00000035   Data   RW         2617    .data               sim.o
    0x200000dd   0x08005b4d   0x00000003   PAD
    0x200000e0   0x08005b50   0x00000004   Data   RW         3230    .data               mc_w.l(errno.o)
    0x200000e4        -       0x00000c90   Zero   RW          293    .bss                lora.o
    0x20000d74        -       0x00000032   Zero   RW          373    .bss                hl_printf.o
    0x20000da6        -       0x00000028   Zero   RW          565    .bss                humidity.o
    0x20000dce        -       0x00000028   Zero   RW          615    .bss                thermal.o
    0x20000df6   0x08005b54   0x00000002   PAD
    0x20000df8        -       0x00000210   Zero   RW          692    .bss                main.o
    0x20001008        -       0x00000094   Zero   RW         2616    .bss                sim.o
    0x2000109c        -       0x00000d84   Zero   RW         2743    .bss                sim_callback.o
    0x20001e20        -       0x00002000   Zero   RW            1    STACK               startup_stm32f103xb.o


==============================================================================

Image component sizes


      Code (inc. data)   RO Data    RW Data    ZI Data      Debug   Object Name

       120         18          0          0          0       1044   dwt_stm32_delay.o
       102          8          0         17         50       2099   hl_printf.o
       452         28          0          0          0       3282   hlds18b20.o
       572        134          0         21         40       4948   humidity.o
       438         52          0          8       3216       5724   lora.o
      1646        280          0         37        528       6695   main.o
       206         72          0          8          0       3605   my_uart.o
       132          0          0          0          0       2041   ring_buffer.o
      2276        644          0         53        148      10092   sim.o
       960        264          0          0       3460      10823   sim_callback.o
       292         40          0          0          0       1726   sim_port.o
        36          8        236          0       8192        800   startup_stm32f103xb.o
       192         36          0          9          0       5849   stm32f1xx_hal.o
      1570         62          0          0          0       6280   stm32f1xx_hal_adc.o
       298         22          0          0          0      26187   stm32f1xx_hal_cortex.o
       892         12          0          0          0       4170   stm32f1xx_hal_dma.o
       824         32          0          0          0       3279   stm32f1xx_hal_gpio.o
       768         68          0          0          0       2775   stm32f1xx_hal_msp.o
      1816        108          0          0          0       5924   stm32f1xx_hal_rcc.o
       592         48          0          0          0       2389   stm32f1xx_hal_rcc_ex.o
      1976         40          0          0          0      12662   stm32f1xx_hal_uart.o
       176         56          0          0          0       7021   stm32f1xx_it.o
       956        128          0         38          0     428070   stm_my_lcd16x2.o
        88         18         24          4          0       1147   system_stm32f1xx.o
       436        126          0         12         40       3134   thermal.o

    ----------------------------------------------------------------------
     17846       2304        292        224      15676     561766   Object Totals
         0          0         32          0          0          0   (incl. Generated)
        30          0          0         17          2          0   (incl. Padding)

    ----------------------------------------------------------------------

      Code (inc. data)   RO Data    RW Data    ZI Data      Debug   Library Member Name

        28          0          0          0          0         68   _chval.o
       158          0          0          0          0         92   _strtoul.o
        26          0          0          0          0         80   atoi.o
         8          4        133          0          0         68   ctype_o.o
         0          0          0          0          0          0   entry.o
         0          0          0          0          0          0   entry10a.o
         0          0          0          0          0          0   entry11a.o
         8          4          0          0          0          0   entry2.o
         4          0          0          0          0          0   entry5.o
         0          0          0          0          0          0   entry7b.o
         0          0          0          0          0          0   entry8b.o
         8          4          0          0          0          0   entry9a.o
         8          4          0          4          0         68   errno.o
        30          0          0          0          0          0   handlers.o
        36          8          0          0          0         68   init.o
         0          0          0          0          0          0   iusefp.o
        30          0          0          0          0         68   llshl.o
        36          0          0          0          0         68   llsshr.o
        32          0          0          0          0         68   llushr.o
        36          0          0          0          0        108   memseta.o
      2276         86          0          0          0        520   printfa.o
        28          0          0          0          0         76   strcmp.o
        18          0          0          0          0         68   strcpy.o
        14          0          0          0          0         68   strlen.o
        36          0          0          0          0         80   strstr.o
       112          0          0          0          0         88   strtol.o
        44          0          0          0          0         80   uidiv.o
        98          0          0          0          0         92   uldiv.o
        48          0          0          0          0         68   cdrcmple.o
        20          0          0          0          0         68   cfcmple.o
        20          0          0          0          0         68   cfrcmple.o
        56          0          0          0          0         88   d2f.o
       334          0          0          0          0        148   dadd.o
       222          0          0          0          0        100   ddiv.o
       186          0          0          0          0        176   depilogue.o
        48          0          0          0          0         68   dfixul.o
        26          0          0          0          0         76   dfltui.o
       228          0          0          0          0         96   dmul.o
       176          0          0          0          0        140   fadd.o
       124          0          0          0          0         88   fdiv.o
       110          0          0          0          0        168   fepilogue.o
        50          0          0          0          0         68   ffixi.o
        40          0          0          0          0         68   ffixui.o
        10          0          0          0          0         68   ffltui.o
       100          0          0          0          0         76   fmul.o

    ----------------------------------------------------------------------
      4878        110        136          4          0       3460   Library Totals
         6          0          3          0          0          0   (incl. Padding)

    ----------------------------------------------------------------------

      Code (inc. data)   RO Data    RW Data    ZI Data      Debug   Library Name

      3074        110        133          4          0       1828   mc_w.l
      1798          0          0          0          0       1632   mf_w.l

    ----------------------------------------------------------------------
      4878        110        136          4          0       3460   Library Totals

    ----------------------------------------------------------------------

==============================================================================


      Code (inc. data)   RO Data    RW Data    ZI Data      Debug   

     22724       2414        428        228      15676     555030   Grand Totals
     22724       2414        428        228      15676     555030   ELF Image Totals
     22724       2414        428        228          0          0   ROM Totals

==============================================================================

    Total RO  Size (Code + RO Data)                23152 (  22.61kB)
    Total RW  Size (RW Data + ZI Data)             15904 (  15.53kB)
    Total ROM Size (Code + RO Data + RW Data)      23380 (  22.83kB)

==============================================================================

