Component: ARM Compiler 5.06 update 6 (build 750) Tool: armlink [4d35ed]

==============================================================================

Section Cross References

    startup_stm32f103xb.o(RESET) refers to startup_stm32f103xb.o(STACK) for __initial_sp
    startup_stm32f103xb.o(RESET) refers to startup_stm32f103xb.o(.text) for Reset_Handler
    startup_stm32f103xb.o(RESET) refers to stm32f1xx_it.o(i.NMI_Handler) for NMI_Handler
    startup_stm32f103xb.o(RESET) refers to stm32f1xx_it.o(i.HardFault_Handler) for HardFault_Handler
    startup_stm32f103xb.o(RESET) refers to stm32f1xx_it.o(i.MemManage_Handler) for MemManage_Handler
    startup_stm32f103xb.o(RESET) refers to stm32f1xx_it.o(i.BusFault_Handler) for BusFault_Handler
    startup_stm32f103xb.o(RESET) refers to stm32f1xx_it.o(i.UsageFault_Handler) for UsageFault_Handler
    startup_stm32f103xb.o(RESET) refers to stm32f1xx_it.o(i.SVC_Handler) for SVC_Handler
    startup_stm32f103xb.o(RESET) refers to stm32f1xx_it.o(i.DebugMon_Handler) for DebugMon_Handler
    startup_stm32f103xb.o(RESET) refers to stm32f1xx_it.o(i.PendSV_Handler) for PendSV_Handler
    startup_stm32f103xb.o(RESET) refers to stm32f1xx_it.o(i.SysTick_Handler) for SysTick_Handler
    startup_stm32f103xb.o(RESET) refers to stm32f1xx_it.o(i.DMA1_Channel4_IRQHandler) for DMA1_Channel4_IRQHandler
    startup_stm32f103xb.o(RESET) refers to stm32f1xx_it.o(i.DMA1_Channel5_IRQHandler) for DMA1_Channel5_IRQHandler
    startup_stm32f103xb.o(RESET) refers to stm32f1xx_it.o(i.DMA1_Channel6_IRQHandler) for DMA1_Channel6_IRQHandler
    startup_stm32f103xb.o(RESET) refers to stm32f1xx_it.o(i.DMA1_Channel7_IRQHandler) for DMA1_Channel7_IRQHandler
    startup_stm32f103xb.o(RESET) refers to stm32f1xx_it.o(i.USART1_IRQHandler) for USART1_IRQHandler
    startup_stm32f103xb.o(RESET) refers to stm32f1xx_it.o(i.USART2_IRQHandler) for USART2_IRQHandler
    startup_stm32f103xb.o(.text) refers to system_stm32f1xx.o(i.SystemInit) for SystemInit
    startup_stm32f103xb.o(.text) refers to entry.o(.ARM.Collect$$$$00000000) for __main
    stm_my_lcd16x2.o(i.LCD1602_1stLine) refers to stm_my_lcd16x2.o(i.LCD1602_setCursor) for LCD1602_setCursor
    stm_my_lcd16x2.o(i.LCD1602_2ndLine) refers to stm_my_lcd16x2.o(i.LCD1602_setCursor) for LCD1602_setCursor
    stm_my_lcd16x2.o(i.LCD1602_Begin4BIT) refers to stm32f1xx_hal.o(i.HAL_Delay) for HAL_Delay
    stm_my_lcd16x2.o(i.LCD1602_Begin4BIT) refers to stm_my_lcd16x2.o(i.LCD1602_write4bitCommand) for LCD1602_write4bitCommand
    stm_my_lcd16x2.o(i.LCD1602_Begin4BIT) refers to stm_my_lcd16x2.o(i.LCD1602_writeCommand) for LCD1602_writeCommand
    stm_my_lcd16x2.o(i.LCD1602_Begin4BIT) refers to stm_my_lcd16x2.o(.data) for .data
    stm_my_lcd16x2.o(i.LCD1602_Begin8BIT) refers to stm_my_lcd16x2.o(i.LCD1602_TIM_Config) for LCD1602_TIM_Config
    stm_my_lcd16x2.o(i.LCD1602_Begin8BIT) refers to stm32f1xx_hal.o(i.HAL_Delay) for HAL_Delay
    stm_my_lcd16x2.o(i.LCD1602_Begin8BIT) refers to stm_my_lcd16x2.o(i.LCD1602_writeCommand) for LCD1602_writeCommand
    stm_my_lcd16x2.o(i.LCD1602_Begin8BIT) refers to stm_my_lcd16x2.o(.data) for .data
    stm_my_lcd16x2.o(i.LCD1602_EnablePulse) refers to stm32f1xx_hal_gpio.o(i.HAL_GPIO_WritePin) for HAL_GPIO_WritePin
    stm_my_lcd16x2.o(i.LCD1602_EnablePulse) refers to stm_my_lcd16x2.o(i.LCD1602_TIM_MicorSecDelay) for LCD1602_TIM_MicorSecDelay
    stm_my_lcd16x2.o(i.LCD1602_EnablePulse) refers to stm_my_lcd16x2.o(.data) for .data
    stm_my_lcd16x2.o(i.LCD1602_OneLine) refers to stm_my_lcd16x2.o(i.LCD1602_writeCommand) for LCD1602_writeCommand
    stm_my_lcd16x2.o(i.LCD1602_OneLine) refers to stm_my_lcd16x2.o(.data) for .data
    stm_my_lcd16x2.o(i.LCD1602_PrintFloat) refers to f2d.o(.text) for __aeabi_f2d
    stm_my_lcd16x2.o(i.LCD1602_PrintFloat) refers to printfa.o(i.__0sprintf) for __2sprintf
    stm_my_lcd16x2.o(i.LCD1602_PrintFloat) refers to stm_my_lcd16x2.o(i.LCD1602_print) for LCD1602_print
    stm_my_lcd16x2.o(i.LCD1602_PrintInt) refers to printfa.o(i.__0sprintf) for __2sprintf
    stm_my_lcd16x2.o(i.LCD1602_PrintInt) refers to stm_my_lcd16x2.o(i.LCD1602_print) for LCD1602_print
    stm_my_lcd16x2.o(i.LCD1602_RS) refers to stm32f1xx_hal_gpio.o(i.HAL_GPIO_WritePin) for HAL_GPIO_WritePin
    stm_my_lcd16x2.o(i.LCD1602_RS) refers to stm_my_lcd16x2.o(.data) for .data
    stm_my_lcd16x2.o(i.LCD1602_TIM_Config) refers to stm32f1xx_hal_rcc.o(i.HAL_RCC_GetClockConfig) for HAL_RCC_GetClockConfig
    stm_my_lcd16x2.o(i.LCD1602_TIM_Config) refers to stm32f1xx_hal_rcc.o(i.HAL_RCC_GetPCLK1Freq) for HAL_RCC_GetPCLK1Freq
    stm_my_lcd16x2.o(i.LCD1602_TIM_Config) refers to dfltui.o(.text) for __aeabi_ui2d
    stm_my_lcd16x2.o(i.LCD1602_TIM_Config) refers to dmul.o(.text) for __aeabi_dmul
    stm_my_lcd16x2.o(i.LCD1602_TIM_Config) refers to dfixui.o(.text) for __aeabi_d2uiz
    stm_my_lcd16x2.o(i.LCD1602_TIM_MicorSecDelay) refers to stm32f1xx_hal.o(i.HAL_Delay) for HAL_Delay
[...]
    i.DWT_Delay_Init                         0x08000c34   Section        0  dwt_stm32_delay.o(i.DWT_Delay_Init)
    i.DWT_Delay_us                           0x08000c78   Section        0  dwt_stm32_delay.o(i.DWT_Delay_us)
    i.DebugMon_Handler                       0x08000ca0   Section        0  stm32f1xx_it.o(i.DebugMon_Handler)
    i.Error_Handler                          0x08000ca2   Section        0  main.o(i.Error_Handler)
    i.HAL_ADC_ConfigChannel                  0x08000ca4   Section        0  stm32f1xx_hal_adc.o(i.HAL_ADC_ConfigChannel)
    i.HAL_ADC_GetValue                       0x08000da0   Section        0  stm32f1xx_hal_adc.o(i.HAL_ADC_GetValue)
    i.HAL_ADC_Init                           0x08000da8   Section        0  stm32f1xx_hal_adc.o(i.HAL_ADC_Init)
    i.HAL_ADC_MspInit                        0x08000ec4   Section        0  stm32f1xx_hal_msp.o(i.HAL_ADC_MspInit)
    i.HAL_ADC_PollForConversion              0x08000f1c   Section        0  stm32f1xx_hal_adc.o(i.HAL_ADC_PollForConversion)
    i.HAL_ADC_Start                          0x0800104c   Section        0  stm32f1xx_hal_adc.o(i.HAL_ADC_Start)
    i.HAL_DMA_Abort_IT                       0x0800110c   Section        0  stm32f1xx_hal_dma.o(i.HAL_DMA_Abort_IT)
    i.HAL_DMA_IRQHandler                     0x080011a4   Section        0  stm32f1xx_hal_dma.o(i.HAL_DMA_IRQHandler)
    i.HAL_DMA_Init                           0x080012fc   Section        0  stm32f1xx_hal_dma.o(i.HAL_DMA_Init)
    i.HAL_DMA_Start_IT                       0x08001358   Section        0  stm32f1xx_hal_dma.o(i.HAL_DMA_Start_IT)
    i.HAL_Delay                              0x080013c8   Section        0  stm32f1xx_hal.o(i.HAL_Delay)
    i.HAL_GPIO_Init                          0x080013ec   Section        0  stm32f1xx_hal_gpio.o(i.HAL_GPIO_Init)
    i.HAL_GPIO_ReadPin                       0x080015b4   Section        0  stm32f1xx_hal_gpio.o(i.HAL_GPIO_ReadPin)
    i.HAL_GPIO_WritePin                      0x080015be   Section        0  stm32f1xx_hal_gpio.o(i.HAL_GPIO_WritePin)
    i.HAL_GetTick                            0x080015c8   Section        0  stm32f1xx_hal.o(i.HAL_GetTick)
    i.HAL_IWDG_Init                          0x080015d4   Section        0  stm32f1xx_hal_iwdg.o(i.HAL_IWDG_Init)
    i.HAL_IWDG_Refresh                       0x08001624   Section        0  stm32f1xx_hal_iwdg.o(i.HAL_IWDG_Refresh)
    i.HAL_IncTick                            0x08001630   Section        0  stm32f1xx_hal.o(i.HAL_IncTick)
    i.HAL_Init                               0x08001640   Section        0  stm32f1xx_hal.o(i.HAL_Init)
    i.HAL_InitTick                           0x08001664   Section        0  stm32f1xx_hal.o(i.HAL_InitTick)
    i.HAL_MspInit                            0x080016a4   Section        0  stm32f1xx_hal_msp.o(i.HAL_MspInit)
    i.HAL_NVIC_EnableIRQ                     0x080016e0   Section        0  stm32f1xx_hal_cortex.o(i.HAL_NVIC_EnableIRQ)
    i.HAL_NVIC_SetPriority                   0x080016f8   Section        0  stm32f1xx_hal_cortex.o(i.HAL_NVIC_SetPriority)
    i.HAL_NVIC_SetPriorityGrouping           0x08001738   Section        0  stm32f1xx_hal_cortex.o(i.HAL_NVIC_SetPriorityGrouping)
    i.HAL_RCCEx_GetPeriphCLKFreq             0x0800175c   Section        0  stm32f1xx_hal_rcc_ex.o(i.HAL_RCCEx_GetPeriphCLKFreq)
    i.HAL_RCCEx_PeriphCLKConfig              0x08001820   Section        0  stm32f1xx_hal_rcc_ex.o(i.HAL_RCCEx_PeriphCLKConfig)
    i.HAL_RCC_ClockConfig                    0x08001908   Section        0  stm32f1xx_hal_rcc.o(i.HAL_RCC_ClockConfig)
    i.HAL_RCC_GetHCLKFreq                    0x08001a70   Section        0  stm32f1xx_hal_rcc.o(i.HAL_RCC_GetHCLKFreq)
    i.HAL_RCC_GetPCLK1Freq                   0x08001a7c   Section        0  stm32f1xx_hal_rcc.o(i.HAL_RCC_GetPCLK1Freq)
    i.HAL_RCC_GetPCLK2Freq                   0x08001a9c   Section        0  stm32f1xx_hal_rcc.o(i.HAL_RCC_GetPCLK2Freq)
    i.HAL_RCC_GetSysClockFreq                0x08001abc   Section        0  stm32f1xx_hal_rcc.o(i.HAL_RCC_GetSysClockFreq)
    i.HAL_RCC_OscConfig                      0x08001b28   Section        0  stm32f1xx_hal_rcc.o(i.HAL_RCC_OscConfig)
    i.HAL_SYSTICK_Config                     0x08001e20   Section        0  stm32f1xx_hal_cortex.o(i.HAL_SYSTICK_Config)
    i.HAL_UART_ErrorCallback                 0x08001e48   Section        0  stm32f1xx_hal_uart.o(i.HAL_UART_ErrorCallback)
    i.HAL_UART_IRQHandler                    0x08001e4c   Section        0  stm32f1xx_hal_uart.o(i.HAL_UART_IRQHandler)
    i.HAL_UART_Init                          0x08001f5c   Section        0  stm32f1xx_hal_uart.o(i.HAL_UART_Init)
    i.HAL_UART_MspInit                       0x08001fc0   Section        0  stm32f1xx_hal_msp.o(i.HAL_UART_MspInit)
    i.HAL_UART_Receive_DMA                   0x08002158   Section        0  stm32f1xx_hal_uart.o(i.HAL_UART_Receive_DMA)
    i.HAL_UART_Receive_IT                    0x080021f0   Section        0  stm32f1xx_hal_uart.o(i.HAL_UART_Receive_IT)
    i.HAL_UART_RxCpltCallback                0x08002244   Section        0  my_uart.o(i.HAL_UART_RxCpltCallback)
    i.HAL_UART_RxHalfCpltCallback            0x0800227c   Section        0  my_uart.o(i.HAL_UART_RxHalfCpltCallback)
    i.HAL_UART_Transmit_DMA                  0x0800229c   Section        0  stm32f1xx_hal_uart.o(i.HAL_UART_Transmit_DMA)
    i.HAL_UART_TxCpltCallback                0x0800231c   Section        0  my_uart.o(i.HAL_UART_TxCpltCallback)
    i.HAL_UART_TxHalfCpltCallback            0x08002344   Section        0  stm32f1xx_hal_uart.o(i.HAL_UART_TxHalfCpltCallback)
    i.HardFault_Handler                      0x08002348   Section        0  stm32f1xx_it.o(i.HardFault_Handler)
    i.LCD1602_1stLine                        0x08002360   Section        0  stm_my_lcd16x2.o(i.LCD1602_1stLine)
    i.LCD1602_2ndLine                        0x08002368   Section        0  stm_my_lcd16x2.o(i.LCD1602_2ndLine)
    i.LCD1602_Begin4BIT                      0x08002370   Section        0  stm_my_lcd16x2.o(i.LCD1602_Begin4BIT)
    i.LCD1602_EnablePulse                    0x080023f4   Section        0  stm_my_lcd16x2.o(i.LCD1602_EnablePulse)
    LCD1602_EnablePulse                      0x080023f5   Thumb Code    40  stm_my_lcd16x2.o(i.LCD1602_EnablePulse)
    i.LCD1602_RS                             0x08002420   Section        0  stm_my_lcd16x2.o(i.LCD1602_RS)
    LCD1602_RS                               0x08002421   Thumb Code    16  stm_my_lcd16x2.o(i.LCD1602_RS)
    i.LCD1602_TIM_MicorSecDelay              0x08002434   Section        0  stm_my_lcd16x2.o(i.LCD1602_TIM_MicorSecDelay)
    LCD1602_TIM_MicorSecDelay                0x08002435   Thumb Code    20  stm_my_lcd16x2.o(i.LCD1602_TIM_MicorSecDelay)
    i.LCD1602_clear                          0x08002448   Section        0  stm_my_lcd16x2.o(i.LCD1602_clear)
    i.LCD1602_noBlink                        0x0800245c   Section        0  stm_my_lcd16x2.o(i.LCD1602_noBlink)
    i.LCD1602_noCursor                       0x08002470   Section        0  stm_my_lcd16x2.o(i.LCD1602_noCursor)
    i.LCD1602_print                          0x08002484   Section        0  stm_my_lcd16x2.o(i.LCD1602_print)
    i.LCD1602_setCursor                      0x080024a8   Section        0  stm_my_lcd16x2.o(i.LCD1602_setCursor)
    i.LCD1602_write                          0x080024c0   Section        0  stm_my_lcd16x2.o(i.LCD1602_write)
    LCD1602_write                            0x080024c1   Thumb Code   222  stm_my_lcd16x2.o(i.LCD1602_write)
    i.LCD1602_write4bitCommand               0x080025a4   Section        0  stm_my_lcd16x2.o(i.LCD1602_write4bitCommand)
    LCD1602_write4bitCommand                 0x080025a5   Thumb Code    68  stm_my_lcd16x2.o(i.LCD1602_write4bitCommand)
    i.LCD1602_writeCommand                   0x080025ec   Section        0  stm_my_lcd16x2.o(i.LCD1602_writeCommand)
    LCD1602_writeCommand                     0x080025ed   Thumb Code    20  stm_my_lcd16x2.o(i.LCD1602_writeCommand)
    i.LcdHandler                             0x08002600   Section        0  main.o(i.LcdHandler)
    i.LoraReceiveDMA                         0x08002644   Section        0  my_uart.o(i.LoraReceiveDMA)
    i.LoraReceiveIT                          0x08002658   Section        0  my_uart.o(i.LoraReceiveIT)
    i.MX_ADC2_Init                           0x0800265c   Section        0  main.o(i.MX_ADC2_Init)
    MX_ADC2_Init                             0x0800265d   Thumb Code    66  main.o(i.MX_ADC2_Init)
    i.MX_GPIO_Init                           0x080026a8   Section        0  main.o(i.MX_GPIO_Init)
    MX_GPIO_Init                             0x080026a9   Thumb Code   174  main.o(i.MX_GPIO_Init)
    i.MX_USART2_UART_Init                    0x08002764   Section        0  main.o(i.MX_USART2_UART_Init)
    MX_USART2_UART_Init                      0x08002765   Thumb Code    52  main.o(i.MX_USART2_UART_Init)
    i.MemManage_Handler                      0x080027a0   Section        0  stm32f1xx_it.o(i.MemManage_Handler)
    i.NMI_Handler                            0x080027a2   Section        0  stm32f1xx_it.o(i.NMI_Handler)
    i.NVIC_SetPriority                       0x080027a4   Section        0  stm32f1xx_hal_cortex.o(i.NVIC_SetPriority)
    NVIC_SetPriority                         0x080027a5   Thumb Code    32  stm32f1xx_hal_cortex.o(i.NVIC_SetPriority)
    i.PH_warning_check                       0x080027c4   Section        0  ph_measure.o(i.PH_warning_check)
    i.PendSV_Handler                         0x08002860   Section        0  stm32f1xx_it.o(i.PendSV_Handler)
    i.SIMReceiveIT                           0x08002864   Section        0  my_uart.o(i.SIMReceiveIT)
    i.SVC_Handler                            0x08002878   Section        0  stm32f1xx_it.o(i.SVC_Handler)
    i.SysTick_Handler                        0x0800287a   Section        0  stm32f1xx_it.o(i.SysTick_Handler)
    i.SystemClock_Config                     0x0800287e   Section        0  main.o(i.SystemClock_Config)
    i.SystemInit                             0x080028f8   Section        0  system_stm32f1xx.o(i.SystemInit)
    i.UART_DMAAbortOnError                   0x08002940   Section        0  stm32f1xx_hal_uart.o(i.UART_DMAAbortOnError)
    UART_DMAAbortOnError                     0x08002941   Thumb Code    16  stm32f1xx_hal_uart.o(i.UART_DMAAbortOnError)
    i.UART_DMAError                          0x08002950   Section        0  stm32f1xx_hal_uart.o(i.UART_DMAError)
    UART_DMAError                            0x08002951   Thumb Code    74  stm32f1xx_hal_uart.o(i.UART_DMAError)
    i.UART_DMAReceiveCplt                    0x0800299a   Section        0  stm32f1xx_hal_uart.o(i.UART_DMAReceiveCplt)
    UART_DMAReceiveCplt                      0x0800299b   Thumb Code    60  stm32f1xx_hal_uart.o(i.UART_DMAReceiveCplt)
    i.UART_DMARxHalfCplt                     0x080029d6   Section        0  stm32f1xx_hal_uart.o(i.UART_DMARxHalfCplt)
    UART_DMARxHalfCplt                       0x080029d7   Thumb Code    10  stm32f1xx_hal_uart.o(i.UART_DMARxHalfCplt)
    i.UART_DMATransmitCplt                   0x080029e0   Section        0  stm32f1xx_hal_uart.o(i.UART_DMATransmitCplt)
    UART_DMATransmitCplt                     0x080029e1   Thumb Code    46  stm32f1xx_hal_uart.o(i.UART_DMATransmitCplt)
    i.UART_DMATxHalfCplt                     0x08002a0e   Section        0  stm32f1xx_hal_uart.o(i.UART_DMATxHalfCplt)
    UART_DMATxHalfCplt                       0x08002a0f   Thumb Code    10  stm32f1xx_hal_uart.o(i.UART_DMATxHalfCplt)
    i.UART_EndRxTransfer                     0x08002a18   Section        0  stm32f1xx_hal_uart.o(i.UART_EndRxTransfer)
    UART_EndRxTransfer                       0x08002a19   Thumb Code    28  stm32f1xx_hal_uart.o(i.UART_EndRxTransfer)
    i.UART_EndTxTransfer                     0x08002a34   Section        0  stm32f1xx_hal_uart.o(i.UART_EndTxTransfer)
    UART_EndTxTransfer                       0x08002a35   Thumb Code    18  stm32f1xx_hal_uart.o(i.UART_EndTxTransfer)
    i.UART_Receive_IT                        0x08002a46   Section        0  stm32f1xx_hal_uart.o(i.UART_Receive_IT)
    UART_Receive_IT                          0x08002a47   Thumb Code   150  stm32f1xx_hal_uart.o(i.UART_Receive_IT)
    i.UART_SetConfig                         0x08002adc   Section        0  stm32f1xx_hal_uart.o(i.UART_SetConfig)
    UART_SetConfig                           0x08002add   Thumb Code   364  stm32f1xx_hal_uart.o(i.UART_SetConfig)
    i.UART_Transmit_IT                       0x08002c4c   Section        0  stm32f1xx_hal_uart.o(i.UART_Transmit_IT)
    UART_Transmit_IT                         0x08002c4d   Thumb Code    98  stm32f1xx_hal_uart.o(i.UART_Transmit_IT)
    i.USART1_IRQHandler                      0x08002cb0   Section        0  stm32f1xx_it.o(i.USART1_IRQHandler)
    i.USART2_IRQHandler                      0x08002cc4   Section        0  stm32f1xx_it.o(i.USART2_IRQHandler)
    i.UsageFault_Handler                     0x08002cd8   Section        0  stm32f1xx_it.o(i.UsageFault_Handler)
    i.__0sprintf                             0x08002cdc   Section        0  printfa.o(i.__0sprintf)
    i.__aeabi_errno_addr                     0x08002d04   Section        0  errno.o(i.__aeabi_errno_addr)
    i.__scatterload_copy                     0x08002d0c   Section       14  handlers.o(i.__scatterload_copy)
    i.__scatterload_null                     0x08002d1a   Section        2  handlers.o(i.__scatterload_null)
    i.__scatterload_zeroinit                 0x08002d1c   Section       14  handlers.o(i.__scatterload_zeroinit)
    i._fp_digits                             0x08002d2c   Section        0  printfa.o(i._fp_digits)
    _fp_digits                               0x08002d2d   Thumb Code   366  printfa.o(i._fp_digits)
    i._printf_core                           0x08002eb0   Section        0  printfa.o(i._printf_core)
    _printf_core                             0x08002eb1   Thumb Code  1744  printfa.o(i._printf_core)
    i._printf_post_padding                   0x0800358c   Section        0  printfa.o(i._printf_post_padding)
    _printf_post_padding                     0x0800358d   Thumb Code    36  printfa.o(i._printf_post_padding)
    i._printf_pre_padding                    0x080035b0   Section        0  printfa.o(i._printf_pre_padding)
    _printf_pre_padding                      0x080035b1   Thumb Code    46  printfa.o(i._printf_pre_padding)
    i._sputc                                 0x080035de   Section        0  printfa.o(i._sputc)
    _sputc                                   0x080035df   Thumb Code    10  printfa.o(i._sputc)
    i.distance_measure_process               0x080035e8   Section        0  ultrasonic.o(i.distance_measure_process)
    i.distance_warning_check                 0x08003658   Section        0  ultrasonic.o(i.distance_warning_check)
    i.dt_average                             0x080036bc   Section        0  ultrasonic.o(i.dt_average)
    i.dt_log_shif                            0x080036ec   Section        0  ultrasonic.o(i.dt_log_shif)
    i.hlp_convert                            0x08003718   Section        0  hl_printf.o(i.hlp_convert)
    i.hlp_putchar                            0x08003748   Section        0  hl_printf.o(i.hlp_putchar)
    i.hlp_puts                               0x08003756   Section        0  hl_printf.o(i.hlp_puts)
    i.isPhonenumberCharacter                 0x0800377e   Section        0  sim_callback.o(i.isPhonenumberCharacter)
    i.lora_decode                            0x08003790   Section        0  lora.o(i.lora_decode)
    i.lora_is_connected                      0x08003860   Section        0  lora.o(i.lora_is_connected)
    i.lora_receive_process                   0x0800386c   Section        0  lora.o(i.lora_receive_process)
    i.lora_send_data                         0x080038d4   Section        0  lora.o(i.lora_send_data)
    i.main                                   0x080038f4   Section        0  main.o(i.main)
    i.measure_distance                       0x08003cc8   Section        0  ultrasonic.o(i.measure_distance)
    i.ph_log_average                         0x08003d64   Section        0  ph_measure.o(i.ph_log_average)
    i.ph_log_shif                            0x08003d8c   Section        0  ph_measure.o(i.ph_log_shif)
    i.ph_measure_process                     0x08003db8   Section        0  ph_measure.o(i.ph_measure_process)
    i.ring_buffer_clear                      0x08003e68   Section        0  ring_buffer.o(i.ring_buffer_clear)
    i.ring_buffer_pop                        0x08003e78   Section        0  ring_buffer.o(i.ring_buffer_pop)
    i.ring_buffer_push                       0x08003eba   Section        0  ring_buffer.o(i.ring_buffer_push)
    i.sim_async_init                         0x08003eec   Section        0  sim.o(i.sim_async_init)
    i.sim_async_sendmsg                      0x08003f0c   Section        0  sim.o(i.sim_async_sendmsg)
    i.sim_clear_buffer                       0x08003f58   Section        0  sim_callback.o(i.sim_clear_buffer)
    i.sim_cmd_failed_callback                0x08003f64   Section        0  sim_callback.o(i.sim_cmd_failed_callback)
    i.sim_init_failed_callback               0x08003f68   Section        0  sim_callback.o(i.sim_init_failed_callback)
    i.sim_init_ok_callback                   0x08003f74   Section        0  sim_callback.o(i.sim_init_ok_callback)
    i.sim_init_step_process                  0x08003fe8   Section        0  sim.o(i.sim_init_step_process)
    i.sim_is_init_ok                         0x080040c0   Section        0  sim.o(i.sim_is_init_ok)
    i.sim_is_initializing                    0x080040dc   Section        0  sim.o(i.sim_is_initializing)
    i.sim_is_sendingMsg                      0x080040e8   Section        0  sim.o(i.sim_is_sendingMsg)
    i.sim_msg_follow_at_cmd                  0x080040f4   Section        0  sim.o(i.sim_msg_follow_at_cmd)
    i.sim_msg_follow_content                 0x08004164   Section        0  sim.o(i.sim_msg_follow_content)
    i.sim_msg_write_content                  0x080041a4   Section        0  sim.o(i.sim_msg_write_content)
    i.sim_off                                0x08004214   Section        0  sim.o(i.sim_off)
    i.sim_poll                               0x08004254   Section        0  sim.o(i.sim_poll)
    i.sim_poll_init                          0x08004298   Section        0  sim.o(i.sim_poll_init)
    i.sim_poll_send_msg                      0x08004458   Section        0  sim.o(i.sim_poll_send_msg)
    i.sim_printf                             0x080044a4   Section        0  sim_port.o(i.sim_printf)
    i.sim_process                            0x08004554   Section        0  sim.o(i.sim_process)
    i.sim_receive_decode                     0x08004564   Section        0  sim_callback.o(i.sim_receive_decode)
    i.sim_receive_process                    0x080046d0   Section        0  sim_callback.o(i.sim_receive_process)
    i.sim_retry_init                         0x08004778   Section        0  sim.o(i.sim_retry_init)
    i.sim_ring_callback                      0x080047e0   Section        0  sim_callback.o(i.sim_ring_callback)
    i.sim_send_data                          0x080047f4   Section        0  sim_port.o(i.sim_send_data)
    i.sim_sendmsg_at                         0x08004814   Section        0  sim.o(i.sim_sendmsg_at)
    i.sim_sms_send_msg_failed_callback       0x0800485c   Section        0  sim_callback.o(i.sim_sms_send_msg_failed_callback)
    i.sim_sms_send_msg_ok_callback           0x08004870   Section        0  sim_callback.o(i.sim_sms_send_msg_ok_callback)
    .constdata                               0x08004888   Section       16  system_stm32f1xx.o(.constdata)
    .constdata                               0x08004898   Section        8  system_stm32f1xx.o(.constdata)
    .constdata                               0x080048a0   Section      129  ctype_o.o(.constdata)
    .constdata                               0x08004924   Section        4  ctype_o.o(.constdata)
    table                                    0x08004924   Data           4  ctype_o.o(.constdata)
    .data                                    0x20000000   Section       36  stm_my_lcd16x2.o(.data)
    mode_8_4_I2C                             0x20000000   Data           1  stm_my_lcd16x2.o(.data)
    DisplayControl                           0x20000001   Data           1  stm_my_lcd16x2.o(.data)
    FunctionSet                              0x20000002   Data           1  stm_my_lcd16x2.o(.data)
    PIN_RS                                   0x20000004   Data           2  stm_my_lcd16x2.o(.data)
    PIN_E                                    0x20000006   Data           2  stm_my_lcd16x2.o(.data)
    D0_PIN                                   0x20000008   Data           2  stm_my_lcd16x2.o(.data)
    D1_PIN                                   0x2000000a   Data           2  stm_my_lcd16x2.o(.data)
    D2_PIN                                   0x2000000c   Data           2  stm_my_lcd16x2.o(.data)
    D3_PIN                                   0x2000000e   Data           2  stm_my_lcd16x2.o(.data)
    D4_PIN                                   0x20000010   Data           2  stm_my_lcd16x2.o(.data)
    D5_PIN                                   0x20000012   Data           2  stm_my_lcd16x2.o(.data)
    D6_PIN                                   0x20000014   Data           2  stm_my_lcd16x2.o(.data)
    D7_PIN                                   0x20000016   Data           2  stm_my_lcd16x2.o(.data)
    PORT_RS_and_E                            0x20000018   Data           4  stm_my_lcd16x2.o(.data)
    PORT_LSB                                 0x2000001c   Data           4  stm_my_lcd16x2.o(.data)
    PORT_MSB                                 0x20000020   Data           4  stm_my_lcd16x2.o(.data)
    .data                                    0x20000024   Section       17  hl_printf.o(.data)
    Representation                           0x20000024   Data          17  hl_printf.o(.data)
    .data                                    0x20000038   Section        8  lora.o(.data)
    .data                                    0x20000040   Section        8  my_uart.o(.data)
    .data                                    0x20000048   Section       12  ultrasonic.o(.data)
    .data                                    0x20000054   Section       16  ph_measure.o(.data)
    .data                                    0x20000064   Section       36  main.o(.data)
    .data                                    0x20000088   Section       12  stm32f1xx_hal.o(.data)
    .data                                    0x20000094   Section        4  system_stm32f1xx.o(.data)
    .data                                    0x20000098   Section       40  sim.o(.data)
    .data                                    0x200000c0   Section        4  errno.o(.data)
    _errno                                   0x200000c0   Data           4  errno.o(.data)
    .bss                                     0x200000c4   Section       50  hl_printf.o(.bss)
    buffer                                   0x200000c4   Data          50  hl_printf.o(.bss)
    .bss                                     0x200000f8   Section     3216  lora.o(.bss)
    .bss                                     0x20000d88   Section       40  ultrasonic.o(.bss)
    .bss                                     0x20000db0   Section       80  ph_measure.o(.bss)
    .bss                                     0x20000e00   Section      188  main.o(.bss)
    .bss                                     0x20000ebc   Section       68  main.o(.bss)
    .bss                                     0x20000f00   Section       68  main.o(.bss)
    .bss                                     0x20000f44   Section       68  main.o(.bss)
    .bss                                     0x20000f88   Section       68  main.o(.bss)
    .bss                                     0x20000fcc   Section      148  sim.o(.bss)
    .bss                                     0x20001060   Section     3460  sim_callback.o(.bss)
    STACK                                    0x20001de8   Section     8192  startup_stm32f103xb.o(STACK)

    Global Symbols

    Symbol Name                              Value     Ov Type        Size  Object(Section)

    BuildAttributes$$THM_ISAv4$P$D$K$B$S$PE$A:L22UL41UL21$X:L11$S22US41US21$IEEE1$IW$USESV6$~STKCKD$USESV7$~SHL$OTIME$ROPI$EBA8$MICROLIB$REQ8$PRES8$EABIv2 0x00000000   Number         0  anon$$obj.o ABSOLUTE
    __ARM_use_no_argv                        0x00000000   Number         0  main.o ABSOLUTE
    _printf_a                                0x00000000   Number         0  stubs.o ABSOLUTE
    _printf_c                                0x00000000   Number         0  stubs.o ABSOLUTE
    _printf_charcount                        0x00000000   Number         0  stubs.o ABSOLUTE
    _printf_d                                0x00000000   Number         0  stubs.o ABSOLUTE
    _printf_e                                0x00000000   Number         0  stubs.o ABSOLUTE
    _printf_f                                0x00000000   Number         0  stubs.o ABSOLUTE
    _printf_flags                            0x00000000   Number         0  stubs.o ABSOLUTE
    _printf_fp_dec                           0x00000000   Number         0  stubs.o ABSOLUTE
    _printf_fp_hex                           0x00000000   Number         0  stubs.o ABSOLUTE
    _printf_g                                0x00000000   Number         0  stubs.o ABSOLUTE
    _printf_i                                0x00000000   Number         0  stubs.o ABSOLUTE
    _printf_int_dec                          0x00000000   Number         0  stubs.o ABSOLUTE
    _printf_l                                0x00000000   Number         0  stubs.o ABSOLUTE
    _printf_lc                               0x00000000   Number         0  stubs.o ABSOLUTE
    _printf_ll                               0x00000000   Number         0  stubs.o ABSOLUTE
    _printf_lld                              0x00000000   Number         0  stubs.o ABSOLUTE
    _printf_lli                              0x00000000   Number         0  stubs.o ABSOLUTE
    _printf_llo                              0x00000000   Number         0  stubs.o ABSOLUTE
    _printf_llu                              0x00000000   Number         0  stubs.o ABSOLUTE
    _printf_llx                              0x00000000   Number         0  stubs.o ABSOLUTE
    _printf_longlong_dec                     0x00000000   Number         0  stubs.o ABSOLUTE
    _printf_longlong_hex                     0x00000000   Number         0  stubs.o ABSOLUTE
    _printf_longlong_oct                     0x00000000   Number         0  stubs.o ABSOLUTE
    _printf_ls                               0x00000000   Number         0  stubs.o ABSOLUTE
    _printf_mbtowc                           0x00000000   Number         0  stubs.o ABSOLUTE
    _printf_n                                0x00000000   Number         0  stubs.o ABSOLUTE
    _printf_o                                0x00000000   Number         0  stubs.o ABSOLUTE
    _printf_p                                0x00000000   Number         0  stubs.o ABSOLUTE
    _printf_percent                          0x00000000   Number         0  stubs.o ABSOLUTE
    _printf_pre_padding                      0x00000000   Number         0  stubs.o ABSOLUTE
    _printf_return_value                     0x00000000   Number         0  stubs.o ABSOLUTE
    _printf_s                                0x00000000   Number         0  stubs.o ABSOLUTE
    _printf_sizespec                         0x00000000   Number         0  stubs.o ABSOLUTE
    _printf_str                              0x00000000   Number         0  stubs.o ABSOLUTE
    _printf_truncate_signed                  0x00000000   Number         0  stubs.o ABSOLUTE
    _printf_truncate_unsigned                0x00000000   Number         0  stubs.o ABSOLUTE
    _printf_u                                0x00000000   Number         0  stubs.o ABSOLUTE
    _printf_wc                               0x00000000   Number         0  stubs.o ABSOLUTE
    _printf_wctomb                           0x00000000   Number         0  stubs.o ABSOLUTE
    _printf_widthprec                        0x00000000   Number         0  stubs.o ABSOLUTE
    _printf_x                                0x00000000   Number         0  stubs.o ABSOLUTE
    __cpp_initialize__aeabi_                  - Undefined Weak Reference
    __cxa_finalize                            - Undefined Weak Reference
    __decompress                              - Undefined Weak Reference
    _clock_init                               - Undefined Weak Reference
    _microlib_exit                            - Undefined Weak Reference
    __Vectors_Size                           0x000000ec   Number         0  startup_stm32f103xb.o ABSOLUTE
    __Vectors                                0x08000000   Data           4  startup_stm32f103xb.o(RESET)
    __Vectors_End                            0x080000ec   Data           0  startup_stm32f103xb.o(RESET)
    __main                                   0x080000ed   Thumb Code     0  entry.o(.ARM.Collect$$$$00000000)
    _main_stk                                0x080000ed   Thumb Code     0  entry2.o(.ARM.Collect$$$$00000001)
    _main_scatterload                        0x080000f1   Thumb Code     0  entry5.o(.ARM.Collect$$$$00000004)
    __main_after_scatterload                 0x080000f5   Thumb Code     0  entry5.o(.ARM.Collect$$$$00000004)
    _main_clock                              0x080000f5   Thumb Code     0  entry7b.o(.ARM.Collect$$$$00000008)
    _main_cpp_init                           0x080000f5   Thumb Code     0  entry8b.o(.ARM.Collect$$$$0000000A)
    _main_init                               0x080000f5   Thumb Code     0  entry9a.o(.ARM.Collect$$$$0000000B)
    __rt_final_cpp                           0x080000fd   Thumb Code     0  entry10a.o(.ARM.Collect$$$$0000000D)
    __rt_final_exit                          0x080000fd   Thumb Code     0  entry11a.o(.ARM.Collect$$$$0000000F)
    Reset_Handler                            0x08000101   Thumb Code     8  startup_stm32f103xb.o(.text)
    ADC1_2_IRQHandler                        0x0800011b   Thumb Code     0  startup_stm32f103xb.o(.text)
    CAN1_RX1_IRQHandler                      0x0800011b   Thumb Code     0  startup_stm32f103xb.o(.text)
    CAN1_SCE_IRQHandler                      0x0800011b   Thumb Code     0  startup_stm32f103xb.o(.text)
    DMA1_Channel1_IRQHandler                 0x0800011b   Thumb Code     0  startup_stm32f103xb.o(.text)
    DMA1_Channel2_IRQHandler                 0x0800011b   Thumb Code     0  startup_stm32f103xb.o(.text)
    DMA1_Channel3_IRQHandler                 0x0800011b   Thumb Code     0  startup_stm32f103xb.o(.text)
    EXTI0_IRQHandler                         0x0800011b   Thumb Code     0  startup_stm32f103xb.o(.text)
    EXTI15_10_IRQHandler                     0x0800011b   Thumb Code     0  startup_stm32f103xb.o(.text)
    EXTI1_IRQHandler                         0x0800011b   Thumb Code     0  startup_stm32f103xb.o(.text)
    EXTI2_IRQHandler                         0x0800011b   Thumb Code     0  startup_stm32f103xb.o(.text)
    EXTI3_IRQHandler                         0x0800011b   Thumb Code     0  startup_stm32f103xb.o(.text)
    EXTI4_IRQHandler                         0x0800011b   Thumb Code     0  startup_stm32f103xb.o(.text)
    EXTI9_5_IRQHandler                       0x0800011b   Thumb Code     0  startup_stm32f103xb.o(.text)
    FLASH_IRQHandler                         0x0800011b   Thumb Code     0  startup_stm32f103xb.o(.text)
    I2C1_ER_IRQHandler                       0x0800011b   Thumb Code     0  startup_stm32f103xb.o(.text)
    I2C1_EV_IRQHandler                       0x0800011b   Thumb Code     0  startup_stm32f103xb.o(.text)
    I2C2_ER_IRQHandler                       0x0800011b   Thumb Code     0  startup_stm32f103xb.o(.text)
    I2C2_EV_IRQHandler                       0x0800011b   Thumb Code     0  startup_stm32f103xb.o(.text)
    PVD_IRQHandler                           0x0800011b   Thumb Code     0  startup_stm32f103xb.o(.text)
    RCC_IRQHandler                           0x0800011b   Thumb Code     0  startup_stm32f103xb.o(.text)
    RTC_Alarm_IRQHandler                     0x0800011b   Thumb Code     0  startup_stm32f103xb.o(.text)
    RTC_IRQHandler                           0x0800011b   Thumb Code     0  startup_stm32f103xb.o(.text)
    SPI1_IRQHandler                          0x0800011b   Thumb Code     0  startup_stm32f103xb.o(.text)
    SPI2_IRQHandler                          0x0800011b   Thumb Code     0  startup_stm32f103xb.o(.text)
    TAMPER_IRQHandler                        0x0800011b   Thumb Code     0  startup_stm32f103xb.o(.text)
    TIM1_BRK_IRQHandler                      0x0800011b   Thumb Code     0  startup_stm32f103xb.o(.text)
    TIM1_CC_IRQHandler                       0x0800011b   Thumb Code     0  startup_stm32f103xb.o(.text)
    TIM1_TRG_COM_IRQHandler                  0x0800011b   Thumb Code     0  startup_stm32f103xb.o(.text)
    TIM1_UP_IRQHandler                       0x0800011b   Thumb Code     0  startup_stm32f103xb.o(.text)
    TIM2_IRQHandler                          0x0800011b   Thumb Code     0  startup_stm32f103xb.o(.text)
    TIM3_IRQHandler                          0x0800011b   Thumb Code     0  startup_stm32f103xb.o(.text)
    TIM4_IRQHandler                          0x0800011b   Thumb Code     0  startup_stm32f103xb.o(.text)
    USART3_IRQHandler                        0x0800011b   Thumb Code     0  startup_stm32f103xb.o(.text)
    USBWakeUp_IRQHandler                     0x0800011b   Thumb Code     0  startup_stm32f103xb.o(.text)
    USB_HP_CAN1_TX_IRQHandler                0x0800011b   Thumb Code     0  startup_stm32f103xb.o(.text)
    USB_LP_CAN1_RX0_IRQHandler               0x0800011b   Thumb Code     0  startup_stm32f103xb.o(.text)
    WWDG_IRQHandler                          0x0800011b   Thumb Code     0  startup_stm32f103xb.o(.text)
    __aeabi_llsr                             0x08000125   Thumb Code    32  llushr.o(.text)
    _ll_ushift_r                             0x08000125   Thumb Code     0  llushr.o(.text)
    __aeabi_memset                           0x08000145   Thumb Code    14  memseta.o(.text)
    __aeabi_memset4                          0x08000145   Thumb Code     0  memseta.o(.text)
    __aeabi_memset8                          0x08000145   Thumb Code     0  memseta.o(.text)
    __aeabi_memclr                           0x08000153   Thumb Code     4  memseta.o(.text)
    __aeabi_memclr4                          0x08000153   Thumb Code     0  memseta.o(.text)
    __aeabi_memclr8                          0x08000153   Thumb Code     0  memseta.o(.text)
    _memset$wrapper                          0x08000157   Thumb Code    18  memseta.o(.text)
    strstr                                   0x08000169   Thumb Code    36  strstr.o(.text)
    strlen                                   0x0800018d   Thumb Code    14  strlen.o(.text)
    strcmp                                   0x0800019b   Thumb Code    28  strcmp.o(.text)
    strcpy                                   0x080001b7   Thumb Code    18  strcpy.o(.text)
    atoi                                     0x080001c9   Thumb Code    26  atoi.o(.text)
    __aeabi_fadd                             0x080001e3   Thumb Code   164  fadd.o(.text)
    __aeabi_fsub                             0x08000287   Thumb Code     6  fadd.o(.text)
    __aeabi_frsub                            0x0800028d   Thumb Code     6  fadd.o(.text)
    __aeabi_fmul                             0x08000293   Thumb Code   100  fmul.o(.text)
    __aeabi_fdiv                             0x080002f7   Thumb Code   124  fdiv.o(.text)
    __aeabi_dadd                             0x08000373   Thumb Code   322  dadd.o(.text)
    __aeabi_dsub                             0x080004b5   Thumb Code     6  dadd.o(.text)
    __aeabi_drsub                            0x080004bb   Thumb Code     6  dadd.o(.text)
    __aeabi_dmul                             0x080004c1   Thumb Code   228  dmul.o(.text)
    __aeabi_ui2d                             0x080005a5   Thumb Code    26  dfltui.o(.text)
    __aeabi_f2iz                             0x080005bf   Thumb Code    50  ffixi.o(.text)
    __aeabi_d2iz                             0x080005f1   Thumb Code    62  dfixi.o(.text)
    __aeabi_f2d                              0x0800062f   Thumb Code    38  f2d.o(.text)
    __aeabi_d2f                              0x08000655   Thumb Code    56  d2f.o(.text)
    __aeabi_uidiv                            0x0800068d   Thumb Code     0  uidiv.o(.text)
    __aeabi_uidivmod                         0x0800068d   Thumb Code    44  uidiv.o(.text)
    __aeabi_uldivmod                         0x080006b9   Thumb Code    98  uldiv.o(.text)
    __aeabi_llsl                             0x0800071b   Thumb Code    30  llshl.o(.text)
    _ll_shift_l                              0x0800071b   Thumb Code     0  llshl.o(.text)
    __aeabi_lasr                             0x08000739   Thumb Code    36  llsshr.o(.text)
    _ll_sshift_r                             0x08000739   Thumb Code     0  llsshr.o(.text)
    strtol                                   0x0800075d   Thumb Code   112  strtol.o(.text)
    __I$use$fp                               0x080007cd   Thumb Code     0  iusefp.o(.text)
    _float_round                             0x080007cd   Thumb Code    18  fepilogue.o(.text)
    _float_epilogue                          0x080007df   Thumb Code    92  fepilogue.o(.text)
    _double_round                            0x0800083b   Thumb Code    30  depilogue.o(.text)
    _double_epilogue                         0x08000859   Thumb Code   156  depilogue.o(.text)
    __aeabi_ddiv                             0x080008f5   Thumb Code   222  ddiv.o(.text)
    __aeabi_d2ulz                            0x080009d3   Thumb Code    48  dfixul.o(.text)
    __aeabi_cdrcmple                         0x08000a05   Thumb Code    48  cdrcmple.o(.text)
    __scatterload                            0x08000a35   Thumb Code    28  init.o(.text)
    __scatterload_rt2                        0x08000a35   Thumb Code     0  init.o(.text)
    __rt_ctype_table                         0x08000a59   Thumb Code     4  ctype_o.o(.text)
    _strtoul                                 0x08000a61   Thumb Code   158  _strtoul.o(.text)
    _chval                                   0x08000aff   Thumb Code    28  _chval.o(.text)
    ADC_ConversionStop_Disable               0x08000b1b   Thumb Code    74  stm32f1xx_hal_adc.o(i.ADC_ConversionStop_Disable)
    ADC_Enable                               0x08000b65   Thumb Code   102  stm32f1xx_hal_adc.o(i.ADC_Enable)
    BusFault_Handler                         0x08000bd5   Thumb Code     2  stm32f1xx_it.o(i.BusFault_Handler)
    DMA1_Channel4_IRQHandler                 0x08000bd9   Thumb Code     6  stm32f1xx_it.o(i.DMA1_Channel4_IRQHandler)
    DMA1_Channel5_IRQHandler                 0x08000be5   Thumb Code     6  stm32f1xx_it.o(i.DMA1_Channel5_IRQHandler)
    DMA1_Channel6_IRQHandler                 0x08000bf1   Thumb Code     6  stm32f1xx_it.o(i.DMA1_Channel6_IRQHandler)
    DMA1_Channel7_IRQHandler                 0x08000bfd   Thumb Code     6  stm32f1xx_it.o(i.DMA1_Channel7_IRQHandler)
    DWT_Delay_Init                           0x08000c35   Thumb Code    58  dwt_stm32_delay.o(i.DWT_Delay_Init)
    DWT_Delay_us                             0x08000c79   Thumb Code    30  dwt_stm32_delay.o(i.DWT_Delay_us)
    DebugMon_Handler                         0x08000ca1   Thumb Code     2  stm32f1xx_it.o(i.DebugMon_Handler)
    Error_Handler                            0x08000ca3   Thumb Code     2  main.o(i.Error_Handler)
    HAL_ADC_ConfigChannel                    0x08000ca5   Thumb Code   240  stm32f1xx_hal_adc.o(i.HAL_ADC_ConfigChannel)
    HAL_ADC_GetValue                         0x08000da1   Thumb Code     6  stm32f1xx_hal_adc.o(i.HAL_ADC_GetValue)
    HAL_ADC_Init                             0x08000da9   Thumb Code   270  stm32f1xx_hal_adc.o(i.HAL_ADC_Init)
    HAL_ADC_MspInit                          0x08000ec5   Thumb Code    76  stm32f1xx_hal_msp.o(i.HAL_ADC_MspInit)
    HAL_ADC_PollForConversion                0x08000f1d   Thumb Code   290  stm32f1xx_hal_adc.o(i.HAL_ADC_PollForConversion)
    HAL_ADC_Start                            0x0800104d   Thumb Code   184  stm32f1xx_hal_adc.o(i.HAL_ADC_Start)
    HAL_DMA_Abort_IT                         0x0800110d   Thumb Code   148  stm32f1xx_hal_dma.o(i.HAL_DMA_Abort_IT)
    HAL_DMA_IRQHandler                       0x080011a5   Thumb Code   320  stm32f1xx_hal_dma.o(i.HAL_DMA_IRQHandler)
    HAL_DMA_Init                             0x080012fd   Thumb Code    84  stm32f1xx_hal_dma.o(i.HAL_DMA_Init)
    HAL_DMA_Start_IT                         0x08001359   Thumb Code   112  stm32f1xx_hal_dma.o(i.HAL_DMA_Start_IT)
    HAL_Delay                                0x080013c9   Thumb Code    32  stm32f1xx_hal.o(i.HAL_Delay)
    HAL_GPIO_Init                            0x080013ed   Thumb Code   422  stm32f1xx_hal_gpio.o(i.HAL_GPIO_Init)
    HAL_GPIO_ReadPin                         0x080015b5   Thumb Code    10  stm32f1xx_hal_gpio.o(i.HAL_GPIO_ReadPin)
    HAL_GPIO_WritePin                        0x080015bf   Thumb Code    10  stm32f1xx_hal_gpio.o(i.HAL_GPIO_WritePin)
    HAL_GetTick                              0x080015c9   Thumb Code     6  stm32f1xx_hal.o(i.HAL_GetTick)
    HAL_IWDG_Init                            0x080015d5   Thumb Code    80  stm32f1xx_hal_iwdg.o(i.HAL_IWDG_Init)
    HAL_IWDG_Refresh                         0x08001625   Thumb Code    12  stm32f1xx_hal_iwdg.o(i.HAL_IWDG_Refresh)
    HAL_IncTick                              0x08001631   Thumb Code    12  stm32f1xx_hal.o(i.HAL_IncTick)
    HAL_Init                                 0x08001641   Thumb Code    32  stm32f1xx_hal.o(i.HAL_Init)
    HAL_InitTick                             0x08001665   Thumb Code    54  stm32f1xx_hal.o(i.HAL_InitTick)
    HAL_MspInit                              0x080016a5   Thumb Code    52  stm32f1xx_hal_msp.o(i.HAL_MspInit)
    HAL_NVIC_EnableIRQ                       0x080016e1   Thumb Code    22  stm32f1xx_hal_cortex.o(i.HAL_NVIC_EnableIRQ)
    HAL_NVIC_SetPriority                     0x080016f9   Thumb Code    60  stm32f1xx_hal_cortex.o(i.HAL_NVIC_SetPriority)
    HAL_NVIC_SetPriorityGrouping             0x08001739   Thumb Code    26  stm32f1xx_hal_cortex.o(i.HAL_NVIC_SetPriorityGrouping)
    HAL_RCCEx_GetPeriphCLKFreq               0x0800175d   Thumb Code   164  stm32f1xx_hal_rcc_ex.o(i.HAL_RCCEx_GetPeriphCLKFreq)
    HAL_RCCEx_PeriphCLKConfig                0x08001821   Thumb Code   220  stm32f1xx_hal_rcc_ex.o(i.HAL_RCCEx_PeriphCLKConfig)
    HAL_RCC_ClockConfig                      0x08001909   Thumb Code   342  stm32f1xx_hal_rcc.o(i.HAL_RCC_ClockConfig)
    HAL_RCC_GetHCLKFreq                      0x08001a71   Thumb Code     6  stm32f1xx_hal_rcc.o(i.HAL_RCC_GetHCLKFreq)
    HAL_RCC_GetPCLK1Freq                     0x08001a7d   Thumb Code    20  stm32f1xx_hal_rcc.o(i.HAL_RCC_GetPCLK1Freq)
    HAL_RCC_GetPCLK2Freq                     0x08001a9d   Thumb Code    20  stm32f1xx_hal_rcc.o(i.HAL_RCC_GetPCLK2Freq)
    HAL_RCC_GetSysClockFreq                  0x08001abd   Thumb Code    74  stm32f1xx_hal_rcc.o(i.HAL_RCC_GetSysClockFreq)
    HAL_RCC_OscConfig                        0x08001b29   Thumb Code   740  stm32f1xx_hal_rcc.o(i.HAL_RCC_OscConfig)
    HAL_SYSTICK_Config                       0x08001e21   Thumb Code    40  stm32f1xx_hal_cortex.o(i.HAL_SYSTICK_Config)
    HAL_UART_ErrorCallback                   0x08001e49   Thumb Code     2  stm32f1xx_hal_uart.o(i.HAL_UART_ErrorCallback)
    HAL_UART_IRQHandler                      0x08001e4d   Thumb Code   266  stm32f1xx_hal_uart.o(i.HAL_UART_IRQHandler)
    HAL_UART_Init                            0x08001f5d   Thumb Code    98  stm32f1xx_hal_uart.o(i.HAL_UART_Init)
    HAL_UART_MspInit                         0x08001fc1   Thumb Code   372  stm32f1xx_hal_msp.o(i.HAL_UART_MspInit)
    HAL_UART_Receive_DMA                     0x08002159   Thumb Code   138  stm32f1xx_hal_uart.o(i.HAL_UART_Receive_DMA)
    HAL_UART_Receive_IT                      0x080021f1   Thumb Code    82  stm32f1xx_hal_uart.o(i.HAL_UART_Receive_IT)
    HAL_UART_RxCpltCallback                  0x08002245   Thumb Code    36  my_uart.o(i.HAL_UART_RxCpltCallback)
    HAL_UART_RxHalfCpltCallback              0x0800227d   Thumb Code    20  my_uart.o(i.HAL_UART_RxHalfCpltCallback)
    HAL_UART_Transmit_DMA                    0x0800229d   Thumb Code   116  stm32f1xx_hal_uart.o(i.HAL_UART_Transmit_DMA)
    HAL_UART_TxCpltCallback                  0x0800231d   Thumb Code    26  my_uart.o(i.HAL_UART_TxCpltCallback)
    HAL_UART_TxHalfCpltCallback              0x08002345   Thumb Code     2  stm32f1xx_hal_uart.o(i.HAL_UART_TxHalfCpltCallback)
    HardFault_Handler                        0x08002349   Thumb Code    12  stm32f1xx_it.o(i.HardFault_Handler)
    LCD1602_1stLine                          0x08002361   Thumb Code     8  stm_my_lcd16x2.o(i.LCD1602_1stLine)
    LCD1602_2ndLine                          0x08002369   Thumb Code     8  stm_my_lcd16x2.o(i.LCD1602_2ndLine)
    LCD1602_Begin4BIT                        0x08002371   Thumb Code   126  stm_my_lcd16x2.o(i.LCD1602_Begin4BIT)
    LCD1602_clear                            0x08002449   Thumb Code    18  stm_my_lcd16x2.o(i.LCD1602_clear)
    LCD1602_noBlink                          0x0800245d   Thumb Code    14  stm_my_lcd16x2.o(i.LCD1602_noBlink)
    LCD1602_noCursor                         0x08002471   Thumb Code    14  stm_my_lcd16x2.o(i.LCD1602_noCursor)
    LCD1602_print                            0x08002485   Thumb Code    36  stm_my_lcd16x2.o(i.LCD1602_print)
    LCD1602_setCursor                        0x080024a9   Thumb Code    24  stm_my_lcd16x2.o(i.LCD1602_setCursor)
    LcdHandler                               0x08002601   Thumb Code    60  main.o(i.LcdHandler)
    LoraReceiveDMA                           0x08002645   Thumb Code    10  my_uart.o(i.LoraReceiveDMA)
    LoraReceiveIT                            0x08002659   Thumb Code     2  my_uart.o(i.LoraReceiveIT)
    MemManage_Handler                        0x080027a1   Thumb Code     2  stm32f1xx_it.o(i.MemManage_Handler)
    NMI_Handler                              0x080027a3   Thumb Code     2  stm32f1xx_it.o(i.NMI_Handler)
    PH_warning_check                         0x080027c5   Thumb Code   126  ph_measure.o(i.PH_warning_check)
    PendSV_Handler                           0x08002861   Thumb Code     2  stm32f1xx_it.o(i.PendSV_Handler)
    SIMReceiveIT                             0x08002865   Thumb Code    10  my_uart.o(i.SIMReceiveIT)
    SVC_Handler                              0x08002879   Thumb Code     2  stm32f1xx_it.o(i.SVC_Handler)
    SysTick_Handler                          0x0800287b   Thumb Code     4  stm32f1xx_it.o(i.SysTick_Handler)
    SystemClock_Config                       0x0800287f   Thumb Code   122  main.o(i.SystemClock_Config)
    SystemInit                               0x080028f9   Thumb Code    56  system_stm32f1xx.o(i.SystemInit)
    USART1_IRQHandler                        0x08002cb1   Thumb Code    16  stm32f1xx_it.o(i.USART1_IRQHandler)
    USART2_IRQHandler                        0x08002cc5   Thumb Code    16  stm32f1xx_it.o(i.USART2_IRQHandler)
    UsageFault_Handler                       0x08002cd9   Thumb Code     2  stm32f1xx_it.o(i.UsageFault_Handler)
    __0sprintf                               0x08002cdd   Thumb Code    34  printfa.o(i.__0sprintf)
    __1sprintf                               0x08002cdd   Thumb Code     0  printfa.o(i.__0sprintf)
    __2sprintf                               0x08002cdd   Thumb Code     0  printfa.o(i.__0sprintf)
    __c89sprintf                             0x08002cdd   Thumb Code     0  printfa.o(i.__0sprintf)
    sprintf                                  0x08002cdd   Thumb Code     0  printfa.o(i.__0sprintf)
    __aeabi_errno_addr                       0x08002d05   Thumb Code     4  errno.o(i.__aeabi_errno_addr)
    __rt_errno_addr                          0x08002d05   Thumb Code     0  errno.o(i.__aeabi_errno_addr)
    __scatterload_copy                       0x08002d0d   Thumb Code    14  handlers.o(i.__scatterload_copy)
    __scatterload_null                       0x08002d1b   Thumb Code     2  handlers.o(i.__scatterload_null)
    __scatterload_zeroinit                   0x08002d1d   Thumb Code    14  handlers.o(i.__scatterload_zeroinit)
    distance_measure_process                 0x080035e9   Thumb Code    94  ultrasonic.o(i.distance_measure_process)
    distance_warning_check                   0x08003659   Thumb Code    80  ultrasonic.o(i.distance_warning_check)
    dt_average                               0x080036bd   Thumb Code    44  ultrasonic.o(i.dt_average)
    dt_log_shif                              0x080036ed   Thumb Code    34  ultrasonic.o(i.dt_log_shif)
    hlp_convert                              0x08003719   Thumb Code    38  hl_printf.o(i.hlp_convert)
    hlp_putchar                              0x08003749   Thumb Code    14  hl_printf.o(i.hlp_putchar)
    hlp_puts                                 0x08003757   Thumb Code    40  hl_printf.o(i.hlp_puts)
    isPhonenumberCharacter                   0x0800377f   Thumb Code    18  sim_callback.o(i.isPhonenumberCharacter)
    lora_decode                              0x08003791   Thumb Code   186  lora.o(i.lora_decode)
    lora_is_connected                        0x08003861   Thumb Code     6  lora.o(i.lora_is_connected)
    lora_receive_process                     0x0800386d   Thumb Code    98  lora.o(i.lora_receive_process)
    lora_send_data                           0x080038d5   Thumb Code    24  lora.o(i.lora_send_data)
    main                                     0x080038f5   Thumb Code   720  main.o(i.main)
    measure_distance                         0x08003cc9   Thumb Code   144  ultrasonic.o(i.measure_distance)
    ph_log_average                           0x08003d65   Thumb Code    32  ph_measure.o(i.ph_log_average)
    ph_log_shif                              0x08003d8d   Thumb Code    34  ph_measure.o(i.ph_log_shif)
    ph_measure_process                       0x08003db9   Thumb Code   134  ph_measure.o(i.ph_measure_process)
    ring_buffer_clear                        0x08003e69   Thumb Code    16  ring_buffer.o(i.ring_buffer_clear)
    ring_buffer_pop                          0x08003e79   Thumb Code    66  ring_buffer.o(i.ring_buffer_pop)
    ring_buffer_push                         0x08003ebb   Thumb Code    50  ring_buffer.o(i.ring_buffer_push)
    sim_async_init                           0x08003eed   Thumb Code    28  sim.o(i.sim_async_init)
    sim_async_sendmsg                        0x08003f0d   Thumb Code    68  sim.o(i.sim_async_sendmsg)
    sim_clear_buffer                         0x08003f59   Thumb Code     6  sim_callback.o(i.sim_clear_buffer)
    sim_cmd_failed_callback                  0x08003f65   Thumb Code     2  sim_callback.o(i.sim_cmd_failed_callback)
    sim_init_failed_callback                 0x08003f69   Thumb Code     8  sim_callback.o(i.sim_init_failed_callback)
    sim_init_ok_callback                     0x08003f75   Thumb Code    64  sim_callback.o(i.sim_init_ok_callback)
    sim_init_step_process                    0x08003fe9   Thumb Code   184  sim.o(i.sim_init_step_process)
    sim_is_init_ok                           0x080040c1   Thumb Code    22  sim.o(i.sim_is_init_ok)
    sim_is_initializing                      0x080040dd   Thumb Code     6  sim.o(i.sim_is_initializing)
    sim_is_sendingMsg                        0x080040e9   Thumb Code     6  sim.o(i.sim_is_sendingMsg)
    sim_msg_follow_at_cmd                    0x080040f5   Thumb Code   100  sim.o(i.sim_msg_follow_at_cmd)
    sim_msg_follow_content                   0x08004165   Thumb Code    58  sim.o(i.sim_msg_follow_content)
    sim_msg_write_content                    0x080041a5   Thumb Code   102  sim.o(i.sim_msg_write_content)
    sim_off                                  0x08004215   Thumb Code    56  sim.o(i.sim_off)
    sim_poll                                 0x08004255   Thumb Code    64  sim.o(i.sim_poll)
    sim_poll_init                            0x08004299   Thumb Code   272  sim.o(i.sim_poll_init)
    sim_poll_send_msg                        0x08004459   Thumb Code    64  sim.o(i.sim_poll_send_msg)
    sim_printf                               0x080044a5   Thumb Code   142  sim_port.o(i.sim_printf)
    sim_process                              0x08004555   Thumb Code    14  sim.o(i.sim_process)
    sim_receive_decode                       0x08004565   Thumb Code   246  sim_callback.o(i.sim_receive_decode)
    sim_receive_process                      0x080046d1   Thumb Code   152  sim_callback.o(i.sim_receive_process)
    sim_retry_init                           0x08004779   Thumb Code    62  sim.o(i.sim_retry_init)
    sim_ring_callback                        0x080047e1   Thumb Code     8  sim_callback.o(i.sim_ring_callback)
    sim_send_data                            0x080047f5   Thumb Code    24  sim_port.o(i.sim_send_data)
    sim_sendmsg_at                           0x08004815   Thumb Code    40  sim.o(i.sim_sendmsg_at)
    sim_sms_send_msg_failed_callback         0x0800485d   Thumb Code    12  sim_callback.o(i.sim_sms_send_msg_failed_callback)
    sim_sms_send_msg_ok_callback             0x08004871   Thumb Code    14  sim_callback.o(i.sim_sms_send_msg_ok_callback)
    AHBPrescTable                            0x08004888   Data          16  system_stm32f1xx.o(.constdata)
    APBPrescTable                            0x08004898   Data           8  system_stm32f1xx.o(.constdata)
    __ctype_table                            0x080048a0   Data         129  ctype_o.o(.constdata)
    Region$$Table$$Base                      0x08004928   Number         0  anon$$obj.o(Region$$Table)
    Region$$Table$$Limit                     0x08004948   Number         0  anon$$obj.o(Region$$Table)
    LoraConnected                            0x20000038   Data           1  lora.o(.data)
    LastTimeGetAliveMessage                  0x2000003c   Data           4  lora.o(.data)
    LoraTransmitDone                         0x20000040   Data           1  my_uart.o(.data)
    SIMTransmitDone                          0x20000041   Data           1  my_uart.o(.data)
    LrData                                   0x20000042   Data           3  my_uart.o(.data)
    SimData                                  0x20000045   Data           3  my_uart.o(.data)
    DTLogCount                               0x20000048   Data           1  ultrasonic.o(.data)
    OldDistance                              0x2000004a   Data           2  ultrasonic.o(.data)
    DTmeasureTime                            0x2000004c   Data           4  ultrasonic.o(.data)
    distance_time_check                      0x20000050   Data           4  ultrasonic.o(.data)
    PHLogCount                               0x20000054   Data           1  ph_measure.o(.data)
    PHonWarningCount                         0x20000055   Data           1  ph_measure.o(.data)
    SensorReadTime                           0x20000058   Data           4  ph_measure.o(.data)
    ph_check_time                            0x2000005c   Data           4  ph_measure.o(.data)
    OldPHValue                               0x20000060   Data           4  ph_measure.o(.data)
    LcdState                                 0x20000064   Data           1  main.o(.data)
    LcdbtnOldState                           0x20000065   Data           1  main.o(.data)
    isNotifyLoraNoConnect                    0x20000066   Data           1  main.o(.data)
    SensorValueChanged                       0x20000067   Data           1  main.o(.data)
    FlagN1PumpOnViaSMS                       0x20000068   Data           1  main.o(.data)
    FlagN1PumpOffViaSMS                      0x20000069   Data           1  main.o(.data)
    FlagUpdateDataViaSMS                     0x2000006a   Data           1  main.o(.data)
    GWPumpNeedOn                             0x2000006b   Data           1  main.o(.data)
    Node1PumpNeedOn                          0x2000006c   Data           1  main.o(.data)
    FlagWarningPHValueToUser                 0x2000006d   Data           1  main.o(.data)
    Distance                                 0x2000006e   Data           2  main.o(.data)
    ID                                       0x20000070   Data           2  main.o(.data)
    PHValue                                  0x20000074   Data           4  main.o(.data)
    LoraSendDataTime                         0x20000078   Data           4  main.o(.data)
    LCDTimeUpdate                            0x2000007c   Data           4  main.o(.data)
    TimeNotifyLoraLoss1                      0x20000080   Data           4  main.o(.data)
    TimeNotifyLoraLoss2                      0x20000084   Data           4  main.o(.data)
    uwTickFreq                               0x20000088   Data           1  stm32f1xx_hal.o(.data)
    uwTickPrio                               0x2000008c   Data           4  stm32f1xx_hal.o(.data)
    uwTick                                   0x20000090   Data           4  stm32f1xx_hal.o(.data)
    SystemCoreClock                          0x20000094   Data           4  system_stm32f1xx.o(.data)
    SFlagSendingMSG                          0x20000098   Data           1  sim.o(.data)
    SFlagRdySendMsg                          0x20000099   Data           1  sim.o(.data)
    SFlagSendMsgOK                           0x2000009a   Data           1  sim.o(.data)
    SFlagMakeCall                            0x2000009b   Data           1  sim.o(.data)
    SFlagBusy                                0x2000009c   Data           1  sim.o(.data)
    SFlagRetryInit                           0x2000009d   Data           1  sim.o(.data)
    SFlagInitializing                        0x2000009e   Data           1  sim.o(.data)
    SIMReady                                 0x2000009f   Data           1  sim.o(.data)
    SIMOn                                    0x200000a0   Data           1  sim.o(.data)
    SIMCallReady                             0x200000a1   Data           1  sim.o(.data)
    SIMSMSReady                              0x200000a2   Data           1  sim.o(.data)
    SIMOK                                    0x200000a3   Data           1  sim.o(.data)
    SIMError                                 0x200000a4   Data           1  sim.o(.data)
    sim_init_step                            0x200000a5   Data           1  sim.o(.data)
    sim_cmd_count                            0x200000a6   Data           1  sim.o(.data)
    sim_init_num                             0x200000a7   Data           1  sim.o(.data)
    sim_mode                                 0x200000a8   Data           1  sim.o(.data)
    sim_sndmsg_step                          0x200000a9   Data           1  sim.o(.data)
    sim_msg_at_count                         0x200000aa   Data           1  sim.o(.data)
    sim_init_time                            0x200000ac   Data           4  sim.o(.data)
    TimeCheckSIM                             0x200000b0   Data           4  sim.o(.data)
    waitime                                  0x200000b4   Data           4  sim.o(.data)
    waitsecondcount                          0x200000b8   Data           4  sim.o(.data)
    TimeSendCMD                              0x200000bc   Data           4  sim.o(.data)
    lora_data_line                           0x200000f8   Data         130  lora.o(.bss)
    lora_data_buffer                         0x2000017c   Data        3084  lora.o(.bss)
    DTLog                                    0x20000d88   Data          40  ultrasonic.o(.bss)
    PHLog                                    0x20000db0   Data          80  ph_measure.o(.bss)
    hadc2                                    0x20000e00   Data          48  main.o(.bss)
    hiwdg                                    0x20000e30   Data          12  main.o(.bss)
    huart1                                   0x20000e3c   Data          64  main.o(.bss)
    huart2                                   0x20000e7c   Data          64  main.o(.bss)
    hdma_usart1_tx                           0x20000ebc   Data          68  main.o(.bss)
    hdma_usart1_rx                           0x20000f00   Data          68  main.o(.bss)
    hdma_usart2_tx                           0x20000f44   Data          68  main.o(.bss)
    hdma_usart2_rx                           0x20000f88   Data          68  main.o(.bss)
    sim_msg_content                          0x20000fcc   Data         128  sim.o(.bss)
    phone_number                             0x2000104c   Data          20  sim.o(.bss)
    sim_sms_receive                          0x20001060   Data         244  sim_callback.o(.bss)
    sim_data_line                            0x20001154   Data         130  sim_callback.o(.bss)
    sim_data_buffer                          0x200011d8   Data        3084  sim_callback.o(.bss)
    __initial_sp                             0x20003de8   Data           0  startup_stm32f103xb.o(STACK)



==============================================================================

Memory Map of the image

  Image Entry point : 0x080000ed

  Load Region LR_IROM1 (Base: 0x08000000, Size: 0x00004a0c, Max: 0x00010000, ABSOLUTE)

    Execution Region ER_IROM1 (Exec base: 0x08000000, Load base: 0x08000000, Size: 0x00004948, Max: 0x00010000, ABSOLUTE)

    Exec Addr    Load Addr    Size         Type   Attr      Idx    E Section Name        Object

    0x08000000   0x08000000   0x000000ec   Data   RO            3    RESET               startup_stm32f103xb.o
    0x080000ec   0x080000ec   0x00000000   Code   RO         2773  * .ARM.Collect$$$$00000000  mc_w.l(entry.o)
    0x080000ec   0x080000ec   0x00000004   Code   RO         3073    .ARM.Collect$$$$00000001  mc_w.l(entry2.o)
    0x080000f0   0x080000f0   0x00000004   Code   RO         3076    .ARM.Collect$$$$00000004  mc_w.l(entry5.o)
    0x080000f4   0x080000f4   0x00000000   Code   RO         3078    .ARM.Collect$$$$00000008  mc_w.l(entry7b.o)
    0x080000f4   0x080000f4   0x00000000   Code   RO         3080    .ARM.Collect$$$$0000000A  mc_w.l(entry8b.o)
    0x080000f4   0x080000f4   0x00000008   Code   RO         3081    .ARM.Collect$$$$0000000B  mc_w.l(entry9a.o)
    0x080000fc   0x080000fc   0x00000000   Code   RO         3083    .ARM.Collect$$$$0000000D  mc_w.l(entry10a.o)
    0x080000fc   0x080000fc   0x00000000   Code   RO         3085    .ARM.Collect$$$$0000000F  mc_w.l(entry11a.o)
    0x080000fc   0x080000fc   0x00000004   Code   RO         3074    .ARM.Collect$$$$00002712  mc_w.l(entry2.o)
    0x08000100   0x08000100   0x00000024   Code   RO            4    .text               startup_stm32f103xb.o
    0x08000124   0x08000124   0x00000020   Code   RO         2776    .text               mc_w.l(llushr.o)
    0x08000144   0x08000144   0x00000024   Code   RO         2778    .text               mc_w.l(memseta.o)
    0x08000168   0x08000168   0x00000024   Code   RO         2780    .text               mc_w.l(strstr.o)
    0x0800018c   0x0800018c   0x0000000e   Code   RO         2782    .text               mc_w.l(strlen.o)
    0x0800019a   0x0800019a   0x0000001c   Code   RO         2784    .text               mc_w.l(strcmp.o)
    0x080001b6   0x080001b6   0x00000012   Code   RO         2786    .text               mc_w.l(strcpy.o)
    0x080001c8   0x080001c8   0x0000001a   Code   RO         3049    .text               mc_w.l(atoi.o)
    0x080001e2   0x080001e2   0x000000b0   Code   RO         3051    .text               mf_w.l(fadd.o)
    0x08000292   0x08000292   0x00000064   Code   RO         3053    .text               mf_w.l(fmul.o)
    0x080002f6   0x080002f6   0x0000007c   Code   RO         3055    .text               mf_w.l(fdiv.o)
    0x08000372   0x08000372   0x0000014e   Code   RO         3057    .text               mf_w.l(dadd.o)
    0x080004c0   0x080004c0   0x000000e4   Code   RO         3059    .text               mf_w.l(dmul.o)
    0x080005a4   0x080005a4   0x0000001a   Code   RO         3061    .text               mf_w.l(dfltui.o)
    0x080005be   0x080005be   0x00000032   Code   RO         3063    .text               mf_w.l(ffixi.o)
    0x080005f0   0x080005f0   0x0000003e   Code   RO         3065    .text               mf_w.l(dfixi.o)
    0x0800062e   0x0800062e   0x00000026   Code   RO         3069    .text               mf_w.l(f2d.o)
    0x08000654   0x08000654   0x00000038   Code   RO         3071    .text               mf_w.l(d2f.o)
    0x0800068c   0x0800068c   0x0000002c   Code   RO         3090    .text               mc_w.l(uidiv.o)
    0x080006b8   0x080006b8   0x00000062   Code   RO         3092    .text               mc_w.l(uldiv.o)
    0x0800071a   0x0800071a   0x0000001e   Code   RO         3094    .text               mc_w.l(llshl.o)
    0x08000738   0x08000738   0x00000024   Code   RO         3096    .text               mc_w.l(llsshr.o)
    0x0800075c   0x0800075c   0x00000070   Code   RO         3105    .text               mc_w.l(strtol.o)
    0x080007cc   0x080007cc   0x00000000   Code   RO         3107    .text               mc_w.l(iusefp.o)
    0x080007cc   0x080007cc   0x0000006e   Code   RO         3108    .text               mf_w.l(fepilogue.o)
    0x0800083a   0x0800083a   0x000000ba   Code   RO         3110    .text               mf_w.l(depilogue.o)
    0x080008f4   0x080008f4   0x000000de   Code   RO         3112    .text               mf_w.l(ddiv.o)
    0x080009d2   0x080009d2   0x00000030   Code   RO         3114    .text               mf_w.l(dfixul.o)
    0x08000a02   0x08000a02   0x00000002   PAD
    0x08000a04   0x08000a04   0x00000030   Code   RO         3116    .text               mf_w.l(cdrcmple.o)
    0x08000a34   0x08000a34   0x00000024   Code   RO         3118    .text               mc_w.l(init.o)
    0x08000a58   0x08000a58   0x00000008   Code   RO         3121    .text               mc_w.l(ctype_o.o)
    0x08000a60   0x08000a60   0x0000009e   Code   RO         3149    .text               mc_w.l(_strtoul.o)
    0x08000afe   0x08000afe   0x0000001c   Code   RO         3152    .text               mc_w.l(_chval.o)
    0x08000b1a   0x08000b1a   0x0000004a   Code   RO          886    i.ADC_ConversionStop_Disable  stm32f1xx_hal_adc.o
    0x08000b64   0x08000b64   0x00000070   Code   RO          890    i.ADC_Enable        stm32f1xx_hal_adc.o
    0x08000bd4   0x08000bd4   0x00000002   Code   RO          689    i.BusFault_Handler  stm32f1xx_it.o
    0x08000bd6   0x08000bd6   0x00000002   PAD
    0x08000bd8   0x08000bd8   0x0000000c   Code   RO          690    i.DMA1_Channel4_IRQHandler  stm32f1xx_it.o
    0x08000be4   0x08000be4   0x0000000c   Code   RO          691    i.DMA1_Channel5_IRQHandler  stm32f1xx_it.o
    0x08000bf0   0x08000bf0   0x0000000c   Code   RO          692    i.DMA1_Channel6_IRQHandler  stm32f1xx_it.o
    0x08000bfc   0x08000bfc   0x0000000c   Code   RO          693    i.DMA1_Channel7_IRQHandler  stm32f1xx_it.o
    0x08000c08   0x08000c08   0x0000002a   Code   RO         1920    i.DMA_SetConfig     stm32f1xx_hal_dma.o
    0x08000c32   0x08000c32   0x00000002   PAD
    0x08000c34   0x08000c34   0x00000044   Code   RO          279    i.DWT_Delay_Init    dwt_stm32_delay.o
    0x08000c78   0x08000c78   0x00000028   Code   RO          280    i.DWT_Delay_us      dwt_stm32_delay.o
    0x08000ca0   0x08000ca0   0x00000002   Code   RO          694    i.DebugMon_Handler  stm32f1xx_it.o
    0x08000ca2   0x08000ca2   0x00000002   Code   RO          624    i.Error_Handler     main.o
    0x08000ca4   0x08000ca4   0x000000fc   Code   RO          892    i.HAL_ADC_ConfigChannel  stm32f1xx_hal_adc.o
    0x08000da0   0x08000da0   0x00000006   Code   RO          899    i.HAL_ADC_GetValue  stm32f1xx_hal_adc.o
    0x08000da6   0x08000da6   0x00000002   PAD
    0x08000da8   0x08000da8   0x0000011c   Code   RO          901    i.HAL_ADC_Init      stm32f1xx_hal_adc.o
    0x08000ec4   0x08000ec4   0x00000058   Code   RO          802    i.HAL_ADC_MspInit   stm32f1xx_hal_msp.o
    0x08000f1c   0x08000f1c   0x00000130   Code   RO          905    i.HAL_ADC_PollForConversion  stm32f1xx_hal_adc.o
    0x0800104c   0x0800104c   0x000000c0   Code   RO          907    i.HAL_ADC_Start     stm32f1xx_hal_adc.o
    0x0800110c   0x0800110c   0x00000098   Code   RO         1922    i.HAL_DMA_Abort_IT  stm32f1xx_hal_dma.o
    0x080011a4   0x080011a4   0x00000158   Code   RO         1926    i.HAL_DMA_IRQHandler  stm32f1xx_hal_dma.o
    0x080012fc   0x080012fc   0x0000005c   Code   RO         1927    i.HAL_DMA_Init      stm32f1xx_hal_dma.o
    0x08001358   0x08001358   0x00000070   Code   RO         1931    i.HAL_DMA_Start_IT  stm32f1xx_hal_dma.o
    0x080013c8   0x080013c8   0x00000024   Code   RO         1561    i.HAL_Delay         stm32f1xx_hal.o
    0x080013ec   0x080013ec   0x000001c8   Code   RO         1857    i.HAL_GPIO_Init     stm32f1xx_hal_gpio.o
    0x080015b4   0x080015b4   0x0000000a   Code   RO         1859    i.HAL_GPIO_ReadPin  stm32f1xx_hal_gpio.o
    0x080015be   0x080015be   0x0000000a   Code   RO         1861    i.HAL_GPIO_WritePin  stm32f1xx_hal_gpio.o
    0x080015c8   0x080015c8   0x0000000c   Code   RO         1565    i.HAL_GetTick       stm32f1xx_hal.o
    0x080015d4   0x080015d4   0x00000050   Code   RO         1162    i.HAL_IWDG_Init     stm32f1xx_hal_iwdg.o
    0x08001624   0x08001624   0x0000000c   Code   RO         1163    i.HAL_IWDG_Refresh  stm32f1xx_hal_iwdg.o
    0x08001630   0x08001630   0x00000010   Code   RO         1569    i.HAL_IncTick       stm32f1xx_hal.o
    0x08001640   0x08001640   0x00000024   Code   RO         1570    i.HAL_Init          stm32f1xx_hal.o
    0x08001664   0x08001664   0x00000040   Code   RO         1571    i.HAL_InitTick      stm32f1xx_hal.o
    0x080016a4   0x080016a4   0x0000003c   Code   RO          803    i.HAL_MspInit       stm32f1xx_hal_msp.o
    0x080016e0   0x080016e0   0x00000016   Code   RO         2017    i.HAL_NVIC_EnableIRQ  stm32f1xx_hal_cortex.o
    0x080016f6   0x080016f6   0x00000002   PAD
    0x080016f8   0x080016f8   0x00000040   Code   RO         2023    i.HAL_NVIC_SetPriority  stm32f1xx_hal_cortex.o
    0x08001738   0x08001738   0x00000024   Code   RO         2024    i.HAL_NVIC_SetPriorityGrouping  stm32f1xx_hal_cortex.o
    0x0800175c   0x0800175c   0x000000c4   Code   RO         1819    i.HAL_RCCEx_GetPeriphCLKFreq  stm32f1xx_hal_rcc_ex.o
    0x08001820   0x08001820   0x000000e8   Code   RO         1820    i.HAL_RCCEx_PeriphCLKConfig  stm32f1xx_hal_rcc_ex.o
    0x08001908   0x08001908   0x00000168   Code   RO         1717    i.HAL_RCC_ClockConfig  stm32f1xx_hal_rcc.o
    0x08001a70   0x08001a70   0x0000000c   Code   RO         1722    i.HAL_RCC_GetHCLKFreq  stm32f1xx_hal_rcc.o
    0x08001a7c   0x08001a7c   0x00000020   Code   RO         1724    i.HAL_RCC_GetPCLK1Freq  stm32f1xx_hal_rcc.o
    0x08001a9c   0x08001a9c   0x00000020   Code   RO         1725    i.HAL_RCC_GetPCLK2Freq  stm32f1xx_hal_rcc.o
    0x08001abc   0x08001abc   0x0000006c   Code   RO         1726    i.HAL_RCC_GetSysClockFreq  stm32f1xx_hal_rcc.o
    0x08001b28   0x08001b28   0x000002f8   Code   RO         1729    i.HAL_RCC_OscConfig  stm32f1xx_hal_rcc.o
    0x08001e20   0x08001e20   0x00000028   Code   RO         2028    i.HAL_SYSTICK_Config  stm32f1xx_hal_cortex.o
    0x08001e48   0x08001e48   0x00000002   Code   RO         1249    i.HAL_UART_ErrorCallback  stm32f1xx_hal_uart.o
    0x08001e4a   0x08001e4a   0x00000002   PAD
    0x08001e4c   0x08001e4c   0x00000110   Code   RO         1252    i.HAL_UART_IRQHandler  stm32f1xx_hal_uart.o
    0x08001f5c   0x08001f5c   0x00000062   Code   RO         1253    i.HAL_UART_Init     stm32f1xx_hal_uart.o
    0x08001fbe   0x08001fbe   0x00000002   PAD
    0x08001fc0   0x08001fc0   0x00000198   Code   RO          805    i.HAL_UART_MspInit  stm32f1xx_hal_msp.o
    0x08002158   0x08002158   0x00000098   Code   RO         1257    i.HAL_UART_Receive_DMA  stm32f1xx_hal_uart.o
    0x080021f0   0x080021f0   0x00000052   Code   RO         1258    i.HAL_UART_Receive_IT  stm32f1xx_hal_uart.o
    0x08002242   0x08002242   0x00000002   PAD
    0x08002244   0x08002244   0x00000038   Code   RO          431    i.HAL_UART_RxCpltCallback  my_uart.o
    0x0800227c   0x0800227c   0x00000020   Code   RO          432    i.HAL_UART_RxHalfCpltCallback  my_uart.o
    0x0800229c   0x0800229c   0x00000080   Code   RO         1262    i.HAL_UART_Transmit_DMA  stm32f1xx_hal_uart.o
    0x0800231c   0x0800231c   0x00000028   Code   RO          433    i.HAL_UART_TxCpltCallback  my_uart.o
    0x08002344   0x08002344   0x00000002   Code   RO         1265    i.HAL_UART_TxHalfCpltCallback  stm32f1xx_hal_uart.o
    0x08002346   0x08002346   0x00000002   PAD
    0x08002348   0x08002348   0x00000018   Code   RO          695    i.HardFault_Handler  stm32f1xx_it.o
    0x08002360   0x08002360   0x00000008   Code   RO           13    i.LCD1602_1stLine   stm_my_lcd16x2.o
    0x08002368   0x08002368   0x00000008   Code   RO           14    i.LCD1602_2ndLine   stm_my_lcd16x2.o
    0x08002370   0x08002370   0x00000084   Code   RO           15    i.LCD1602_Begin4BIT  stm_my_lcd16x2.o
    0x080023f4   0x080023f4   0x0000002c   Code   RO           17    i.LCD1602_EnablePulse  stm_my_lcd16x2.o
    0x08002420   0x08002420   0x00000014   Code   RO           21    i.LCD1602_RS        stm_my_lcd16x2.o
    0x08002434   0x08002434   0x00000014   Code   RO           23    i.LCD1602_TIM_MicorSecDelay  stm_my_lcd16x2.o
    0x08002448   0x08002448   0x00000012   Code   RO           26    i.LCD1602_clear     stm_my_lcd16x2.o
    0x0800245a   0x0800245a   0x00000002   PAD
    0x0800245c   0x0800245c   0x00000014   Code   RO           29    i.LCD1602_noBlink   stm_my_lcd16x2.o
    0x08002470   0x08002470   0x00000014   Code   RO           30    i.LCD1602_noCursor  stm_my_lcd16x2.o
    0x08002484   0x08002484   0x00000024   Code   RO           32    i.LCD1602_print     stm_my_lcd16x2.o
    0x080024a8   0x080024a8   0x00000018   Code   RO           33    i.LCD1602_setCursor  stm_my_lcd16x2.o
    0x080024c0   0x080024c0   0x000000e4   Code   RO           36    i.LCD1602_write     stm_my_lcd16x2.o
    0x080025a4   0x080025a4   0x00000048   Code   RO           37    i.LCD1602_write4bitCommand  stm_my_lcd16x2.o
    0x080025ec   0x080025ec   0x00000014   Code   RO           38    i.LCD1602_writeCommand  stm_my_lcd16x2.o
    0x08002600   0x08002600   0x00000044   Code   RO          625    i.LcdHandler        main.o
    0x08002644   0x08002644   0x00000014   Code   RO          434    i.LoraReceiveDMA    my_uart.o
    0x08002658   0x08002658   0x00000002   Code   RO          435    i.LoraReceiveIT     my_uart.o
    0x0800265a   0x0800265a   0x00000002   PAD
    0x0800265c   0x0800265c   0x0000004c   Code   RO          626    i.MX_ADC2_Init      main.o
    0x080026a8   0x080026a8   0x000000bc   Code   RO          627    i.MX_GPIO_Init      main.o
    0x08002764   0x08002764   0x0000003c   Code   RO          628    i.MX_USART2_UART_Init  main.o
    0x080027a0   0x080027a0   0x00000002   Code   RO          696    i.MemManage_Handler  stm32f1xx_it.o
    0x080027a2   0x080027a2   0x00000002   Code   RO          697    i.NMI_Handler       stm32f1xx_it.o
    0x080027a4   0x080027a4   0x00000020   Code   RO         2030    i.NVIC_SetPriority  stm32f1xx_hal_cortex.o
    0x080027c4   0x080027c4   0x0000009c   Code   RO          554    i.PH_warning_check  ph_measure.o
    0x08002860   0x08002860   0x00000002   Code   RO          698    i.PendSV_Handler    stm32f1xx_it.o
    0x08002862   0x08002862   0x00000002   PAD
    0x08002864   0x08002864   0x00000014   Code   RO          437    i.SIMReceiveIT      my_uart.o
    0x08002878   0x08002878   0x00000002   Code   RO          699    i.SVC_Handler       stm32f1xx_it.o
    0x0800287a   0x0800287a   0x00000004   Code   RO          700    i.SysTick_Handler   stm32f1xx_it.o
    0x0800287e   0x0800287e   0x0000007a   Code   RO          629    i.SystemClock_Config  main.o
    0x080028f8   0x080028f8   0x00000048   Code   RO         2446    i.SystemInit        system_stm32f1xx.o
    0x08002940   0x08002940   0x00000010   Code   RO         1266    i.UART_DMAAbortOnError  stm32f1xx_hal_uart.o
    0x08002950   0x08002950   0x0000004a   Code   RO         1267    i.UART_DMAError     stm32f1xx_hal_uart.o
    0x0800299a   0x0800299a   0x0000003c   Code   RO         1268    i.UART_DMAReceiveCplt  stm32f1xx_hal_uart.o
    0x080029d6   0x080029d6   0x0000000a   Code   RO         1270    i.UART_DMARxHalfCplt  stm32f1xx_hal_uart.o
    0x080029e0   0x080029e0   0x0000002e   Code   RO         1272    i.UART_DMATransmitCplt  stm32f1xx_hal_uart.o
    0x08002a0e   0x08002a0e   0x0000000a   Code   RO         1274    i.UART_DMATxHalfCplt  stm32f1xx_hal_uart.o
    0x08002a18   0x08002a18   0x0000001c   Code   RO         1276    i.UART_EndRxTransfer  stm32f1xx_hal_uart.o
    0x08002a34   0x08002a34   0x00000012   Code   RO         1277    i.UART_EndTxTransfer  stm32f1xx_hal_uart.o
    0x08002a46   0x08002a46   0x00000096   Code   RO         1278    i.UART_Receive_IT   stm32f1xx_hal_uart.o
    0x08002adc   0x08002adc   0x00000170   Code   RO         1279    i.UART_SetConfig    stm32f1xx_hal_uart.o
    0x08002c4c   0x08002c4c   0x00000062   Code   RO         1280    i.UART_Transmit_IT  stm32f1xx_hal_uart.o
    0x08002cae   0x08002cae   0x00000002   PAD
    0x08002cb0   0x08002cb0   0x00000014   Code   RO          701    i.USART1_IRQHandler  stm32f1xx_it.o
    0x08002cc4   0x08002cc4   0x00000014   Code   RO          702    i.USART2_IRQHandler  stm32f1xx_it.o
    0x08002cd8   0x08002cd8   0x00000002   Code   RO          703    i.UsageFault_Handler  stm32f1xx_it.o
    0x08002cda   0x08002cda   0x00000002   PAD
    0x08002cdc   0x08002cdc   0x00000028   Code   RO         3023    i.__0sprintf        mc_w.l(printfa.o)
    0x08002d04   0x08002d04   0x00000008   Code   RO         3098    i.__aeabi_errno_addr  mc_w.l(errno.o)
    0x08002d0c   0x08002d0c   0x0000000e   Code   RO         3156    i.__scatterload_copy  mc_w.l(handlers.o)
    0x08002d1a   0x08002d1a   0x00000002   Code   RO         3157    i.__scatterload_null  mc_w.l(handlers.o)
    0x08002d1c   0x08002d1c   0x0000000e   Code   RO         3158    i.__scatterload_zeroinit  mc_w.l(handlers.o)
    0x08002d2a   0x08002d2a   0x00000002   PAD
    0x08002d2c   0x08002d2c   0x00000184   Code   RO         3028    i._fp_digits        mc_w.l(printfa.o)
    0x08002eb0   0x08002eb0   0x000006dc   Code   RO         3029    i._printf_core      mc_w.l(printfa.o)
    0x0800358c   0x0800358c   0x00000024   Code   RO         3030    i._printf_post_padding  mc_w.l(printfa.o)
    0x080035b0   0x080035b0   0x0000002e   Code   RO         3031    i._printf_pre_padding  mc_w.l(printfa.o)
    0x080035de   0x080035de   0x0000000a   Code   RO         3033    i._sputc            mc_w.l(printfa.o)
    0x080035e8   0x080035e8   0x00000070   Code   RO          498    i.distance_measure_process  ultrasonic.o
    0x08003658   0x08003658   0x00000064   Code   RO          499    i.distance_warning_check  ultrasonic.o
    0x080036bc   0x080036bc   0x00000030   Code   RO          500    i.dt_average        ultrasonic.o
    0x080036ec   0x080036ec   0x0000002c   Code   RO          501    i.dt_log_shif       ultrasonic.o
    0x08003718   0x08003718   0x00000030   Code   RO          315    i.hlp_convert       hl_printf.o
    0x08003748   0x08003748   0x0000000e   Code   RO          316    i.hlp_putchar       hl_printf.o
    0x08003756   0x08003756   0x00000028   Code   RO          317    i.hlp_puts          hl_printf.o
    0x0800377e   0x0800377e   0x00000012   Code   RO         2609    i.isPhonenumberCharacter  sim_callback.o
    0x08003790   0x08003790   0x000000d0   Code   RO          357    i.lora_decode       lora.o
    0x08003860   0x08003860   0x0000000c   Code   RO          358    i.lora_is_connected  lora.o
    0x0800386c   0x0800386c   0x00000068   Code   RO          361    i.lora_receive_process  lora.o
    0x080038d4   0x080038d4   0x00000020   Code   RO          362    i.lora_send_data    lora.o
    0x080038f4   0x080038f4   0x000003d4   Code   RO          630    i.main              main.o
    0x08003cc8   0x08003cc8   0x0000009c   Code   RO          502    i.measure_distance  ultrasonic.o
    0x08003d64   0x08003d64   0x00000028   Code   RO          555    i.ph_log_average    ph_measure.o
    0x08003d8c   0x08003d8c   0x0000002c   Code   RO          556    i.ph_log_shif       ph_measure.o
    0x08003db8   0x08003db8   0x000000b0   Code   RO          557    i.ph_measure_process  ph_measure.o
    0x08003e68   0x08003e68   0x00000010   Code   RO          597    i.ring_buffer_clear  ring_buffer.o
    0x08003e78   0x08003e78   0x00000042   Code   RO          598    i.ring_buffer_pop   ring_buffer.o
    0x08003eba   0x08003eba   0x00000032   Code   RO          599    i.ring_buffer_push  ring_buffer.o
    0x08003eec   0x08003eec   0x00000020   Code   RO         2483    i.sim_async_init    sim.o
    0x08003f0c   0x08003f0c   0x0000004c   Code   RO         2484    i.sim_async_sendmsg  sim.o
    0x08003f58   0x08003f58   0x0000000c   Code   RO         2612    i.sim_clear_buffer  sim_callback.o
    0x08003f64   0x08003f64   0x00000002   Code   RO         2613    i.sim_cmd_failed_callback  sim_callback.o
    0x08003f66   0x08003f66   0x00000002   PAD
    0x08003f68   0x08003f68   0x0000000c   Code   RO         2615    i.sim_init_failed_callback  sim_callback.o
    0x08003f74   0x08003f74   0x00000074   Code   RO         2616    i.sim_init_ok_callback  sim_callback.o
    0x08003fe8   0x08003fe8   0x000000d8   Code   RO         2486    i.sim_init_step_process  sim.o
    0x080040c0   0x080040c0   0x0000001c   Code   RO         2487    i.sim_is_init_ok    sim.o
    0x080040dc   0x080040dc   0x0000000c   Code   RO         2488    i.sim_is_initializing  sim.o
    0x080040e8   0x080040e8   0x0000000c   Code   RO         2489    i.sim_is_sendingMsg  sim.o
    0x080040f4   0x080040f4   0x00000070   Code   RO         2490    i.sim_msg_follow_at_cmd  sim.o
    0x08004164   0x08004164   0x00000040   Code   RO         2491    i.sim_msg_follow_content  sim.o
    0x080041a4   0x080041a4   0x00000070   Code   RO         2492    i.sim_msg_write_content  sim.o
    0x08004214   0x08004214   0x00000040   Code   RO         2493    i.sim_off           sim.o
    0x08004254   0x08004254   0x00000044   Code   RO         2494    i.sim_poll          sim.o
    0x08004298   0x08004298   0x000001c0   Code   RO         2495    i.sim_poll_init     sim.o
    0x08004458   0x08004458   0x0000004c   Code   RO         2496    i.sim_poll_send_msg  sim.o
    0x080044a4   0x080044a4   0x000000b0   Code   RO         2746    i.sim_printf        sim_port.o
    0x08004554   0x08004554   0x0000000e   Code   RO         2497    i.sim_process       sim.o
    0x08004562   0x08004562   0x00000002   PAD
    0x08004564   0x08004564   0x0000016c   Code   RO         2620    i.sim_receive_decode  sim_callback.o
    0x080046d0   0x080046d0   0x000000a8   Code   RO         2621    i.sim_receive_process  sim_callback.o
    0x08004778   0x08004778   0x00000068   Code   RO         2498    i.sim_retry_init    sim.o
    0x080047e0   0x080047e0   0x00000014   Code   RO         2622    i.sim_ring_callback  sim_callback.o
    0x080047f4   0x080047f4   0x00000020   Code   RO         2747    i.sim_send_data     sim_port.o
    0x08004814   0x08004814   0x00000048   Code   RO         2499    i.sim_sendmsg_at    sim.o
    0x0800485c   0x0800485c   0x00000014   Code   RO         2625    i.sim_sms_send_msg_failed_callback  sim_callback.o
    0x08004870   0x08004870   0x00000018   Code   RO         2626    i.sim_sms_send_msg_ok_callback  sim_callback.o
    0x08004888   0x08004888   0x00000010   Data   RO         2447    .constdata          system_stm32f1xx.o
    0x08004898   0x08004898   0x00000008   Data   RO         2448    .constdata          system_stm32f1xx.o
    0x080048a0   0x080048a0   0x00000081   Data   RO         3122    .constdata          mc_w.l(ctype_o.o)
    0x08004921   0x08004921   0x00000003   PAD
    0x08004924   0x08004924   0x00000004   Data   RO         3123    .constdata          mc_w.l(ctype_o.o)
    0x08004928   0x08004928   0x00000020   Data   RO         3154    Region$$Table       anon$$obj.o


    Execution Region RW_IRAM1 (Exec base: 0x20000000, Load base: 0x08004948, Size: 0x00003de8, Max: 0x00005000, ABSOLUTE)

    Exec Addr    Load Addr    Size         Type   Attr      Idx    E Section Name        Object

    0x20000000   0x08004948   0x00000024   Data   RW           39    .data               stm_my_lcd16x2.o
    0x20000024   0x0800496c   0x00000011   Data   RW          320    .data               hl_printf.o
    0x20000035   0x0800497d   0x00000003   PAD
    0x20000038   0x08004980   0x00000008   Data   RW          364    .data               lora.o
    0x20000040   0x08004988   0x00000008   Data   RW          438    .data               my_uart.o
    0x20000048   0x08004990   0x0000000c   Data   RW          504    .data               ultrasonic.o
    0x20000054   0x0800499c   0x00000010   Data   RW          559    .data               ph_measure.o
    0x20000064   0x080049ac   0x00000024   Data   RW          636    .data               main.o
    0x20000088   0x080049d0   0x0000000c   Data   RW         1577    .data               stm32f1xx_hal.o
    0x20000094   0x080049dc   0x00000004   Data   RW         2449    .data               system_stm32f1xx.o
    0x20000098   0x080049e0   0x00000028   Data   RW         2501    .data               sim.o
    0x200000c0   0x08004a08   0x00000004   Data   RW         3101    .data               mc_w.l(errno.o)
    0x200000c4        -       0x00000032   Zero   RW          319    .bss                hl_printf.o
    0x200000f6   0x08004a0c   0x00000002   PAD
    0x200000f8        -       0x00000c90   Zero   RW          363    .bss                lora.o
    0x20000d88        -       0x00000028   Zero   RW          503    .bss                ultrasonic.o
    0x20000db0        -       0x00000050   Zero   RW          558    .bss                ph_measure.o
    0x20000e00        -       0x000000bc   Zero   RW          631    .bss                main.o
    0x20000ebc        -       0x00000044   Zero   RW          632    .bss                main.o
    0x20000f00        -       0x00000044   Zero   RW          633    .bss                main.o
    0x20000f44        -       0x00000044   Zero   RW          634    .bss                main.o
    0x20000f88        -       0x00000044   Zero   RW          635    .bss                main.o
    0x20000fcc        -       0x00000094   Zero   RW         2500    .bss                sim.o
    0x20001060        -       0x00000d84   Zero   RW         2628    .bss                sim_callback.o
    0x20001de4   0x08004a0c   0x00000004   PAD
    0x20001de8        -       0x00002000   Zero   RW            1    STACK               startup_stm32f103xb.o


==============================================================================

Image component sizes


      Code (inc. data)   RO Data    RW Data    ZI Data      Debug   Object Name

       108         20          0          0          0       1032   dwt_stm32_delay.o
       102         10          0         17         50       2471   hl_printf.o
       356         42          0          8       3216       4638   lora.o
      1496        300          0         36        460       6207   main.o
       170         66          0          8          0       3505   my_uart.o
       416         90          0         16         80       3419   ph_measure.o
       132          0          0          0          0       2025   ring_buffer.o
      1510        372          0         40        148      10200   sim.o
       756        226          0          0       3460       7545   sim_callback.o
       208         42          0          0          0       1716   sim_port.o
        36          8        236          0       8192        800   startup_stm32f103xb.o
       164         28          0         12          0       5865   stm32f1xx_hal.o
      1224         58          0          0          0       6524   stm32f1xx_hal_adc.o
       194         14          0          0          0      25691   stm32f1xx_hal_cortex.o
       742         36          0          0          0       4294   stm32f1xx_hal_dma.o
       476         34          0          0          0       3479   stm32f1xx_hal_gpio.o
        92          0          0          0          0       1691   stm32f1xx_hal_iwdg.o
       556         56          0          0          0       2661   stm32f1xx_hal_msp.o
      1304        102          0          0          0       5768   stm32f1xx_hal_rcc.o
       428         44          0          0          0       2605   stm32f1xx_hal_rcc_ex.o
      1614         36          0          0          0      12330   stm32f1xx_hal_uart.o
       130         44          0          0          0       6438   stm32f1xx_it.o
       670         36          0         36          0     427907   stm_my_lcd16x2.o
        72         16         24          4          0       1147   system_stm32f1xx.o
       460         64          0         12         40       6080   ultrasonic.o

    ----------------------------------------------------------------------
     13446       1744        292        192      15652     556038   Object Totals
         0          0         32          0          0          0   (incl. Generated)
        30          0          0          3          6          0   (incl. Padding)

    ----------------------------------------------------------------------

      Code (inc. data)   RO Data    RW Data    ZI Data      Debug   Library Member Name

        28          0          0          0          0         68   _chval.o
       158          0          0          0          0         92   _strtoul.o
        26          0          0          0          0         80   atoi.o
         8          4        133          0          0         68   ctype_o.o
         0          0          0          0          0          0   entry.o
         0          0          0          0          0          0   entry10a.o
         0          0          0          0          0          0   entry11a.o
         8          4          0          0          0          0   entry2.o
         4          0          0          0          0          0   entry5.o
         0          0          0          0          0          0   entry7b.o
         0          0          0          0          0          0   entry8b.o
         8          4          0          0          0          0   entry9a.o
         8          4          0          4          0         68   errno.o
        30          0          0          0          0          0   handlers.o
        36          8          0          0          0         68   init.o
         0          0          0          0          0          0   iusefp.o
        30          0          0          0          0         68   llshl.o
        36          0          0          0          0         68   llsshr.o
        32          0          0          0          0         68   llushr.o
        36          0          0          0          0        108   memseta.o
      2276         86          0          0          0        520   printfa.o
        28          0          0          0          0         76   strcmp.o
        18          0          0          0          0         68   strcpy.o
        14          0          0          0          0         68   strlen.o
        36          0          0          0          0         80   strstr.o
       112          0          0          0          0         88   strtol.o
        44          0          0          0          0         80   uidiv.o
        98          0          0          0          0         92   uldiv.o
        48          0          0          0          0         68   cdrcmple.o
        56          0          0          0          0         88   d2f.o
       334          0          0          0          0        148   dadd.o
       222          0          0          0          0        100   ddiv.o
       186          0          0          0          0        176   depilogue.o
        62          0          0          0          0         80   dfixi.o
        48          0          0          0          0         68   dfixul.o
        26          0          0          0          0         76   dfltui.o
       228          0          0          0          0         96   dmul.o
        38          0          0          0          0         68   f2d.o
       176          0          0          0          0        140   fadd.o
       124          0          0          0          0         88   fdiv.o
       110          0          0          0          0        168   fepilogue.o
        50          0          0          0          0         68   ffixi.o
       100          0          0          0          0         76   fmul.o

    ----------------------------------------------------------------------
      4886        110        136          4          0       3336   Library Totals
         4          0          3          0          0          0   (incl. Padding)

    ----------------------------------------------------------------------

      Code (inc. data)   RO Data    RW Data    ZI Data      Debug   Library Name

      3074        110        133          4          0       1828   mc_w.l
      1808          0          0          0          0       1508   mf_w.l

    ----------------------------------------------------------------------
      4886        110        136          4          0       3336   Library Totals

    ----------------------------------------------------------------------

==============================================================================


      Code (inc. data)   RO Data    RW Data    ZI Data      Debug   

     18332       1854        428        196      15652     550166   Grand Totals
     18332       1854        428        196      15652     550166   ELF Image Totals
     18332       1854        428        196          0          0   ROM Totals

==============================================================================

    Total RO  Size (Code + RO Data)                18760 (  18.32kB)
    Total RW  Size (RW Data + ZI Data)             15848 (  15.48kB)
    Total ROM Size (Code + RO Data + RW Data)      18956 (  18.51kB)

==============================================================================

